:~$ cd /var/www/html
gamut@gamutgurus:/var/www/html$ mkdir git
mkdir: cannot create directory ‘git’: Permission denied
gamut@gamutgurus:/var/www/html$ sudo su
[sudo] password for gamut: 
root@gamutgurus:/var/www/html# mkdir git
root@gamutgurus:/var/www/html# ls
git  index.html
root@gamutgurus:/var/www/html# sudo chgrp -R www-data /var/www/html/git
root@gamutgurus:/var/www/html#  chgrp -R www-data /var/www/html/git
root@gamutgurus:/var/www/html# sudo chgrp -R www-data /var/www/html/git
root@gamutgurus:/var/www/html# ssh username
ssh: Could not resolve hostname username: No address associated with hostname
root@gamutgurus:/var/www/html# ssh username = "gamutgurus"
ssh: Could not resolve hostname username: No address associated with hostname
root@gamutgurus:/var/www/html# ls-ld webapps/
ls-ld: command not found
root@gamutgurus:/var/www/html# ls -ld webapps/
ls: cannot access 'webapps/': No such file or directory
root@gamutgurus:/var/www/html# chmod 777 -R apache2-tomcat-8.5.11
chmod: cannot access 'apache2-tomcat-8.5.11': No such file or directory
root@gamutgurus:/var/www/html# exit
exit
gamut@gamutgurus:/var/www/html$ ls
git  index.html
gamut@gamutgurus:/var/www/html$ cd gir
bash: cd: gir: No such file or directory
gamut@gamutgurus:/var/www/html$ cd git
gamut@gamutgurus:/var/www/html/git$  chgrp -R www-data /var/www/html/gitchgrp: changing group of '/var/www/html/git': Operation not permitted
gamut@gamutgurus:/var/www/html/git$ sudo chgrp -R www-data /var/www/html/git[sudo] password for gamut: 
gamut@gamutgurus:/var/www/html/git$ cd git
bash: cd: git: No such file or directory
gamut@gamutgurus:/var/www/html/git$ cd .
gamut@gamutgurus:/var/www/html/git$ mkdir git
mkdir: cannot create directory ‘git’: Permission denied
gamut@gamutgurus:/var/www/html/git$ git init --bared --shared supriya.git
error: unknown option `bared'
usage: git init [-q | --quiet] [--bare] [--template=<template-directory>] [--shared[=<permissions>]] [<directory>]

    --template <template-directory>
                          directory from which templates will be used
    --bare                create a bare repository
    --shared[=<permissions>]
                          specify that the git repository is to be shared amongst several users
    -q, --quiet           be quiet
    --separate-git-dir <gitdir>
                          separate git dir from working tree

gamut@gamutgurus:/var/www/html/git$ mkdir supriya.git
mkdir: cannot create directory ‘supriya.git’: Permission denied
gamut@gamutgurus:/var/www/html/git$ git init --bared --shared supriya.git
error: unknown option `bared'
usage: git init [-q | --quiet] [--bare] [--template=<template-directory>] [--shared[=<permissions>]] [<directory>]

    --template <template-directory>
                          directory from which templates will be used
    --bare                create a bare repository
    --shared[=<permissions>]
                          specify that the git repository is to be shared amongst several users
    -q, --quiet           be quiet
    --separate-git-dir <gitdir>
                          separate git dir from working tree

gamut@gamutgurus:/var/www/html/git$ sudo mkdir supriya.git
gamut@gamutgurus:/var/www/html/git$ git init --bared --shared
error: unknown option `bared'
usage: git init [-q | --quiet] [--bare] [--template=<template-directory>] [--shared[=<permissions>]] [<directory>]

    --template <template-directory>
                          directory from which templates will be used
    --bare                create a bare repository
    --shared[=<permissions>]
                          specify that the git repository is to be shared amongst several users
    -q, --quiet           be quiet
    --separate-git-dir <gitdir>
                          separate git dir from working tree

gamut@gamutgurus:/var/www/html/git$ sudo git init --bared --shared
error: unknown option `bared'
usage: git init [-q | --quiet] [--bare] [--template=<template-directory>] [--shared[=<permissions>]] [<directory>]

    --template <template-directory>
                          directory from which templates will be used
    --bare                create a bare repository
    --shared[=<permissions>]
                          specify that the git repository is to be shared amongst several users
    -q, --quiet           be quiet
    --separate-git-dir <gitdir>
                          separate git dir from working tree

gamut@gamutgurus:/var/www/html/git$ sudo git init --bare --shared
Initialized empty shared Git repository in /var/www/html/git/
gamut@gamutgurus:/var/www/html/git$ sudo git init --bare --shared supriya.git
[sudo] password for gamut: 
Initialized empty shared Git repository in /var/www/html/git/supriya.git/
gamut@gamutgurus:/var/www/html/git$ 
gamut@gamutgurus:/var/www/html/git$ 
gamut@gamutgurus:/var/www/html/git$ 
gamut@gamutgurus:/var/www/html/git$ 
gamut@gamutgurus:/var/www/html/git$ apache2.conf
apache2.conf: command not found
gamut@gamutgurus:/var/www/html/git$ cd ..
gamut@gamutgurus:/var/www/html$ apache2.conf
apache2.conf: command not found
gamut@gamutgurus:/var/www/html$ cd 
gamut@gamutgurus:~$ cd etc/apache2/sites-enabled/000-default.conf
bash: cd: etc/apache2/sites-enabled/000-default.conf: No such file or directory
gamut@gamutgurus:~$ sudo cd etc/apache2/sites-enabled/000-default.conf
sudo: cd: command not found
gamut@gamutgurus:~$ cd git
bash: cd: git: No such file or directory
gamut@gamutgurus:~$ cd var/www/html/git
bash: cd: var/www/html/git: No such file or directory
gamut@gamutgurus:~$ cd /var/www/html/git
gamut@gamutgurus:/var/www/html/git$ ls
branches  config  description  HEAD  hooks  info  objects  refs  supriya.git
gamut@gamutgurus:/var/www/html/git$ vim config
gamut@gamutgurus:/var/www/html/git$ cd supriya.git/
gamut@gamutgurus:/var/www/html/git/supriya.git$ ls
branches  config  description  HEAD  hooks  info  objects  refs
gamut@gamutgurus:/var/www/html/git/supriya.git$ vim config 
gamut@gamutgurus:/var/www/html/git/supriya.git$ cd 
gamut@gamutgurus:~$ /etc/
bash: /etc/: Is a directory
gamut@gamutgurus:~$ /etc/ap
apache2/    apparmor/   apport/     aptdaemon/  
apm/        apparmor.d/ apt/        
gamut@gamutgurus:~$ /etc/apache2
bash: /etc/apache2: Is a directory
gamut@gamutgurus:~$ cd /etc/ap
apache2/    apparmor/   apport/     aptdaemon/  
apm/        apparmor.d/ apt/        
gamut@gamutgurus:~$ cd /etc/apache2
gamut@gamutgurus:/etc/apache2$ ls
apache2.conf    conf-enabled  magic           mods-enabled  sites-available
conf-available  envvars       mods-available  ports.conf    sites-enabled
gamut@gamutgurus:/etc/apache2$ cd sites-enabled/
gamut@gamutgurus:/etc/apache2/sites-enabled$ ls
000-default.conf
gamut@gamutgurus:/etc/apache2/sites-enabled$ vim 000-default.conf 

[1]+  Stopped                 vim 000-default.conf
gamut@gamutgurus:/etc/apache2/sites-enabled$ chmod 777 000-default.conf 
chmod: changing permissions of '000-default.conf': Operation not permitted
gamut@gamutgurus:/etc/apache2/sites-enabled$ chmod 755 000-default.conf 
chmod: changing permissions of '000-default.conf': Operation not permitted
gamut@gamutgurus:/etc/apache2/sites-enabled$ chmod -x+o 000-default.conf 
chmod: changing permissions of '000-default.conf': Operation not permitted
gamut@gamutgurus:/etc/apache2/sites-enabled$ vim 000-default.conf 

[2]+  Stopped                 vim 000-default.conf
gamut@gamutgurus:/etc/apache2/sites-enabled$ sudo vim 000-default.conf 
[sudo] password for gamut: 
gamut@gamutgurus:/etc/apache2/sites-enabled$ sudo vim 000-default.conf 
gamut@gamutgurus:/etc/apache2/sites-enabled$ vim 000-default.conf 

[3]+  Stopped                 vim 000-default.conf
gamut@gamutgurus:/etc/apache2/sites-enabled$ sudo vim 000-default.conf 
gamut@gamutgurus:/etc/apache2/sites-enabled$ cd 
gamut@gamutgurus:~$ htpasswd –c /var/www/html/htpasswd gamut1
Usage:
	htpasswd [-cimBdpsDv] [-C cost] passwordfile username
	htpasswd -b[cmBdpsDv] [-C cost] passwordfile username password

	htpasswd -n[imBdps] [-C cost] username
	htpasswd -nb[mBdps] [-C cost] username password
 -c  Create a new file.
 -n  Don't update file; display results on stdout.
 -b  Use the password from the command line rather than prompting for it.
 -i  Read password from stdin without verification (for script usage).
 -m  Force MD5 encryption of the password (default).
 -B  Force bcrypt encryption of the password (very secure).
 -C  Set the computing time used for the bcrypt algorithm
     (higher is more secure but slower, default: 5, valid: 4 to 31).
 -d  Force CRYPT encryption of the password (8 chars max, insecure).
 -s  Force SHA encryption of the password (insecure).
 -p  Do not encrypt the password (plaintext, insecure).
 -D  Delete the specified user.
 -v  Verify password for the specified user.
On other systems than Windows and NetWare the '-p' flag will probably not work.
The SHA algorithm does not use a salt and is less secure than the MD5 algorithm.
gamut@gamutgurus:~$ sudo htpasswd –c /var/www/html/htpasswd gamut1
Usage:
	htpasswd [-cimBdpsDv] [-C cost] passwordfile username
	htpasswd -b[cmBdpsDv] [-C cost] passwordfile username password

	htpasswd -n[imBdps] [-C cost] username
	htpasswd -nb[mBdps] [-C cost] username password
 -c  Create a new file.
 -n  Don't update file; display results on stdout.
 -b  Use the password from the command line rather than prompting for it.
 -i  Read password from stdin without verification (for script usage).
 -m  Force MD5 encryption of the password (default).
 -B  Force bcrypt encryption of the password (very secure).
 -C  Set the computing time used for the bcrypt algorithm
     (higher is more secure but slower, default: 5, valid: 4 to 31).
 -d  Force CRYPT encryption of the password (8 chars max, insecure).
 -s  Force SHA encryption of the password (insecure).
 -p  Do not encrypt the password (plaintext, insecure).
 -D  Delete the specified user.
 -v  Verify password for the specified user.
On other systems than Windows and NetWare the '-p' flag will probably not work.
The SHA algorithm does not use a salt and is less secure than the MD5 algorithm.
gamut@gamutgurus:~$ htpasswd –c /var/www/html/htpasswd gamut1
Usage:
	htpasswd [-cimBdpsDv] [-C cost] passwordfile username
	htpasswd -b[cmBdpsDv] [-C cost] passwordfile username password

	htpasswd -n[imBdps] [-C cost] username
	htpasswd -nb[mBdps] [-C cost] username password
 -c  Create a new file.
 -n  Don't update file; display results on stdout.
 -b  Use the password from the command line rather than prompting for it.
 -i  Read password from stdin without verification (for script usage).
 -m  Force MD5 encryption of the password (default).
 -B  Force bcrypt encryption of the password (very secure).
 -C  Set the computing time used for the bcrypt algorithm
     (higher is more secure but slower, default: 5, valid: 4 to 31).
 -d  Force CRYPT encryption of the password (8 chars max, insecure).
 -s  Force SHA encryption of the password (insecure).
 -p  Do not encrypt the password (plaintext, insecure).
 -D  Delete the specified user.
 -v  Verify password for the specified user.
On other systems than Windows and NetWare the '-p' flag will probably not work.
The SHA algorithm does not use a salt and is less secure than the MD5 algorithm.
gamut@gamutgurus:~$ htpasswd -b[cmBdpsDv] [-C cost] passwordfile gamut gamut
htpasswd: illegal option -- [
Usage:
	htpasswd [-cimBdpsDv] [-C cost] passwordfile username
	htpasswd -b[cmBdpsDv] [-C cost] passwordfile username password

	htpasswd -n[imBdps] [-C cost] username
	htpasswd -nb[mBdps] [-C cost] username password
 -c  Create a new file.
 -n  Don't update file; display results on stdout.
 -b  Use the password from the command line rather than prompting for it.
 -i  Read password from stdin without verification (for script usage).
 -m  Force MD5 encryption of the password (default).
 -B  Force bcrypt encryption of the password (very secure).
 -C  Set the computing time used for the bcrypt algorithm
     (higher is more secure but slower, default: 5, valid: 4 to 31).
 -d  Force CRYPT encryption of the password (8 chars max, insecure).
 -s  Force SHA encryption of the password (insecure).
 -p  Do not encrypt the password (plaintext, insecure).
 -D  Delete the specified user.
 -v  Verify password for the specified user.
On other systems than Windows and NetWare the '-p' flag will probably not work.
The SHA algorithm does not use a salt and is less secure than the MD5 algorithm.
gamut@gamutgurus:~$ htpasswd -b[gamut] [-C 5] passwordfile gamut gamut
htpasswd: illegal option -- [
Usage:
	htpasswd [-cimBdpsDv] [-C cost] passwordfile username
	htpasswd -b[cmBdpsDv] [-C cost] passwordfile username password

	htpasswd -n[imBdps] [-C cost] username
	htpasswd -nb[mBdps] [-C cost] username password
 -c  Create a new file.
 -n  Don't update file; display results on stdout.
 -b  Use the password from the command line rather than prompting for it.
 -i  Read password from stdin without verification (for script usage).
 -m  Force MD5 encryption of the password (default).
 -B  Force bcrypt encryption of the password (very secure).
 -C  Set the computing time used for the bcrypt algorithm
     (higher is more secure but slower, default: 5, valid: 4 to 31).
 -d  Force CRYPT encryption of the password (8 chars max, insecure).
 -s  Force SHA encryption of the password (insecure).
 -p  Do not encrypt the password (plaintext, insecure).
 -D  Delete the specified user.
 -v  Verify password for the specified user.
On other systems than Windows and NetWare the '-p' flag will probably not work.
The SHA algorithm does not use a salt and is less secure than the MD5 algorithm.
gamut@gamutgurus:~$ htpasswd –c /var/www/html/htpasswd gamut1 gamut
Usage:
	htpasswd [-cimBdpsDv] [-C cost] passwordfile username
	htpasswd -b[cmBdpsDv] [-C cost] passwordfile username password

	htpasswd -n[imBdps] [-C cost] username
	htpasswd -nb[mBdps] [-C cost] username password
 -c  Create a new file.
 -n  Don't update file; display results on stdout.
 -b  Use the password from the command line rather than prompting for it.
 -i  Read password from stdin without verification (for script usage).
 -m  Force MD5 encryption of the password (default).
 -B  Force bcrypt encryption of the password (very secure).
 -C  Set the computing time used for the bcrypt algorithm
     (higher is more secure but slower, default: 5, valid: 4 to 31).
 -d  Force CRYPT encryption of the password (8 chars max, insecure).
 -s  Force SHA encryption of the password (insecure).
 -p  Do not encrypt the password (plaintext, insecure).
 -D  Delete the specified user.
 -v  Verify password for the specified user.
On other systems than Windows and NetWare the '-p' flag will probably not work.
The SHA algorithm does not use a salt and is less secure than the MD5 algorithm.
gamut@gamutgurus:~$ htpasswd –c /var/www/html/htpasswd gamut gamut
Usage:
	htpasswd [-cimBdpsDv] [-C cost] passwordfile username
	htpasswd -b[cmBdpsDv] [-C cost] passwordfile username password

	htpasswd -n[imBdps] [-C cost] username
	htpasswd -nb[mBdps] [-C cost] username password
 -c  Create a new file.
 -n  Don't update file; display results on stdout.
 -b  Use the password from the command line rather than prompting for it.
 -i  Read password from stdin without verification (for script usage).
 -m  Force MD5 encryption of the password (default).
 -B  Force bcrypt encryption of the password (very secure).
 -C  Set the computing time used for the bcrypt algorithm
     (higher is more secure but slower, default: 5, valid: 4 to 31).
 -d  Force CRYPT encryption of the password (8 chars max, insecure).
 -s  Force SHA encryption of the password (insecure).
 -p  Do not encrypt the password (plaintext, insecure).
 -D  Delete the specified user.
 -v  Verify password for the specified user.
On other systems than Windows and NetWare the '-p' flag will probably not work.
The SHA algorithm does not use a salt and is less secure than the MD5 algorithm.
gamut@gamutgurus:~$ htpasswd –nb /var/www/html/htpasswd gamut gamut
Usage:
	htpasswd [-cimBdpsDv] [-C cost] passwordfile username
	htpasswd -b[cmBdpsDv] [-C cost] passwordfile username password

	htpasswd -n[imBdps] [-C cost] username
	htpasswd -nb[mBdps] [-C cost] username password
 -c  Create a new file.
 -n  Don't update file; display results on stdout.
 -b  Use the password from the command line rather than prompting for it.
 -i  Read password from stdin without verification (for script usage).
 -m  Force MD5 encryption of the password (default).
 -B  Force bcrypt encryption of the password (very secure).
 -C  Set the computing time used for the bcrypt algorithm
     (higher is more secure but slower, default: 5, valid: 4 to 31).
 -d  Force CRYPT encryption of the password (8 chars max, insecure).
 -s  Force SHA encryption of the password (insecure).
 -p  Do not encrypt the password (plaintext, insecure).
 -D  Delete the specified user.
 -v  Verify password for the specified user.
On other systems than Windows and NetWare the '-p' flag will probably not work.
The SHA algorithm does not use a salt and is less secure than the MD5 algorithm.
gamut@gamutgurus:~$ sudo htpasswd  /var/www/html/htpasswd gamut1
htpasswd: cannot modify file /var/www/html/htpasswd; use '-c' to create it
gamut@gamutgurus:~$ sudo htpasswd –c /var/www/html/htpasswd gamut gamut
Usage:
	htpasswd [-cimBdpsDv] [-C cost] passwordfile username
	htpasswd -b[cmBdpsDv] [-C cost] passwordfile username password

	htpasswd -n[imBdps] [-C cost] username
	htpasswd -nb[mBdps] [-C cost] username password
 -c  Create a new file.
 -n  Don't update file; display results on stdout.
 -b  Use the password from the command line rather than prompting for it.
 -i  Read password from stdin without verification (for script usage).
 -m  Force MD5 encryption of the password (default).
 -B  Force bcrypt encryption of the password (very secure).
 -C  Set the computing time used for the bcrypt algorithm
     (higher is more secure but slower, default: 5, valid: 4 to 31).
 -d  Force CRYPT encryption of the password (8 chars max, insecure).
 -s  Force SHA encryption of the password (insecure).
 -p  Do not encrypt the password (plaintext, insecure).
 -D  Delete the specified user.
 -v  Verify password for the specified user.
On other systems than Windows and NetWare the '-p' flag will probably not work.
The SHA algorithm does not use a salt and is less secure than the MD5 algorithm.
gamut@gamutgurus:~$ sudo htpasswd –c /var/www/html/htpasswd gamut1
Usage:
	htpasswd [-cimBdpsDv] [-C cost] passwordfile username
	htpasswd -b[cmBdpsDv] [-C cost] passwordfile username password

	htpasswd -n[imBdps] [-C cost] username
	htpasswd -nb[mBdps] [-C cost] username password
 -c  Create a new file.
 -n  Don't update file; display results on stdout.
 -b  Use the password from the command line rather than prompting for it.
 -i  Read password from stdin without verification (for script usage).
 -m  Force MD5 encryption of the password (default).
 -B  Force bcrypt encryption of the password (very secure).
 -C  Set the computing time used for the bcrypt algorithm
     (higher is more secure but slower, default: 5, valid: 4 to 31).
 -d  Force CRYPT encryption of the password (8 chars max, insecure).
 -s  Force SHA encryption of the password (insecure).
 -p  Do not encrypt the password (plaintext, insecure).
 -D  Delete the specified user.
 -v  Verify password for the specified user.
On other systems than Windows and NetWare the '-p' flag will probably not work.
The SHA algorithm does not use a salt and is less secure than the MD5 algorithm.
gamut@gamutgurus:~$ sudo vim 000

[4]+  Stopped                 sudo vim 000
gamut@gamutgurus:~$ cd /var/www/html/git
gamut@gamutgurus:/var/www/html/git$ ls
branches  config  description  HEAD  hooks  info  objects  refs  supriya.git
gamut@gamutgurus:/var/www/html/git$ sudo vim config
gamut@gamutgurus:/var/www/html/git$ cd 
gamut@gamutgurus:~$ /etc/apache2
bash: /etc/apache2: Is a directory
gamut@gamutgurus:~$ cd /etc/apache2
gamut@gamutgurus:/etc/apache2$ cd sites-enabled/
gamut@gamutgurus:/etc/apache2/sites-enabled$ ls
000-default.conf
gamut@gamutgurus:/etc/apache2/sites-enabled$ sudo vim 000-default.conf 
gamut@gamutgurus:/etc/apache2/sites-enabled$ cd 
gamut@gamutgurus:~$ htpasswd -c /var/www/html/htpasswd gamut1
htpasswd: cannot create file /var/www/html/htpasswd
gamut@gamutgurus:~$ sudo htpasswd -c /var/www/html/htpasswd gamut1
New password: 
Re-type new password: 
Adding password for user gamut1
gamut@gamutgurus:~$ sudo htpasswd /var/www/html/htpasswd gamut1
New password: 
Re-type new password: 
Updating password for user gamut1
gamut@gamutgurus:~$ service apache2 restart
gamut@gamutgurus:~$ git clone http://192.168.31.68/supriya.git
Cloning into 'supriya'...
fatal: repository 'http://192.168.31.68/supriya.git/' not found
gamut@gamutgurus:~$ git clone http://192.168.31.68/git/supriya.git
Cloning into 'supriya'...
Username for 'http://192.168.31.68': gamut1
Password for 'http://gamut1@192.168.31.68': 
warning: You appear to have cloned an empty repository.
Checking connectivity... done.
gamut@gamutgurus:~$ ls
apt-transport-https  Documents         Music                       subversion
ca-certificates      Downloads         practice                    supriya
commercial           examples.desktop  project                     Templates
curl                 first             project.git                 Videos
Desktop              initial           software-properties-common
gamut@gamutgurus:~$ cd supriya.git
bash: cd: supriya.git: No such file or directory
gamut@gamutgurus:~$ cd supriya
gamut@gamutgurus:~/supriya$ ls
gamut@gamutgurus:~/supriya$ cd ..
gamut@gamutgurus:~$ ls
apt-transport-https  Documents         Music                       subversion
ca-certificates      Downloads         practice                    supriya
commercial           examples.desktop  project                     Templates
curl                 first             project.git                 Videos
Desktop              initial           software-properties-common
gamut@gamutgurus:~$ cd supriya/
gamut@gamutgurus:~/supriya$ ls
gamut@gamutgurus:~/supriya$ ^C
gamut@gamutgurus:~/supriya$ ^C
gamut@gamutgurus:~/supriya$ ^C
gamut@gamutgurus:~/supriya$ ^C
gamut@gamutgurus:~/supriya$ ^C
gamut@gamutgurus:~/supriya$ ^C
gamut@gamutgurus:~/supriya$ ^C
gamut@gamutgurus:~/supriya$ ^C
gamut@gamutgurus:~/supriya$ ^C
gamut@gamutgurus:~/supriya$ ^C
gamut@gamutgurus:~/supriya$ ^C
gamut@gamutgurus:~/supriya$ 
gamut@gamutgurus:~/supriya$ 
gamut@gamutgurus:~/supriya$ 
gamut@gamutgurus:~/supriya$ vim file_imp
gamut@gamutgurus:~/supriya$ l
file_imp
gamut@gamutgurus:~/supriya$ ls
file_imp
gamut@gamutgurus:~/supriya$ cd ..
gamut@gamutgurus:~$ cd ..
gamut@gamutgurus:/home$ ls
gamut
gamut@gamutgurus:/home$ cd gamut/
gamut@gamutgurus:~$ ls
apt-transport-https  Documents         Music                       subversion
ca-certificates      Downloads         practice                    supriya
commercial           examples.desktop  project                     Templates
curl                 first             project.git                 Videos
Desktop              initial           software-properties-common
gamut@gamutgurus:~$ cd supriya/
gamut@gamutgurus:~/supriya$ ls
file_imp
gamut@gamutgurus:~/supriya$ gamut@gamutgurus:~$ cd /var/www/html
gamut@gamutgurus:~$: command not found
gamut@gamutgurus:~/supriya$ gamut@gamutgurus:/var/www/html$ mkdir git
bash: gamut@gamutgurus:/var/www/html$: No such file or directory
gamut@gamutgurus:~/supriya$ mkdir: cannot create directory ‘git’: Permission denied
No command 'mkdir:' found, did you mean:
 Command 'mkdir' from package 'coreutils' (main)
mkdir:: command not found
gamut@gamutgurus:~/supriya$ gamut@gamutgurus:/var/www/html$ sudo su
bash: gamut@gamutgurus:/var/www/html$: No such file or directory
gamut@gamutgurus:~/supriya$ [sudo] password for gamut: 
[sudo]: command not found
gamut@gamutgurus:~/supriya$ root@gamutgurus:/var/www/html# mkdir git
bash: root@gamutgurus:/var/www/html#: No such file or directory
gamut@gamutgurus:~/supriya$ root@gamutgurus:/var/www/html# ls
bash: root@gamutgurus:/var/www/html#: No such file or directory
gamut@gamutgurus:~/supriya$ git  index.html
git: 'index.html' is not a git command. See 'git --help'.
gamut@gamutgurus:~/supriya$ root@gamutgurus:/var/www/html# sudo chgrp -R www-data /var/www/html/git
bash: root@gamutgurus:/var/www/html#: No such file or directory
gamut@gamutgurus:~/supriya$ root@gamutgurus:/var/www/html#  chgrp -R www-data /var/www/html/git
bash: root@gamutgurus:/var/www/html#: No such file or directory
gamut@gamutgurus:~/supriya$ root@gamutgurus:/var/www/html# sudo chgrp -R www-data /var/www/html/git
bash: root@gamutgurus:/var/www/html#: No such file or directory
gamut@gamutgurus:~/supriya$ root@gamutgurus:/var/www/html# ssh username
bash: root@gamutgurus:/var/www/html#: No such file or directory
gamut@gamutgurus:~/supriya$ ssh: Could not resolve hostname username: No address associated with hostname
No command 'ssh:' found, did you mean:
 Command 'ssh' from package 'openssh-client' (main)
 Command 'ssh1' from package 'openssh-client-ssh1' (universe)
 Command 'sshd' from package 'openssh-server' (main)
ssh:: command not found
gamut@gamutgurus:~/supriya$ root@gamutgurus:/var/www/html# ssh username = "gamutgurus"
bash: root@gamutgurus:/var/www/html#: No such file or directory
gamut@gamutgurus:~/supriya$ ssh: Could not resolve hostname username: No address associated with hostname
No command 'ssh:' found, did you mean:
 Command 'ssh1' from package 'openssh-client-ssh1' (universe)
 Command 'sshd' from package 'openssh-server' (main)
 Command 'ssh' from package 'openssh-client' (main)
ssh:: command not found
gamut@gamutgurus:~/supriya$ root@gamutgurus:/var/www/html# ls-ld webapps/
bash: root@gamutgurus:/var/www/html#: No such file or directory
gamut@gamutgurus:~/supriya$ ls-ld: command not found
ls-ld:: command not found
gamut@gamutgurus:~/supriya$ root@gamutgurus:/var/www/html# ls -ld webapps/
bash: root@gamutgurus:/var/www/html#: No such file or directory
gamut@gamutgurus:~/supriya$ ls: cannot access 'webapps/': No such file or directory
No command 'ls:' found, did you mean:
 Command 'lsh' from package 'lsh-client' (universe)
 Command 'ls' from package 'coreutils' (main)
 Command 'lsw' from package 'suckless-tools' (universe)
 Command 'lsx' from package 'suckless-tools' (universe)
ls:: command not found
gamut@gamutgurus:~/supriya$ root@gamutgurus:/var/www/html# chmod 777 -R apache2-tomcat-8.5.11
bash: root@gamutgurus:/var/www/html#: No such file or directory
gamut@gamutgurus:~/supriya$ chmod: cannot access 'apache2-tomcat-8.5.11': No such file or directory
No command 'chmod:' found, did you mean:
 Command 'chmod' from package 'coreutils' (main)
chmod:: command not found
gamut@gamutgurus:~/supriya$ root@gamutgurus:/var/www/html# exit
bash: root@gamutgurus:/var/www/html#: No such file or directory
gamut@gamutgurus:~/supriya$ exit
exit
There are stopped jobs.
gamut@gamutgurus:~/supriya$ gamut@gamutgurus:/var/www/html$ ls
bash: gamut@gamutgurus:/var/www/html$: No such file or directory
gamut@gamutgurus:~/supriya$ git  index.html
git: 'index.html' is not a git command. See 'git --help'.
gamut@gamutgurus:~/supriya$ gamut@gamutgurus:/var/www/html$ cd gir
bash: gamut@gamutgurus:/var/www/html$: No such file or directory
gamut@gamutgurus:~/supriya$ bash: cd: gir: No such file or directory
No command 'bash:' found, did you mean:
 Command 'bash' from package 'bash' (main)
bash:: command not found
gamut@gamutgurus:~/supriya$ gamut@gamutgurus:/var/www/html$ cd git
bash: gamut@gamutgurus:/var/www/html$: No such file or directory
gamut@gamutgurus:~/supriya$ gamut@gamutgurus:/var/www/html/git$  chgrp -R www-data /var/www/html/gitchgrp: changing group of '/var/www/html/git': Operation not permitted
bash: gamut@gamutgurus:/var/www/html/git$: No such file or directory
gamut@gamutgurus:~/supriya$ gamut@gamutgurus:/var/www/html/git$ sudo chgrp -R www-data /var/www/html/git[sudo] password for gamut: 
bash: gamut@gamutgurus:/var/www/html/git$: No such file or directory
gamut@gamutgurus:~/supriya$ gamut@gamutgurus:/var/www/html/git$ cd git
bash: gamut@gamutgurus:/var/www/html/git$: No such file or directory
gamut@gamutgurus:~/supriya$ bash: cd: git: No such file or directory
No command 'bash:' found, did you mean:
 Command 'bash' from package 'bash' (main)
bash:: command not found
gamut@gamutgurus:~/supriya$ gamut@gamutgurus:/var/www/html/git$ cd .
bash: gamut@gamutgurus:/var/www/html/git$: No such file or directory
gamut@gamutgurus:~/supriya$ gamut@gamutgurus:/var/www/html/git$ mkdir git
bash: gamut@gamutgurus:/var/www/html/git$: No such file or directory
gamut@gamutgurus:~/supriya$ mkdir: cannot create directory ‘git’: Permission denied
No command 'mkdir:' found, did you mean:
 Command 'mkdir' from package 'coreutils' (main)
mkdir:: command not found
gamut@gamutgurus:~/supriya$ gamut@gamutgurus:/var/www/html/git$ git init --bared --shared supriya.git
bash: gamut@gamutgurus:/var/www/html/git$: No such file or directory
gamut@gamutgurus:~/supriya$ error: unknown option `bared'
> usage: git init [-q | --quiet] [--bare] [--template=<template-directory>] [--shared[=<permissions>]] [<directory>]
> 
>     --template <template-directory>
>                           directory from which templates will be used
>     --bare                create a bare repository
>     --shared[=<permissions>]
>                           specify that the git repository is to be shared amongst several users
>     -q, --quiet           be quiet
>     --separate-git-dir <gitdir>
>                           separate git dir from working tree
> 
> gamut@gamutgurus:/var/www/html/git$ mkdir supriya.git
> mkdir: cannot create directory ‘supriya.git’: Permission denied
> gamut@gamutgurus:/var/www/html/git$ git init --bared --shared supriya.git
> error: unknown option `bared'
> usage: git init [-q | --quiet] [--bare] [--template=<template-directory>] [--shared[=<permissions>]] [<directory>]
> 
>     --template <template-directory>
>                           directory from which templates will be used
>     --bare                create a bare repository
>     --shared[=<permissions>]
>                           specify that the git repository is to be shared amongst several users
>     -q, --quiet           be quiet
>     --separate-git-dir <gitdir>
>                           separate git dir from working tree
> 
0> gamut@gamutgurus:/var/www/html/git$ sudo mkdir supriya.git
> gamut@gamutgurus:/var/www/html/git$ git init --bared --shared
> error: unknown option `bared'
bash: command substitution: line 1: unexpected EOF while looking for matching `''
bash: command substitution: line 17: syntax error: unexpected end of file
error:: command not found
gamut@gamutgurus:~/supriya$ usage: git init [-q | --quiet] [--bare] [--template=<template-directory>] [--shared[=<permissions>]] [<directory>]
conf 
[sudo] password for gamut: 
gamut@gbash: template-directory: No such file or directory
usage:: command not found
gamut@gamutgurus:~/supriya$ 
agamut@gamutgurus:~/supriya$     --template <template-directory>
bash: syntax error near unexpected token `newline'
gamut@gamutgurus:~/supriya$                           directory from which templates will be used
directory: command not found
gamut@gamutgurus:~/supriya$     --bare                create a bare repository
--bare: command not found
gamut@gamutgurus:~/supriya$     --shared[=<permissions>]
bash: permissions: No such file or directory
gamut@gamutgurus:~/supriya$                           specify that the git repository is to be shared amongst several users
The program 'specify' is currently not installed. You can install it by typing:
sudo apt install spectacle
gamut@gamutgurus:~/supriya$     -q, --quiet           be quiet
-q,: command not found
gamut@gamutgurus:~/supriya$     --separate-git-dir <gitdir>
bash: syntax error near unexpected token `newline'
gamut@gamutgurus:~/supriya$                           separate git dir from working tree
separate: command not found
gamut@gamutgurus:~/supriya$ 
sgamut@gamutgurus:~/supriya$ gamut@gamutgurus:/var/www/html/git$ sudo git init -bared --shared
bash: gamut@gamutgurus:/var/www/html/git$: No such file or directory
gamut@gamutgurus:~/supriya$ error: unknown option `bared'
> usage: git init [-q | --quiet] [--bare] [--template=<template-directory>] [--shared[=<permissions>]] [<directory>]
> 
>     --template <template-directory>
>                           directory from which templates will be used
>     --bare                create a bare repository
>     --shared[=<permissions>]
>                           specify that the git repository is to be shared amongst several users
>     -q, --quiet           be quiet
>     --separate-git-dir <gitdir>
>                           separate git dir from working tree
> 
> gamut@gamutgurus:/var/www/html/git$ sudo git init --bare --shared
,> Initialized empty shared Git repository in /var/www/html/git/
> gamut@gamutgurus:/var/www/html/git$ sudo git init --bare --shared supriya.git
> [sudo] password for gamut: 
> Initialized empty shared Git repository in /var/www/html/git/supriya.git/
> gamut@gamutgurus:/var/www/html/git$ 
> gamut@gamutgurus:/var/www/html/git$ 
> gamut@gamutgurus:/var/www/html/git$ 
> gamut@gamutgurus:/var/www/html/git$ 
> gamut@gamutgurus:/var/www/html/git$ apache2.conf
> apache2.conf: command not found
> gamut@gamutgurus:/var/www/html/git$ cd ..
> gamut@gamutgurus:/var/www/html$ apache2.conf
> apache2.conf: command not found
> gamut@gamutgurus:/var/www/html$ cd 
> gamut@gamutgurus:~$ cd etc/apache2/sites-enabled/000-default.conf
> bash: cd: etc/apache2/sites-enabled/000-default.conf: No such file or directory
> gamut@gamutgurus:~$ sudo cd etc/apache2/sites-enabled/000-default.conf
> sudo: cd: command not found
> gamut@gamutgurus:~$ cd git
> bash: cd: git: No such file or directory
> gamut@gamutgurus:~$ cd var/www/html/git
> bash: cd: var/www/html/git: No such file or directory
> gamut@gamutgurus:~$ cd /var/www/html/git
> gamut@gamutgurus:/var/www/html/git$ ls
> branches  config  description  HEAD  hooks  info  objects  refs  supriya.git
> gamut@gamutgurus:/var/www/html/git$ vim config
> gamut@gamutgurus:/var/www/html/git$ cd supriya.git/
> gamut@gamutgurus:/var/www/html/git/supriya.git$ ls
> branches  config  description  HEAD  hooks  info  objects  refs
> gamut@gamutgurus:/var/www/html/git/supriya.git$ vim config 
> gamut@gamutgurus:/var/www/html/git/supriya.git$ cd 
> gamut@gamutgurus:~$ /etc/
> bash: /etc/: Is a directory
> gamut@gamutgurus:~$ /etc/ap
> apache2/    apparmor/   apport/     aptdaemon/  
> apm/        apparmor.d/ apt/        
> gamut@gamutgurus:~$ /etc/apache2
> bash: /etc/apache2: Is a directory
> gamut@gamutgurus:~$ cd /etc/ap
> apache2/    apparmor/   apport/     aptdaemon/  
> apm/        apparmor.d/ apt/        
> gamut@gamutgurus:~$ cd /etc/apache2
> gamut@gamutgurus:/etc/apache2$ ls
> apache2.conf    conf-enabled  magic           mods-enabled  sites-available
> conf-available  envvars       mods-available  ports.conf    sites-enabled
> gamut@gamutgurus:/etc/apache2$ cd sites-enabled/
> gamut@gamutgurus:/etc/apache2/sites-enabled$ ls
> 000-default.conf
> gamut@gamutgurus:/etc/apache2/sites-enabled$ vim 000-default.conf 
> 
c> [1]+  Stopped                 vim 000-default.conf
> gamut@gamutgurus:/etc/apache2/sites-enabled$ chmod 777 000-default.conf 
> chmod: changing permissions of '000-default.conf': Operation not permitted
> gamut@gamutgurus:/etc/apache2/sites-enabled$ chmod 755 000-default.conf 
> chmod: changing permissions of '000-default.conf': Operation not permitted
> gamut@gamutgurus:/etc/apache2/sites-enabled$ chmod -x+o 000-default.conf 
> chmod: changing permissions of '000-default.conf': Operation not permitted
> gamut@gamutgurus:/etc/apache2/sites-enabled$ vim 000-default.conf 
> 
> [2]+  Stopped                 vim 000-default.conf
> gamut@gamutgurus:/etc/apache2/sites-enabled$ sudo vim 000-default.conf 
> [sudo] password for gamut: 
> gamut@gamutgurus:/etc/apache2/sites-enabled$ sudo vim 000-default.conf 
> gamut@gamutgurus:/etc/apache2/sites-enabled$ vim 000-default.conf 
> 
> [3]+  Stopped                 vim 000-default.conf
> gamut@gamutgurus:/etc/apache2/sites-enabled$ sudo vim 000-default.conf 
> gamut@gamutgurus:/etc/apache2/sites-enabled$ cd 
> gamut@gamutgurus:~$ htpasswd –c /var/www/html/htpasswd gamut1
> Usage:
> htpasswd [-cimBdpsDv] [-C cost] passwordfile username
> htpasswd -b[cmBdpsDv] [-C cost] passwordfile username password
> 
> htpasswd -n[imBdps] [-C cost] username
> htpasswd -nb[mBdps] [-C cost] username password
>  -c  Create a new file.
>  -n  Don't update file; display results on stdout.
>  -b  Use the password from the command line rather than prompting for it.
>  -i  Read password from stdin without verification (for script usage).
>  -m  Force MD5 encryption of the password (default).
>  -B  Force bcrypt encryption of the password (very secure).
>  -C  Set the computing time used for the bcrypt algorithm
>      (higher is more secure but slower, default: 5, valid: 4 to 31).
>  -d  Force CRYPT encryption of the password (8 chars max, insecure).
>  -s  Force SHA encryption of the password (insecure).
>  -p  Do not encrypt the password (plaintext, insecure).
>  -D  Delete the specified user.
>  -v  Verify password for the specified user.
> On other systems than Windows and NetWare the '-p' flag will probably not work.
> The SHA algorithm does not use a salt and is less secure than the MD5 algorithm.
> gamut@gamutgurus:~$ sudo htpasswd –c /var/www/html/htpasswd gamut1
> Usage:
> htpasswd [-cimBdpsDv] [-C cost] passwordfile username
> htpasswd -b[cmBdpsDv] [-C cost] passwordfile username password
> 
> htpasswd -n[imBdps] [-C cost] username
> htpasswd -nb[mBdps] [-C cost] username password
>  -c  Create a new file.
>  -n  Don't update file; display results on stdout.
>  -b  Use the password from the command line rather than prompting for it.
>  -i  Read password from stdin without verification (for script usage).
>  -m  Force MD5 encryption of the password (default).
>  -B  Force bcrypt encryption of the password (very secure).
>  -C  Set the computing time used for the bcrypt algorithm
>      (higher is more secure but slower, default: 5, valid: 4 to 31).
>  -d  Force CRYPT encryption of the password (8 chars max, insecure).
>  -s  Force SHA encryption of the password (insecure).
>  -p  Do not encrypt the password (plaintext, insecure).
>  -D  Delete the specified user.
>  -v  Verify password for the specified user.
> On other systems than Windows and NetWare the '-p' flag will probably not work.
> The SHA algorithm does not use a salt and is less secure than the MD5 algorithm.
> gamut@gamutgurus:~$ htpasswd –c /var/www/html/htpasswd gamut1
> Usage:
> htpasswd [-cimBdpsDv] [-C cost] passwordfile username
> htpasswd -b[cmBdpsDv] [-C cost] passwordfile username password
> 
> htpasswd -n[imBdps] [-C cost] username
> htpasswd -nb[mBdps] [-C cost] username password
>  -c  Create a new file.
>  -n  Don't update file; display results on stdout.
>  -b  Use the password from the command line rather than prompting for it.
>  -i  Read password from stdin without verification (for script usage).
>  -m  Force MD5 encryption of the password (default).
>  -B  Force bcrypt encryption of the password (very secure).
>  -C  Set the computing time used for the bcrypt algorithm
>      (higher is more secure but slower, default: 5, valid: 4 to 31).
>  -d  Force CRYPT encryption of the password (8 chars max, insecure).
>  -s  Force SHA encryption of the password (insecure).
>  -p  Do not encrypt the password (plaintext, insecure).
>  -D  Delete the specified user.
>  -v  Verify password for the specified user.
> On other systems than Windows and NetWare the '-p' flag will probably not work.
> The SHA algorithm does not use a salt and is less secure than the MD5 algorithm.
> gamut@gamutgurus:~$ htpasswd -b[cmBdpsDv] [-C cost] passwordfile gamut gamut
> htpasswd: illegal option -- [
> Usage:
> htpasswd [-cimBdpsDv] [-C cost] passwordfile username
> htpasswd -b[cmBdpsDv] [-C cost] passwordfile username password
> 
> htpasswd -n[imBdps] [-C cost] username
)> htpasswd -nb[mBdps] [-C cost] username password
>  -c  Create a new file.
>  -n  Don't update file; display results on stdout.
>  -b  Use the password from the command line rather than prompting for it.
>  -i  Read password from stdin without verification (for script usage).
>  -m  Force MD5 encryption of the password (default).
>  -B  Force bcrypt encryption of the password (very secure).
>  -C  Set the computing time used for the bcrypt algorithm
>      (higher is more secure but slower, default: 5, valid: 4 to 31).
>  -d  Force CRYPT encryption of the password (8 chars max, insecure).
>  -s  Force SHA encryption of the password (insecure).
>  -p  Do not encrypt the password (plaintext, insecure).
>  -D  Delete the specified user.
>  -v  Verify password for the specified user.
> On other systems than Windows and NetWare the '-p' flag will probably not work.
> The SHA algorithm does not use a salt and is less secure than the MD5 algorithm.
> gamut@gamutgurus:~$ htpasswd -b[gamut] [-C 5] passwordfile gamut gamut
> htpasswd: illegal option -- [
> Usage:
> htpasswd [-cimBdpsDv] [-C cost] passwordfile username
> htpasswd -b[cmBdpsDv] [-C cost] passwordfile username password
> 
> htpasswd -n[imBdps] [-C cost] username
> htpasswd -nb[mBdps] [-C cost] username password
>  -c  Create a new file.
>  -n  Don't update file; display results on stdout.
>  -b  Use the password from the command line rather than prompting for it.
>  -i  Read password from stdin without verification (for script usage).
>  -m  Force MD5 encryption of the password (default).
>  -B  Force bcrypt encryption of the password (very secure).
>  -C  Set the computing time used for the bcrypt algorithm
>      (higher is more secure but slower, default: 5, valid: 4 to 31).
>  -d  Force CRYPT encryption of the password (8 chars max, insecure).
>  -s  Force SHA encryption of the password (insecure).
>  -p  Do not encrypt the password (plaintext, insecure).
>  -D  Delete the specified user.
>  -v  Verify password for the specified user.
> On other systems than Windows and NetWare the '-p' flag will probably not work.
> The SHA algorithm does not use a salt and is less secure than the MD5 algorithm.
> gamut@gamutgurus:~$ htpasswd –c /var/www/html/htpasswd gamut1 gamut
> Usage:
> htpasswd [-cimBdpsDv] [-C cost] passwordfile username
> htpasswd -b[cmBdpsDv] [-C cost] passwordfile username password
> 
> htpasswd -n[imBdps] [-C cost] username
> htpasswd -nb[mBdps] [-C cost] username password
>  -c  Create a new file.
>  -n  Don't update file; display results on stdout.
>  -b  Use the password from the command line rather than prompting for it.
>  -i  Read password from stdin without verification (for script usage).
>  -m  Force MD5 encryption of the password (default).
>  -B  Force bcrypt encryption of the password (very secure).
>  -C  Set the computing time used for the bcrypt algorithm
>      (higher is more secure but slower, default: 5, valid: 4 to 31).
>  -d  Force CRYPT encryption of the password (8 chars max, insecure).
>  -s  Force SHA encryption of the password (insecure).
>  -p  Do not encrypt the password (plaintext, insecure).
>  -D  Delete the specified user.
>  -v  Verify password for the specified user.
> On other systems than Windows and NetWare the '-p' flag will probably not work.
> The SHA algorithm does not use a salt and is less secure than the MD5 algorithm.
> gamut@gamutgurus:~$ htpasswd –c /var/www/html/htpasswd gamut gamut
> Usage:
> htpasswd [-cimBdpsDv] [-C cost] passwordfile username
> htpasswd -b[cmBdpsDv] [-C cost] passwordfile username password
> 
> htpasswd -n[imBdps] [-C cost] username
> htpasswd -nb[mBdps] [-C cost] username password
>  -c  Create a new file.
>  -n  Don't update file; display results on stdout.
>  -b  Use the password from the command line rather than prompting for it.
>  -i  Read password from stdin without verification (for script usage).
>  -m  Force MD5 encryption of the password (default).
>  -B  Force bcrypt encryption of the password (very secure).
>  -C  Set the computing time used for the bcrypt algorithm
>      (higher is more secure but slower, default: 5, valid: 4 to 31).
>  -d  Force CRYPT encryption of the password (8 chars max, insecure).
>  -s  Force SHA encryption of the password (insecure).
>  -p  Do not encrypt the password (plaintext, insecure).
>  -D  Delete the specified user.
>  -v  Verify password for the specified user.
> On other systems than Windows and NetWare the '-p' flag will probably not work.
> The SHA algorithm does not use a salt and is less secure than the MD5 algorithm.
> gamut@gamutgurus:~$ htpasswd –nb /var/www/html/htpasswd gamut gamut
> Usage:
> htpasswd [-cimBdpsDv] [-C cost] passwordfile username
> htpasswd -b[cmBdpsDv] [-C cost] passwordfile username password
> 
> htpasswd -n[imBdps] [-C cost] username
> htpasswd -nb[mBdps] [-C cost] username password
>  -c  Create a new file.
>  -n  Don't update file; display results on stdout.
>  -b  Use the password from the command line rather than prompting for it.
>  -i  Read password from stdin without verification (for script usage).
>  -m  Force MD5 encryption of the password (default).
>  -B  Force bcrypt encryption of the password (very secure).
>  -C  Set the computing time used for the bcrypt algorithm
>      (higher is more secure but slower, default: 5, valid: 4 to 31).
>  -d  Force CRYPT encryption of the password (8 chars max, insecure).
>  -s  Force SHA encryption of the password (insecure).
>  -p  Do not encrypt the password (plaintext, insecure).
>  -D  Delete the specified user.
>  -v  Verify password for the specified user.
> On other systems than Windows and NetWare the '-p' flag will probably not work.
> The SHA algorithm does not use a salt and is less secure than the MD5 algorithm.
> gamut@gamutgurus:~$ sudo htpasswd  /var/www/html/htpasswd gamut1
> htpasswd: cannot modify file /var/www/html/htpasswd; use '-c' to create it
> gamut@gamutgurus:~$ sudo htpasswd –c /var/www/html/htpasswd gamut gamut
> Usage:
> htpasswd [-cimBdpsDv] [-C cost] passwordfile username
> htpasswd -b[cmBdpsDv] [-C cost] passwordfile username password
> 
> htpasswd -n[imBdps] [-C cost] username
> htpasswd -nb[mBdps] [-C cost] username password
>  -c  Create a new file.
>  -n  Don't update file; display results on stdout.
>  -b  Use the password from the command line rather than prompting for it.
>  -i  Read password from stdin without verification (for script usage).
>  -m  Force MD5 encryption of the password (default).
>  -B  Force bcrypt encryption of the password (very secure).
>  -C  Set the computing time used for the bcrypt algorithm
>      (higher is more secure but slower, default: 5, valid: 4 to 31).
>  -d  Force CRYPT encryption of the password (8 chars max, insecure).
>  -s  Force SHA encryption of the password (insecure).
>  -p  Do not encrypt the password (plaintext, insecure).
>  -D  Delete the specified user.
>  -v  Verify password for the specified user.
> On other systems than Windows and NetWare the '-p' flag will probably not work.
> The SHA algorithm does not use a salt and is less secure than the MD5 algorithm.
> gamut@gamutgurus:~$ sudo htpasswd –c /var/www/html/htpasswd gamut1
> Usage:
> htpasswd [-cimBdpsDv] [-C cost] passwordfile username
> htpasswd -b[cmBdpsDv] [-C cost] passwordfile username password
> 
> htpasswd -n[imBdps] [-C cost] username
> htpasswd -nb[mBdps] [-C cost] username password
>  -c  Create a new file.
>  -n  Don't update file; display results on stdout.
>  -b  Use the password from the command line rather than prompting for it.
>  -i  Read password from stdin without verification (for script usage).
>  -m  Force MD5 encryption of the password (default).
>  -B  Force bcrypt encryption of the password (very secure).
>  -C  Set the computing time used for the bcrypt algorithm
>      (higher is more secure but slower, default: 5, valid: 4 to 31).
>  -d  Force CRYPT encryption of the password (8 chars max, insecure).
>  -s  Force SHA encryption of the password (insecure).
>  -p  Do not encrypt the password (plaintext, insecure).
>  -D  Delete the specified user.
>  -v  Verify password for the specified user.
> On other systems than Windows and NetWare the '-p' flag will probably not work.
> The SHA algorithm does not use a salt and is less secure than the MD5 algorithm.
> gamut@gamutgurus:~$ sudo vim 000
> 
> [4]+  Stopped                 sudo vim 000
> gamut@gamutgurus:~$ cd /var/www/html/git
> gamut@gamutgurus:/var/www/html/git$ ls
> branches  config  description  HEAD  hooks  info  objects  refs  supriya.git
> gamut@gamutgurus:/var/www/html/git$ sudo vim config
> gamut@gamutgurus:/var/www/html/git$ cd 
> gamut@gamutgurus:~$ /etc/apache2
> bash: /etc/apache2: Is a directory
> gamut@gamutgurus:~$ cd /etc/apache2
> gamut@gamutgurus:/etc/apache2$ cd sites-enabled/
> gamut@gamutgurus:/etc/apache2/sites-enabled$ ls
> 000-default.conf
> gamut@gamutgurus:/etc/apache2/sites-enabled$ sudo vim 000-default.conf 
> gamut@gamutgurus:/etc/apache2/sites-enabled$ cd 
> gamut@gamutgurus:~$ htpasswd -c /var/www/html/htpasswd gamut1
> htpasswd: cannot create file /var/www/html/htpasswd
> gamut@gamutgurus:~$ sudo htpasswd -c /var/www/html/htpasswd gamut1
> New password: 
> Re-type new password: 
> Adding password for user gamut1
> gamut@gamutgurus:~$ sudo htpasswd /var/www/html/htpasswd gamut1
> New password: 
> Re-type new password: 
> Updating password for user gamut1
> gamut@gamutgurus:~$ service apache2 restart
> gamut@gamutgurus:~$ git clone http://192.168.31.68/supriya.git
> Cloning into 'supriya'...
> fatal: repository 'http://192.168.31.68/supriya.git/' not found
> gamut@gamutgurus:~$ git clone http://192.168.31.68/git/supriya.git
> Cloning into 'supriya'...
> Username for 'http://192.168.31.68': gamut1
> Password for 'http://gamut1@192.168.31.68': 
> warning: You appear to have cloned an empty repository.
> Checking connectivity... done.
> gamut@gamutgurus:~$ ls
> apt-transport-https  Documents         Music                       subversion
> ca-certificates      Downloads         practice                    supriya
> commercial           examples.desktop  project                     Templates
> curl                 first             project.git                 Videos
> Desktop              initial           software-properties-common
> gamut@gamutgurus:~$ cd supriya.git
> bash: cd: supriya.git: No such file or directory
> gamut@gamutgurus:~$ cd supriya
> gamut@gamutgurus:~/supriya$ ls
> gamut@gamutgurus:~/supriya$ cd ..
> gamut@gamutgurus:~$ ls
> apt-transport-https  Documents         Music                       subversion
> ca-certificates      Downloads         practice                    supriya
> commercial           examples.desktop  project                     Templates
> curl                 first             project.git                 Videos
> Desktop              initial           software-properties-common
> gamut@gamutgurus:~$ cd supriya/
> gamut@gamutgurus:~/supriya$ ls
> gamut@gamutgurus:~/supriya$ ^C
> gamut@gamutgurus:~/supriya$ ^C
> gamut@gamutgurus:~/supriya$ ^C
> gamut@gamutgurus:~/supriya$ ^C
> gamut@gamutgurus:~/supriya$ ^C
> gamut@gamutgurus:~/supriya$ ^C
> gamut@gamutgurus:~/supriya$ ^C
> gamut@gamutgurus:~/supriya$ ^C
> gamut@gamutgurus:~/supriya$ ^C
> gamut@gamutgurus:~/supriya$ ^C
> gamut@gamutgurus:~/supriya$ ^C
> gamut@gamutgurus:~/supriya$ 
> ^C
gamut@gamutgurus:~/supriya$ cd ..
gamut@gamutgurus:~$ cd /var/www/html
gamut@gamutgurus:/var/www/html$ ls
git  htpasswd  index.html
gamut@gamutgurus:/var/www/html$ cd git
gamut@gamutgurus:/var/www/html/git$ ls
branches  config  description  HEAD  hooks  info  objects  refs  supriya.git
gamut@gamutgurus:/var/www/html/git$ cd 
gamut@gamutgurus:~$ cd /etc/apache2
gamut@gamutgurus:/etc/apache2$ cd sites-enabled/
gamut@gamutgurus:/etc/apache2/sites-enabled$ ls
000-default.conf
gamut@gamutgurus:/etc/apache2/sites-enabled$ sudo vim 000-default.conf 
[sudo] password for gamut: 
Sorry, try again.
[sudo] password for gamut: 
gamut@gamutgurus:/etc/apache2/sites-enabled$ error: unknown option `bared'
gamut@gamutgurus:/etc/apache2/sites-enabled$ gamut@gamutgurus:/var/www/html/git$gamut@gamutgurus:/etc/apache2/sites-enabled$ error: unknown option `bared'
usage: git init [-q | --quiet] [--bare] [--template=<template-directory>] [--shared[=<permissions>]] [<directory>]

    --template <template-directory>
                          directory from which templates will be used
    --bare                create a bare repository
    --shared[=<permissions>]
                          specify that the git repository is to be shared amongst several users
    -q, --quiet           be quiet
    --separate-git-dir <gitdir>
                          separate git dir from working tree

gamut@gamutgurus:/var/www/html/git$ sudo git init --bare --shared
Initialized empty shared Git repository in /var/www/html/git/
gamut@gamutgurus:/var/www/html/git$ sudo git init --bare --shared supriya.git
[sudo] password for gamut: 
Initialized empty shared Git repository in /var/www/html/git/supriya.git/
gamut@gamutgurus:/var/www/html/git$ 
gamut@gamutgurus:/var/www/html/git$ 
gamut@gamutgurus:/var/www/html/git$ 
gamut@gamutgurus:/var/www/html/git$ 
gamut@gamutgurus:/var/www/html/git$ apache2.conf
gamut@gamutgurus:~/supriya$ ^C/        software-properties-common  Videostesnhm.
gamut@gamutgurus:/etc/apache2/sites-enabled$ cd
gamut@gamutgurus:~$ sudo htpasswd -c /var/www/html/htpasswd gamut1
New password: 
Re-type new password: 
Adding password for user gamut1
gamut@gamutgurus:~$ sudo htpasswd  /var/www/html/htpasswd gamut1
New password: 
Re-type new password: 
Updating password for user gamut1
gamut@gamutgurus:~$ service apache2 restart
gamut@gamutgurus:~$ service apache2 status
● apache2.service - LSB: Apache2 web server
   Loaded: loaded (/etc/init.d/apache2; bad; vendor preset: enabled)
  Drop-In: /lib/systemd/system/apache2.service.d
           └─apache2-systemd.conf
   Active: active (running) since Thu 2018-01-04 16:12:14 IST; 21s ago
     Docs: man:systemd-sysv-generator(8)
  Process: 6654 ExecStop=/etc/init.d/apache2 stop (code=exited, status=0/SUCCESS
  Process: 6678 ExecStart=/etc/init.d/apache2 start (code=exited, status=0/SUCCE
    Tasks: 56
   Memory: 6.6M
      CPU: 70ms
   CGroup: /system.slice/apache2.service
           ├─6696 /usr/sbin/apache2 -k start
           ├─6699 /usr/sbin/apache2 -k start
           ├─6700 /usr/sbin/apache2 -k start
           └─6701 /usr/sbin/apache2 -k start

Jan 04 16:12:12 gamutgurus.com systemd[1]: Stopped LSB: Apache2 web server.
Jan 04 16:12:12 gamutgurus.com systemd[1]: Starting LSB: Apache2 web server...
Jan 04 16:12:12 gamutgurus.com apache2[6678]:  * Starting Apache httpd web serve
Jan 04 16:12:14 gamutgurus.com apache2[6678]:  *
Jan 04 16:12:14 gamutgurus.com systemd[1]: Started LSB: Apache2 web server.
gamut@gamutgurus:~$ pwd
/home/gamut
gamut@gamutgurus:~$ mkdir xyz
gamut@gamutgurus:~$ cd xyz/
gamut@gamutgurus:~/xyz$ git init
Initialized empty Git repository in /home/gamut/xyz/.git/
gamut@gamutgurus:~/xyz$ git clone http://192.168.31.68/git/supriya.git
Cloning into 'supriya'...
Username for 'http://192.168.31.68': gamut1
Password for 'http://gamut1@192.168.31.68': 
warning: You appear to have cloned an empty repository.
Checking connectivity... done.
gamut@gamutgurus:~/xyz$ ls
supriya
gamut@gamutgurus:~/xyz$ cd supriya/
gamut@gamutgurus:~/xyz/supriya$ ls
gamut@gamutgurus:~/xyz/supriya$ cd
gamut@gamutgurus:~$ cd /etc/apache2
gamut@gamutgurus:/etc/apache2$ ls
apache2.conf    conf-enabled  magic           mods-enabled  sites-available
conf-available  envvars       mods-available  ports.conf    sites-enabled
gamut@gamutgurus:/etc/apache2$ cd sites-enabled/
gamut@gamutgurus:/etc/apache2/sites-enabled$ ls
000-default.conf
gamut@gamutgurus:/etc/apache2/sites-enabled$ vim 000-default.conf 
gamut@gamutgurus:/etc/apache2/sites-enabled$ gamut@gamutgurus:~$ cd /var/www/html
         directory from which templgamut@gamutgurus:~$: command not found
gamut@gamutgurus:/etc/apache2/sites-enabled$ gamut@gamutgurus:/var/www/html$ mkdir git
bash: gamut@gamutgurus:/var/www/html$: No such file or directory
gamut@gamutgurus:/etc/apache2/sites-enabled$ mkdir: cannot create directory ‘git’: Permission denied
No command 'mkdir:' found, did you mean:
 Command 'mkdir' from package 'coreutils' (main)
mkdir:: command not found
gamut@gamutgurus:/etc/apache2/sites-enabled$ gamut@gamutgurus:/var/www/html$ sudo su
bash: gamut@gamutgurus:/var/www/html$: No such file or directory
gamut@gamutgurus:/etc/apache2/sites-enabled$ [sudo] password for gamut: 
[sudo]: command not found
gamut@gamutgurus:/etc/apache2/sites-enabled$ root@gamutgurus:/var/www/html# mkdir git
bash: root@gamutgurus:/var/www/html#: No such file or directory
gamut@gamutgurus:/etc/apache2/sites-enabled$ root@gamutgurus:/var/www/html# ls
bash: root@gamutgurus:/var/www/html#: No such file or directory
gamut@gamutgurus:/etc/apache2/sites-enabled$ git  index.html
git: 'index.html' is not a git command. See 'git --help'.
gamut@gamutgurus:/etc/apache2/sites-enabled$ root@gamutgurus:/var/www/html# sudo chgrp -R www-data /var/www/html/git
bash: root@gamutgurus:/var/www/html#: No such file or directory
gamut@gamutgurus:/etc/apache2/sites-enabled$ root@gamutgurus:/var/www/html#  chgrp -R www-data /var/www/html/git
bash: root@gamutgurus:/var/www/html#: No such file or directory
gamut@gamutgurus:/etc/apache2/sites-enabled$ root@gamutgurus:/var/www/html# sudo chgrp -R www-data /var/www/html/git
bash: root@gamutgurus:/var/www/html#: No such file or directory
gamut@gamutgurus:/etc/apache2/sites-enabled$ root@gamutgurus:/var/www/html# ssh username
bash: root@gamutgurus:/var/www/html#: No such file or directory
gamut@gamutgurus:/etc/apache2/sites-enabled$ ssh: Could not resolve hostname username: No address associated with hostname
No command 'ssh:' found, did you mean:
 Command 'ssh1' from package 'openssh-client-ssh1' (universe)
 Command 'ssh' from package 'openssh-client' (main)
 Command 'sshd' from package 'openssh-server' (main)
ssh:: command not found
gamut@gamutgurus:/etc/apache2/sites-enabled$ root@gamutgurus:/var/www/html# ssh username = "gamutgurus"
bash: root@gamutgurus:/var/www/html#: No such file or directory
gamut@gamutgurus:/etc/apache2/sites-enabled$ ssh: Could not resolve hostname username: No address associated with hostname
No command 'ssh:' found, did you mean:
 Command 'ssh' from package 'openssh-client' (main)
 Command 'ssh1' from package 'openssh-client-ssh1' (universe)
 Command 'sshd' from package 'openssh-server' (main)
ssh:: command not found
gamut@gamutgurus:/etc/apache2/sites-enabled$ root@gamutgurus:/var/www/html# ls-ld webapps/
bash: root@gamutgurus:/var/www/html#: No such file or directory
gamut@gamutgurus:/etc/apache2/sites-enabled$ ls-ld: command not found
ls-ld:: command not found
gamut@gamutgurus:/etc/apache2/sites-enabled$ root@gamutgurus:/var/www/html# ls -ld webapps/
bash: root@gamutgurus:/var/www/html#: No such file or directory
gamut@gamutgurus:/etc/apache2/sites-enabled$ ls: cannot access 'webapps/': No such file or directory
No command 'ls:' found, did you mean:
 Command 'lsh' from package 'lsh-client' (universe)
 Command 'lsx' from package 'suckless-tools' (universe)
 Command 'lsw' from package 'suckless-tools' (universe)
 Command 'ls' from package 'coreutils' (main)
ls:: command not found
gamut@gamutgurus:/etc/apache2/sites-enabled$ root@gamutgurus:/var/www/html# chmod 777 -R apache2-tomcat-8.5.11
bash: root@gamutgurus:/var/www/html#: No such file or directory
gamut@gamutgurus:/etc/apache2/sites-enabled$ chmod: cannot access 'apache2-tomcat-8.5.11': No such file or directory
No command 'chmod:' found, did you mean:
 Command 'chmod' from package 'coreutils' (main)
chmod:: command not found
gamut@gamutgurus:/etc/apache2/sites-enabled$ root@gamutgurus:/var/www/html# exitbash: root@gamutgurus:/var/www/html#: No such file or directory
gamut@gamutgurus:/etc/apache2/sites-enabled$ exit
exit
There are stopped jobs.
gamut@gamutgurus:/etc/apache2/sites-enabled$ gamut@gamutgurus:/var/www/html$ ls
bash: gamut@gamutgurus:/var/www/html$: No such file or directory
gamut@gamutgurus:/etc/apache2/sites-enabled$ git  index.html
git: 'index.html' is not a git command. See 'git --help'.
gamut@gamutgurus:/etc/apache2/sites-enabled$ gamut@gamutgurus:/var/www/html$ cd gir
bash: gamut@gamutgurus:/var/www/html$: No such file or directory
gamut@gamutgurus:/etc/apache2/sites-enabled$ bash: cd: gir: No such file or directory
No command 'bash:' found, did you mean:
 Command 'bash' from package 'bash' (main)
bash:: command not found
gamut@gamutgurus:/etc/apache2/sites-enabled$ gamut@gamutgurus:/var/www/html$ cd git
bash: gamut@gamutgurus:/var/www/html$: No such file or directory
gamut@gamutgurus:/etc/apache2/sites-enabled$ gamut@gamutgurus:/var/www/html/git$  chgrp -R www-data /var/www/html/gitchgrp: changing group of '/var/www/html/git': Operation not permitted
bash: gamut@gamutgurus:/var/www/html/git$: No such file or directory
gamut@gamutgurus:/etc/apache2/sites-enabled$ gamut@gamutgurus:/var/www/html/git$ sudo chgrp -R www-data /var/www/html/git[sudo] password for gamut: 
bash: gamut@gamutgurus:/var/www/html/git$: No such file or directory
gamut@gamutgurus:/etc/apache2/sites-enabled$ gamut@gamutgurus:/var/www/html/git$ cd git
bash: gamut@gamutgurus:/var/www/html/git$: No such file or directory
gamut@gamutgurus:/etc/apache2/sites-enabled$ bash: cd: git: No such file or directory
No command 'bash:' found, did you mean:
 Command 'bash' from package 'bash' (main)
bash:: command not found
gamut@gamutgurus:/etc/apache2/sites-enabled$ gamut@gamutgurus:/var/www/html/git$ cd .
git$ vim config
bash: gamut@gamutgurus:/var/www/html/git$: No such file or directory
gamut@gamutgurus:/etc/apache2/sites-enabled$ gamut@gamutgurus:/var/www/html/git$ mkdir git
bash: gamut@gamutgurus:/var/www/html/git$: No such file or directory
gamut@gamutgurus:/etc/apache2/sites-enabled$ mkdir: cannot create directory ‘git’: Permission denied
No command 'mkdir:' found, did you mean:
 Command 'mkdir' from package 'coreutils' (main)
mkdir:: command not found
gamut@gamutgurus:/etc/apache2/sites-enabled$ gamut@gamutgurus:/var/www/html/git$ git init --bared --shared supriya.git
bash: gamut@gamutgurus:/var/www/html/git$: No such file or directory
gamut@gamutgurus:/etc/apache2/sites-enabled$ error: unknown option `bared'
> usage: git init [-q | --quiet] [--bare] [--template=<template-directory>] [--shared[=<permissions>]] [<directory>]
> 
>     --template <template-directory>
>                           directory from which templates will be used
>     --bare                create a bare repository
>     --shared[=<permissions>]
>                           specify that the git repository is to be shared amongst several users
>     -q, --quiet           be quiet
>     --separate-git-dir <gitdir>
>                           separate git dir from working tree
> 
> gamut@gamutgurus:/var/www/html/git$ mkdir supriya.git
> mkdir: cannot create directory ‘supriya.git’: Permission denied
> gamut@gamutgurus:/var/www/html/git$ git init --bared --shared supriya.git
> error: unknown option `bared'
> usage: git init [-q | --quiet] [--bare] [--template=<template-directory>] [--shared[=<permissions>]] [<directory>]
> 
>     --template <template-directory>
>                           directory from which templates will be used
>     --bare                create a bare repository
>     --shared[=<permissions>]
>                           specify that the git repository is to be shared amongst several users
>     -q, --quiet           be quiet
>     --separate-git-dir <gitdir>
>                           separate git dir from working tree
> 
> gamut@gamutgurus:/var/www/html/git$ sudo mkdir supriya.git
> gamut@gamutgurus:/var/www/html/git$ git init --bared --shared
> error: unknown option `bared'
bash: command substitution: line 1: unexpected EOF while looking for matching `''
bash: command substitution: line 17: syntax error: unexpected end of file
error:: command not found
gamut@gamutgurus:/etc/apache2/sites-enabled$ usage: git init [-q | --quiet] [--bare] [--template=<template-directory>] [--shared[=<permissions>]] [<directory>]
bash: template-directory: No such file or directory
usage:: command not found
gamut@gamutgurus:/etc/apache2/sites-enabled$ 
agamut@gamutgurus:/etc/apache2/sites-enabled$     --template <template-directorybash: syntax error near unexpected token `newline'
gamut@gamutgurus:/etc/apache2/sites-enabled$                           directory from which templates will be used
directory: command not found
gamut@gamutgurus:/etc/apache2/sites-enabled$     --bare                create a bare repository
--bare: command not found
gamut@gamutgurus:/etc/apache2/sites-enabled$     --shared[=<permissions>]
bash: permissions: No such file or directory
gamut@gamutgurus:/etc/apache2/sites-enabled$                           specify that the git repository is to be shared amongst several users
The program 'specify' is currently not installed. You can install it by typing:
sudo apt install spectacle
gamut@gamutgurus:/etc/apache2/sites-enabled$     -q, --quiet           be quiet
-q,: command not found
gamut@gamutgurus:/etc/apache2/sites-enabled$     --separate-git-dir <gitdir>
bash: syntax error near unexpected token `newline'
gamut@gamutgurus:/etc/apache2/sites-enabled$                           separate git dir from working tree
separate: command not found
gamut@gamutgurus:/etc/apache2/sites-enabled$ 
sgamut@gamutgurus:/etc/apache2/sites-enabled$ gamut@gamutgurus:/var/www/html/git sudo git init --bared --shared
bash: gamut@gamutgurus:/var/www/html/git$: No such file or directory
gamut@gamutgurus:/etc/apache2/sites-enabled$ error: unknown option `bared'
> usage: git init [-q | --quiet] [--bare] [--template=<template-directory>] [--shared[=<permissions>]] [<directory>]
> 
>     --template <template-directory>
>                           directory from which templates will be used
>     --bare                create a bare repository
i>     --shared[=<permissions>]
>                           specify that the git repository is to be shared amongst several users
>     -q, --quiet           be quiet
>     --separate-git-dir <gitdir>
>                           separate git dir from working tree
> 
> gamut@gamutgurus:/var/www/html/git$ sudo git init --bare --shared
> Initialized empty shared Git repository in /var/www/html/git/
> gamut@gamutgurus:/var/www/html/git$ sudo git init --bare --shared supriya.git
> [sudo] password for gamut: 
> Initialized empty shared Git repository in /var/www/html/git/supriya.git/
> gamut@gamutgurus:/var/www/html/git$ 
> gamut@gamutgurus:/var/www/html/git$ 
> gamut@gamutgurus:/var/www/html/git$ 
> gamut@gamutgurus:/var/www/html/git$ 
> gamut@gamutgurus:/var/www/html/git$ apache2.conf
> apache2.conf: command not found
> gamut@gamutgurus:/var/www/html/git$ cd ..
> gamut@gamutgurus:/var/www/html$ apache2.conf
> apache2.conf: command not found
> gamut@gamutgurus:/var/www/html$ cd 
> gamut@gamutgurus:~$ cd etc/apache2/sites-enabled/000-default.conf
> bash: cd: etc/apache2/sites-enabled/000-default.conf: No such file or directory
> gamut@gamutgurus:~$ sudo cd etc/apache2/sites-enabled/000-default.conf
> sudo: cd: command not found
> gamut@gamutgurus:~$ cd git
> bash: cd: git: No such file or directory
> gamut@gamutgurus:~$ cd var/www/html/git
> bash: cd: var/www/html/git: No such file or directory
> gamut@gamutgurus:~$ cd /var/www/html/git
> gamut@gamutgurus:/var/www/html/git$ ls
> branches  config  description  HEAD  hooks  info  objects  refs  supriya.git
> gamut@gamutgurus:/var/www/html/git$ vim config
> gamut@gamutgurus:/var/www/html/git$ cd supriya.git/
> gamut@gamutgurus:/var/www/html/git/supriya.git$ ls
> branches  config  description  HEAD  hooks  info  objects  refs
> gamut@gamutgurus:/var/www/html/git/supriya.git$ vim config 
> gamut@gamutgurus:/var/www/html/git/supriya.git$ cd 
> gamut@gamutgurus:~$ /etc/
> bash: /etc/: Is a directory
> gamut@gamutgurus:~$ /etc/ap
> apache2/    apparmor/   apport/     aptdaemon/  
> apm/        apparmor.d/ apt/        
> gamut@gamutgurus:~$ /etc/apache2
> bash: /etc/apache2: Is a directory
> gamut@gamutgurus:~$ cd /etc/ap
> apache2/    apparmor/   apport/     aptdaemon/  
> apm/        apparmor.d/ apt/        
n > gamut@gamutgurus:~$ cd /etc/apache2
> gamut@gamutgurus:/etc/apache2$ ls
> apache2.conf    conf-enabled  magic           mods-enabled  sites-available
> conf-available  envvars       mods-available  ports.conf    sites-enabled
> gamut@gamutgurus:/etc/apache2$ cd sites-enabled/
> gamut@gamutgurus:/etc/apache2/sites-enabled$ ls
> 000-default.conf
> gamut@gamutgurus:/etc/apache2/sites-enabled$ vim 000-default.conf 
> 
> [1]+  Stopped                 vim 000-default.conf
> gamut@gamutgurus:/etc/apache2/sites-enabled$ chmod 777 000-default.conf 
> chmod: changing permissions of '000-default.conf': Operation not permitted
> gamut@gamutgurus:/etc/apache2/sites-enabled$ chmod 755 000-default.conf 
> chmod: changing permissions of '000-default.conf': Operation not permitted
> gamut@gamutgurus:/etc/apache2/sites-enabled$ chmod -x+o 000-default.conf 
> chmod: changing permissions of '000-default.conf': Operation not permitted
> gamut@gamutgurus:/etc/apache2/sites-enabled$ vim 000-default.conf 
> 
> [2]+  Stopped                 vim 000-default.conf
> gamut@gamutgurus:/etc/apache2/sites-enabled$ sudo vim 000-default.conf 
a> [sudo] password for gamut: 
> gamut@gamutgurus:/etc/apache2/sites-enabled$ sudo vim 000-default.conf 
> gamut@gamutgurus:/etc/apache2/sites-enabled$ vim 000-default.conf 
> 
> [3]+  Stopped                 vim 000-default.conf
> gamut@gamutgurus:/etc/apache2/sites-enabled$ sudo vim 000-default.conf 
> gamut@gamutgurus:/etc/apache2/sites-enabled$ cd 
> gamut@gamutgurus:~$ htpasswd –c /var/www/html/htpasswd gamut1
> Usage:
> 000-default.conf htpasswd [-cimBdpsDv] [-C cost] passwordfile username
> 000-default.conf htpasswd -b[cmBdpsDv] [-C cost] passwordfile username password
> 
> 000-default.conf htpasswd -n[imBdps] [-C cost] username
> 000-default.conf htpasswd -nb[mBdps] [-C cost] username password
>  -c  Create a new file.
>  -n  Don't update file; display results on stdout.
>  -b  Use the password from the command line rather than prompting for it.
>  -i  Read password from stdin without verification (for script usage).
>  -m  Force MD5 encryption of the password (default).
>  -B  Force bcrypt encryption of the password (very secure).
>  -C  Set the computing time used for the bcrypt algorithm
>      (higher is more secure but slower, default: 5, valid: 4 to 31).
>  -d  Force CRYPT encryption of the password (8 chars max, insecure).
>  -s  Force SHA encryption of the password (insecure).
>  -p  Do not encrypt the password (plaintext, insecure).
>  -D  Delete the specified user.
>  -v  Verify password for the specified user.
> On other systems than Windows and NetWare the '-p' flag will probably not work.
> The SHA algorithm does not use a salt and is less secure than the MD5 algorithm.
> gamut@gamutgurus:~$ sudo htpasswd –c /var/www/html/htpasswd gamut1
> Usage:
> 000-default.conf htpasswd [-cimBdpsDv] [-C cost] passwordfile username
> 000-default.conf htpasswd -b[cmBdpsDv] [-C cost] passwordfile username password
> 
 > 000-default.conf htpasswd -n[imBdps] [-C cost] username
> 000-default.conf htpasswd -nb[mBdps] [-C cost] username password
>  -c  Create a new file.
>  -n  Don't update file; display results on stdout.
>  -b  Use the password from the command line rather than prompting for it.
>  -i  Read password from stdin without verification (for script usage).
->  -m  Force MD5 encryption of the password (default).
>  -B  Force bcrypt encryption of the password (very secure).
>  -C  Set the computing time used for the bcrypt algorithm
>      (higher is more secure but slower, default: 5, valid: 4 to 31).
>  -d  Force CRYPT encryption of the password (8 chars max, insecure).
>  -s  Force SHA encryption of the password (insecure).
>  -p  Do not encrypt the password (plaintext, insecure).
>  -D  Delete the specified user.
>  -v  Verify password for the specified user.
> On other systems than Windows and NetWare the '-p' flag will probably not work.
> The SHA algorithm does not use a salt and is less secure than the MD5 algorithm.
> gamut@gamutgurus:~$ htpasswd –c /var/www/html/htpasswd gamut1
> Usage:
> 000-default.conf htpasswd [-cimBdpsDv] [-C cost] passwordfile username
> 000-default.conf htpasswd -b[cmBdpsDv] [-C cost] passwordfile username password
> 
> 000-default.conf htpasswd -n[imBdps] [-C cost] username
> 000-default.conf htpasswd -nb[mBdps] [-C cost] username password
>  -c  Create a new file.
>  -n  Don't update file; display results on stdout.
>  -b  Use the password from the command line rather than prompting for it.
>  -i  Read password from stdin without verification (for script usage).
>  -m  Force MD5 encryption of the password (default).
>  -B  Force bcrypt encryption of the password (very secure).
>  -C  Set the computing time used for the bcrypt algorithm
>      (higher is more secure but slower, default: 5, valid: 4 to 31).
>  -d  Force CRYPT encryption of the password (8 chars max, insecure).
>  -s  Force SHA encryption of the password (insecure).
>  -p  Do not encrypt the password (plaintext, insecure).
>  -D  Delete the specified user.
>  -v  Verify password for the specified user.
> On other systems than Windows and NetWare the '-p' flag will probably not work.
> The SHA algorithm does not use a salt and is less secure than the MD5 algorithm.
> gamut@gamutgurus:~$ htpasswd -b[cmBdpsDv] [-C cost] passwordfile gamut gamut
> htpasswd: illegal option -- [
> Usage:
> 000-default.conf htpasswd [-cimBdpsDv] [-C cost] passwordfile username
> 000-default.conf htpasswd -b[cmBdpsDv] [-C cost] passwordfile username password
> 
> 000-default.conf htpasswd -n[imBdps] [-C cost] username
> 000-default.conf htpasswd -nb[mBdps] [-C cost] username password
>  -c  Create a new file.
>  -n  Don't update file; display results on stdout.
>  -b  Use the password from the command line rather than prompting for it.
>  -i  Read password from stdin without verification (for script usage).
>  -m  Force MD5 encryption of the password (default).
>  -B  Force bcrypt encryption of the password (very secure).
>  -C  Set the computing time used for the bcrypt algorithm
>      (higher is more secure but slower, default: 5, valid: 4 to 31).
>  -d  Force CRYPT encryption of the password (8 chars max, insecure).
>  -s  Force SHA encryption of the password (insecure).
>  -p  Do not encrypt the password (plaintext, insecure).
>  -D  Delete the specified user.
>  -v  Verify password for the specified user.
> On other systems than Windows and NetWare the '-p' flag will probably not work.
> The SHA algorithm does not use a salt and is less secure than the MD5 algorithm.
> gamut@gamutgurus:~$ htpasswd -b[gamut] [-C 5] passwordfile gamut gamut
> htpasswd: illegal option -- [
> Usage:
> 000-default.conf htpasswd [-cimBdpsDv] [-C cost] passwordfile username
> 000-default.conf htpasswd -b[cmBdpsDv] [-C cost] passwordfile username password
> 
> 000-default.conf htpasswd -n[imBdps] [-C cost] username
> 000-default.conf htpasswd -nb[mBdps] [-C cost] username password
>  -c  Create a new file.
>  -n  Don't update file; display results on stdout.
>  -b  Use the password from the command line rather than prompting for it.
>  -i  Read password from stdin without verification (for script usage).
>  -m  Force MD5 encryption of the password (default).
>  -B  Force bcrypt encryption of the password (very secure).
>  -C  Set the computing time used for the bcrypt algorithm
>      (higher is more secure but slower, default: 5, valid: 4 to 31).
>  -d  Force CRYPT encryption of the password (8 chars max, insecure).
>  -s  Force SHA encryption of the password (insecure).
>  -p  Do not encrypt the password (plaintext, insecure).
>  -D  Delete the specified user.
>  -v  Verify password for the specified user.
> On other systems than Windows and NetWare the '-p' flag will probably not work.
> The SHA algorithm does not use a salt and is less secure than the MD5 algorithm.
> gamut@gamutgurus:~$ htpasswd –c /var/www/html/htpasswd gamut1 gamut
> Usage:
> 000-default.conf htpasswd [-cimBdpsDv] [-C cost] passwordfile username
> 000-default.conf htpasswd -b[cmBdpsDv] [-C cost] passwordfile username password
> 
> 000-default.conf htpasswd -n[imBdps] [-C cost] username
> 000-default.conf htpasswd -nb[mBdps] [-C cost] username password
>  -c  Create a new file.
>  -n  Don't update file; display results on stdout.
>  -b  Use the password from the command line rather than prompting for it.
>  -i  Read password from stdin without verification (for script usage).
>  -m  Force MD5 encryption of the password (default).
>  -B  Force bcrypt encryption of the password (very secure).
>  -C  Set the computing time used for the bcrypt algorithm
>      (higher is more secure but slower, default: 5, valid: 4 to 31).
>  -d  Force CRYPT encryption of the password (8 chars max, insecure).
>  -s  Force SHA encryption of the password (insecure).
>  -p  Do not encrypt the password (plaintext, insecure).
>  -D  Delete the specified user.
>  -v  Verify password for the specified user.
> On other systems than Windows and NetWare the '-p' flag will probably not work.
> The SHA algorithm does not use a salt and is less secure than the MD5 algorithm.
> gamut@gamutgurus:~$ htpasswd –c /var/www/html/htpasswd gamut gamut
> Usage:
> 000-default.conf htpasswd [-cimBdpsDv] [-C cost] passwordfile username
> 000-default.conf htpasswd -b[cmBdpsDv] [-C cost] passwordfile username password
> 
> 000-default.conf htpasswd -n[imBdps] [-C cost] username
> 000-default.conf htpasswd -nb[mBdps] [-C cost] username password
>  -c  Create a new file.
>  -n  Don't update file; display results on stdout.
>  -b  Use the password from the command line rather than prompting for it.
>  -i  Read password from stdin without verification (for script usage).
>  -m  Force MD5 encryption of the password (default).
>  -B  Force bcrypt encryption of the password (very secure).
>  -C  Set the computing time used for the bcrypt algorithm
>      (higher is more secure but slower, default: 5, valid: 4 to 31).
>  -d  Force CRYPT encryption of the password (8 chars max, insecure).
>  -s  Force SHA encryption of the password (insecure).
>  -p  Do not encrypt the password (plaintext, insecure).
>  -D  Delete the specified user.
>  -v  Verify password for the specified user.
> On other systems than Windows and NetWare the '-p' flag will probably not work.
> The SHA algorithm does not use a salt and is less secure than the MD5 algorithm.
> gamut@gamutgurus:~$ htpasswd –nb /var/www/html/htpasswd gamut gamut
> Usage:
> 000-default.conf htpasswd [-cimBdpsDv] [-C cost] passwordfile username
> 000-default.conf htpasswd -b[cmBdpsDv] [-C cost] passwordfile username password
> 
> 000-default.conf htpasswd -n[imBdps] [-C cost] username
> 000-default.conf htpasswd -nb[mBdps] [-C cost] username password
>  -c  Create a new file.
>  -n  Don't update file; display results on stdout.
>  -b  Use the password from the command line rather than prompting for it.
>  -i  Read password from stdin without verification (for script usage).
>  -m  Force MD5 encryption of the password (default).
>  -B  Force bcrypt encryption of the password (very secure).
>  -C  Set the computing time used for the bcrypt algorithm
>      (higher is more secure but slower, default: 5, valid: 4 to 31).
>  -d  Force CRYPT encryption of the password (8 chars max, insecure).
>  -s  Force SHA encryption of the password (insecure).
>  -p  Do not encrypt the password (plaintext, insecure).
>  -D  Delete the specified user.
>  -v  Verify password for the specified user.
> On other systems than Windows and NetWare the '-p' flag will probably not work.
> The SHA algorithm does not use a salt and is less secure than the MD5 algorithm.
> gamut@gamutgurus:~$ sudo htpasswd  /var/www/html/htpasswd gamut1
> htpasswd: cannot modify file /var/www/html/htpasswd; use '-c' to create it
> gamut@gamutgurus:~$ sudo htpasswd –c /var/www/html/htpasswd gamut gamut
> Usage:
> 000-default.conf htpasswd [-cimBdpsDv] [-C cost] passwordfile username
> 000-default.conf htpasswd -b[cmBdpsDv] [-C cost] passwordfile username password
> 
> 000-default.conf htpasswd -n[imBdps] [-C cost] username
> 000-default.conf htpasswd -nb[mBdps] [-C cost] username password
>  -c  Create a new file.
>  -n  Don't update file; display results on stdout.
>  -b  Use the password from the command line rather than prompting for it.
>  -i  Read password from stdin without verification (for script usage).
>  -m  Force MD5 encryption of the password (default).
>  -B  Force bcrypt encryption of the password (very secure).
>  -C  Set the computing time used for the bcrypt algorithm
>      (higher is more secure but slower, default: 5, valid: 4 to 31).
>  -d  Force CRYPT encryption of the password (8 chars max, insecure).
>  -s  Force SHA encryption of the password (insecure).
>  -p  Do not encrypt the password (plaintext, insecure).
>  -D  Delete the specified user.
>  -v  Verify password for the specified user.
> On other systems than Windows and NetWare the '-p' flag will probably not work.
> The SHA algorithm does not use a salt and is less secure than the MD5 algorithm.
> gamut@gamutgurus:~$ sudo htpasswd –c /var/www/html/htpasswd gamut1
> Usage:
> 000-default.conf htpasswd [-cimBdpsDv] [-C cost] passwordfile username
> 000-default.conf htpasswd -b[cmBdpsDv] [-C cost] passwordfile username password
> 
> 000-default.conf htpasswd -n[imBdps] [-C cost] username
> 000-default.conf htpasswd -nb[mBdps] [-C cost] username password
>  -c  Create a new file.
>  -n  Don't update file; display results on stdout.
>  -b  Use the password from the command line rather than prompting for it.
>  -i  Read password from stdin without verification (for script usage).
>  -m  Force MD5 encryption of the password (default).
>  -B  Force bcrypt encryption of the password (very secure).
>  -C  Set the computing time used for the bcrypt algorithm
>      (higher is more secure but slower, default: 5, valid: 4 to 31).
>  -d  Force CRYPT encryption of the password (8 chars max, insecure).
>  -s  Force SHA encryption of the password (insecure).
>  -p  Do not encrypt the password (plaintext, insecure).
>  -D  Delete the specified user.
>  -v  Verify password for the specified user.
> On other systems than Windows and NetWare the '-p' flag will probably not work.
> The SHA algorithm does not use a salt and is less secure than the MD5 algorithm.
> gamut@gamutgurus:~$ sudo vim 000
> 
> [4]+  Stopped                 sudo vim 000
> gamut@gamutgurus:~$ cd /var/www/html/git
> gamut@gamutgurus:/var/www/html/git$ ls
> branches  config  description  HEAD  hooks  info  objects  refs  supriya.git
> gamut@gamutgurus:/var/www/html/git$ sudo vim config
> gamut@gamutgurus:/var/www/html/git$ cd 
> gamut@gamutgurus:~$ /etc/apache2
> bash: /etc/apache2: Is a directory
> gamut@gamutgurus:~$ cd /etc/apache2
> gamut@gamutgurus:/etc/apache2$ cd sites-enabled/
> gamut@gamutgurus:/etc/apache2/sites-enabled$ ls
> 000-default.conf
> gamut@gamutgurus:/etc/apache2/sites-enabled$ sudo vim 000-default.conf 
> gamut@gamutgurus:/etc/apache2/sites-enabled$ cd 
> gamut@gamutgurus:~$ htpasswd -c /var/www/html/htpasswd gamut1
> htpasswd: cannot create file /var/www/html/htpasswd
> gamut@gamutgurus:~$ sudo htpasswd -c /var/www/html/htpasswd gamut1
> New password: 
> Re-type new password: 
> Adding password for user gamut1
> gamut@gamutgurus:~$ sudo htpasswd /var/www/html/htpasswd gamut1
> New password: 
> Re-type new password: 
> Updating password for user gamut1
sito> gamut@gamutgurus:~$ service apache2 restart
> gamut@gamutgurus:~$ git clone http://192.168.31.68/supriya.git
> Cloning into 'supriya'...
> fatal: repository 'http://192.168.31.68/supriya.git/' not found
> gamut@gamutgurus:~$ git clone http://192.168.31.68/git/supriya.git
> Cloning into 'supriya'...
> Username for 'http://192.168.31.68': gamut1
> Password for 'http://gamut1@192.168.31.68': 
> warning: You appear to have cloned an empty repository.
> Checking connectivity... done.
> gamut@gamutgurus:~$ ls
> apt-transport-https  Documents         Music                       subversion
> ca-certificates      Downloads         practice                    supriya
> commercial           examples.desktop  project                     Templates
> curl                 first             project.git                 Videos
> Desktop              initial           software-properties-common
> gamut@gamutgurus:~$ cd supriya.git
> bash: cd: supriya.git: No such file or directory
> gamut@gamutgurus:~$ cd supriya
> gamut@gamutgurus:~/supriya$ ls
> gamut@gamutgurus:~/supriya$ cd ..
> gamut@gamutgurus:~$ ls
> apt-transport-https  Documents         Music                       subversion
> ca-certificates      Downloads         practice                    supriya
> commercial           examples.desktop  project                     Templates
> curl                 first             project.git                 Videos
> Desktop              initial           software-properties-common
> gamut@gamutgurus:~$ cd supriya/
> gamut@gamutgurus:~/supriya$ ls
> gamut@gamutgurus:~/supriya$ ^C
> gamut@gamutgurus:~/supriya$ ^C
> gamut@gamutgurus:~/supriya$ ^C
> gamut@gamutgurus:~/supriya$ ^C
> gamut@gamutgurus:~/supriya$ ^C
> gamut@gamutgurus:~/supriya$ ^C
> gamut@gamutgurus:~/supriya$ ^C
> gamut@gamutgurus:~/supriya$ ^C
> gamut@gamutgurus:~/supriya$ ^C
> gamut@gamutgurus:~/supriya$ ^C
> gamut@gamutgurus:~/supriya$ ^C
> gamut@gamutgurus:~/supriya$ 
> gamut@gamutgurus:~$ cd /var/www/html
> gamut@gamutgurus:/var/www/html$ mkdir git
> mkdir: cannot create directory ‘git’: Permission denied
> gamut@gamutgurus:/var/www/html$ sudo su
> [sudo] password for gamut: 
> root@gamutgurus:/var/www/html# mkdir git
> root@gamutgurus:/var/www/html# ls
> git  index.html
> root@gamutgurus:/var/www/html# sudo chgrp -R www-data /var/www/html/git
> root@gamutgurus:/var/www/html#  chgrp -R www-data /var/www/html/git
> root@gamutgurus:/var/www/html# sudo chgrp -R www-data /var/www/html/git
> root@gamutgurus:/var/www/html# ssh username
> ssh: Could not resolve hostname username: No address associated with hostname
> root@gamutgurus:/var/www/html# ssh username = "gamutgurus"
> ssh: Could not resolve hostname username: No address associated with hostname
> root@gamutgurus:/var/www/html# ls-ld webapps/
> ls-ld: command not found
> root@gamutgurus:/var/www/html# ls -ld webapps/
> ls: cannot access 'webapps/': No such file or directory
> root@gamutgurus:/var/www/html# chmod 777 -R apache2-tomcat-8.5.11
> chmod: cannot access 'apache2-tomcat-8.5.11': No such file or directory
> root@gamutgurus:/var/www/html# exit
> exit
> gamut@gamutgurus:/var/www/html$ ls
> git  index.html
> gamut@gamutgurus:/var/www/html$ cd gir
> bash: cd: gir: No such file or directory
> gamut@gamutgurus:/var/www/html$ cd git
> gamut@gamutgurus:/var/www/html/git$  chgrp -R www-data /var/www/html/gitchgrp: changing group of '/var/www/html/git': Operation not permitted
> gamut@gamutgurus:/var/www/html/git$ sudo chgrp -R www-data /var/www/html/git[sudo] password for gamut: 
> gamut@gamutgurus:/var/www/html/git$ cd git
> bash: cd: git: No such file or directory
> gamut@gamutgurus:/var/www/html/git$ cd .
> gamut@gamutgurus:/var/www/html/git$ mkdir git
> mkdir: cannot create directory ‘git’: Permission denied
> gamut@gamutgurus:/var/www/html/git$ git init --bared --shared supriya.git
> error: unknown option `bared'
> usage: git init [-q | --quiet] [--bare] [--template=<template-directory>] [--shared[=<permissions>]] [<directory>]
> 
r>     --template <template-directory>
>                           directory from which templates will be used
>     --bare                create a bare repository
>     --shared[=<permissions>]
>                           specify that the git repository is to be shared amongst several users
>     -q, --quiet           be quiet
>     --separate-git-dir <gitdir>
>                           separate git dir from working tree
> 
> gamut@gamutgurus:/var/www/html/git$ mkdir supriya.git
> mkdir: cannot create directory ‘supriya.git’: Permission denied
> gamut@gamutgurus:/var/www/html/git$ git init --bared --shared supriya.git
> error: unknown option `bared'
bash: bared
usage: git init [-q | --quiet] [--bare] [--template=<template-directory>] [--shared[=<permissions>]] [<directory>]

    --template <template-directory>
                          directory from which templates will be used
    --bare                create a bare repository
    --shared[=<permissions>]
                          specify that the git repository is to be shared amongst several users
    -q, --quiet           be quiet
    --separate-git-dir <gitdir>
                          separate git dir from working tree

gamut@gamutgurus:/var/www/html/git$ sudo git init --bare --shared
Initialized empty shared Git repository in /var/www/html/git/
gamut@gamutgurus:/var/www/html/git$ sudo git init --bare --shared supriya.git
[sudo] password for gamut: 
Initialized empty shared Git repository in /var/www/html/git/supriya.git/
gamut@gamutgurus:/var/www/html/git$ 
gamut@gamutgurus:/var/www/html/git$ 
gamut@gamutgurus:/var/www/html/git$ 
gamut@gamutgurus:/var/www/html/git$ 
gamut@gamutgurus:/var/www/html/git$ apache2.conf
apache2.conf: command not found
gamut@gamutgurus:/var/www/html/git$ cd ..
gamut@gamutgurus:/var/www/html$ apache2.conf
apache2.conf: command not found
gamut@gamutgurus:/var/www/html$ cd 
gamut@gamutgurus:~$ cd etc/apache2/sites-enabled/000-default.conf
bash: cd: etc/apache2/sites-enabled/000-default.conf: No such file or directory
gamut@gamutgurus:~$ sudo cd etc/apache2/sites-enabled/000-default.conf
sudo: cd: command not found
gamut@gamutgurus:~$ cd git
bash: cd: git: No such file or directory
gamut@gamutgurus:~$ cd var/www/html/git
bash: cd: var/www/html/git: No such file or directory
gamut@gamutgurus:~$ cd /var/www/html/git
gamut@gamutgurus:/var/www/html/git$ ls
branches  config  description  HEAD  hooks  info  objects  refs  supriya.git
gamut@gamutgurus:/var/www/html/git$ vim config
gamut@gamutgurus:/var/www/html/git$ cd supriya.git/
gamut@gamutgurus:/var/www/html/git/supriya.git$ ls
branches  config  description  HEAD  hooks  info  objects  refs
gamut@gamutgurus:/var/www/html/git/supriya.git$ vim config 
gamut@gamutgurus:/var/www/html/git/supriya.git$ cd 
gamut@gamutgurus:~$ /etc/
bash: /etc/: Is a directory
gamut@gamutgurus:~$ /etc/ap
apache2/    apparmor/   apport/     aptdaemon/  
apm/        apparmor.d/ apt/        
gamut@gamutgurus:~$ /etc/apache2
bash: /etc/apache2: Is a directory
gamut@gamutgurus:~$ cd /etc/ap
apache2/    apparmor/   apport/     aptdaemon/  
apm/        apparmor.d/ apt/        
gamut@gamutgurus:~$ cd /etc/apache2
gamut@gamutgurus:/etc/apache2$ ls
apache2.conf    conf-enabled  magic           mods-enabled  sites-available
conf-available  envvars       mods-available  ports.conf    sites-enabled
gamut@gamutgurus:/etc/apache2$ cd sites-enabled/
gamut@gamutgurus:/etc/apache2/sites-enabled$ ls
000-default.conf
gamut@gamutgurus:/etc/apache2/sites-enabled$ vim 000-default.conf 

[1]+  Stopped                 vim 000-default.conf
gamut@gamutgurus:/etc/apache2/sites-enabled$ chmod 777 000-default.conf 
chmod: changing permissions of 000-default.conf: Operation not permitted
gamut@gamutgurus:/etc/apache2/sites-enabled$ chmod 755 000-default.conf 
chmod: changing permissions of 000-default.conf: Operation not permitted
gamut@gamutgurus:/etc/apache2/sites-enabled$ chmod -x+o 000-default.conf 
chmod: changing permissions of 000-default.conf: Operation not permitted
gamut@gamutgurus:/etc/apache2/sites-enabled$ vim 000-default.conf 

[2]+  Stopped                 vim 000-default.conf
gamut@gamutgurus:/etc/apache2/sites-enabled$ sudo vim 000-default.conf 
[sudo] password for gamut: 
gamut@gamutgurus:/etc/apache2/sites-enabled$ sudo vim 000-default.conf 
gamut@gamutgurus:/etc/apache2/sites-enabled$ vim 000-default.conf 

[3]+  Stopped                 vim 000-default.conf
gamut@gamutgurus:/etc/apache2/sites-enabled$ sudo vim 000-default.conf 
gamut@gamutgurus:/etc/apache2/sites-enabled$ cd 
gamut@gamutgurus:~$ htpasswd –c /var/www/html/htpasswd gamut1
Usage:
000-default.conf htpasswd [-cimBdpsDv] [-C cost] passwordfile username
000-default.conf htpasswd -b[cmBdpsDv] [-C cost] passwordfile username password

000-default.conf htpasswd -n[imBdps] [-C cost] username
000-default.conf htpasswd -nb[mBdps] [-C cost] username password
 -c  Create a new file.
 -n  Dont: File name too long
display: unable to open image `results': No such file or directory @ error/blob.c/OpenBlob/2712.
display: no decode delegate for this image format `' @ error/constitute.c/ReadImage/501.
display: unable to open image `on': No such file or directory @ error/blob.c/OpenBlob/2712.
display: no decode delegate for this image format `' @ error/constitute.c/ReadImage/501.
display: unable to open image `stdout.': No such file or directory @ error/blob.c/OpenBlob/2712.
display: no decode delegate for this image format `' @ error/constitute.c/ReadImage/501.
-b: command not found
bash: command substitution: line 92: syntax error near unexpected token `('
bash: command substitution: line 92: ` -i  Read password from stdin without verification (for script usage).'
error:: command not found
gamut@gamutgurus:/etc/apache2/sites-enabled$ usage: git init [-q | --quiet] [--bare] [--template=<template-directory>] [--shared[=<permissions>]] [<directory>]
bash: template-directory: No such file or directory
usage:: command not found
gamut@gamutgurus:/etc/apache2/sites-enabled$ 
tgamut@gamutgurus:/etc/apache2/sites-enabled$     --template <template-directorybash: syntax error near unexpected token `newline'
gamut@gamutgurus:/etc/apache2/sites-enabled$                           directory from which templates will be used
directory: command not found
gamut@gamutgurus:/etc/apache2/sites-enabled$     --bare                create a bare repository
--bare: command not found
gamut@gamutgurus:/etc/apache2/sites-enabled$     --shared[=<permissions>]
bash: permissions: No such file or directory
gamut@gamutgurus:/etc/apache2/sites-enabled$                           specify that the git repository is to be shared amongst several users
The program 'specify' is currently not installed. You can install it by typing:
sudo apt install spectacle
gamut@gamutgurus:/etc/apache2/sites-enabled$     -q, --quiet           be quiet
-q,: command not found
gamut@gamutgurus:/etc/apache2/sites-enabled$     --separate-git-dir <gitdir>
bash: syntax error near unexpected token `newline'
gamut@gamutgurus:/etc/apache2/sites-enabled$                           separate git dir from working tree
separate: command not found
gamut@gamutgurus:/etc/apache2/sites-enabled$ 
0gamut@gamutgurus:/etc/apache2/sites-enabled$ gamut@gamutgurus:/var/www/html/git sudo mkdir supriya.git
bash: gamut@gamutgurus:/var/www/html/git$: No such file or directory
gamut@gamutgurus:/etc/apache2/sites-enabled$ gamut@gamutgurus:/var/www/html/git$ git init --bared --shared
bash: gamut@gamutgurus:/var/www/html/git$: No such file or directory
gamut@gamutgurus:/etc/apache2/sites-enabled$ error: unknown option `bared'
> usage: git init [-q | --quiet] [--bare] [--template=<template-directory>] [--shared[=<permissions>]] [<directory>]
> 
>     --template <template-directory>
>                           directory from which templates will be used
>     --bare                create a bare repository
>     --shared[=<permissions>]
>                           specify that the git repository is to be shared amongst several users
>     -q, --quiet           be quiet
>     --separate-git-dir <gitdir>
>                           separate git dir from working tree
> 
> gamut@gamutgurus:/var/www/html/git$ sudo git init --bared --shared
> error: unknown option `bared'
> usage: git init [-q | --quiet] [--bare] [--template=<template-directory>] [--shared[=<permissions>]] [<directory>]
> 
>     --template <template-directory>
>                           directory from which templates will be used
>     --bare                create a bare repository
>     --shared[=<permissions>]
>                           specify that the git repository is to be shared amongst several users
>     -q, --quiet           be quiet
>     --separate-git-dir <gitdir>
>                           separate git dir from working tree
> 
4> gamut@gamutgurus:/var/www/html/git$ sudo git init --bare --shared
> Initialized empty shared Git repository in /var/www/html/git/
> gamut@gamutgurus:/var/www/html/git$ sudo git init --bare --shared supriya.git
> [sudo] password for gamut: 
> Initialized empty shared Git repository in /var/www/html/git/supriya.git/
> gamut@gamutgurus:/var/www/html/git$ 
> gamut@gamutgurus:/var/www/html/git$ 
> gamut@gamutgurus:/var/www/html/git$ 
> gamut@gamutgurus:/var/www/html/git$ 
> gamut@gamutgurus:/var/www/html/git$ apache2.conf
> apache2.conf: command not found
> gamut@gamutgurus:/var/www/html/git$ cd ..
> gamut@gamutgurus:/var/www/html$ apache2.conf
> apache2.conf: command not found
> gamut@gamutgurus:/var/www/html$ cd 
> gamut@gamutgurus:~$ cd etc/apache2/sites-enabled/000-default.conf
> bash: cd: etc/apache2/sites-enabled/000-default.conf: No such file or directory
> gamut@gamutgurus:~$ sudo cd etc/apache2/sites-enabled/000-default.conf
> sudo: cd: command not found
> gamut@gamutgurus:~$ cd git
> bash: cd: git: No such file or directory
> gamut@gamutgurus:~$ cd var/www/html/git
> bash: cd: var/www/html/git: No such file or directory
> gamut@gamutgurus:~$ cd /var/www/html/git
> gamut@gamutgurus:/var/www/html/git$ ls
> branches  config  description  HEAD  hooks  info  objects  refs  supriya.git
> gamut@gamutgurus:/var/www/html/git$ vim config
> gamut@gamutgurus:/var/www/html/git$ cd supriya.git/
> gamut@gamutgurus:/var/www/html/git/supriya.git$ ls
> branches  config  description  HEAD  hooks  info  objects  refs
> gamut@gamutgurus:/var/www/html/git/supriya.git$ vim config 
> gamut@gamutgurus:/var/www/html/git/supriya.git$ cd 
> gamut@gamutgurus:~$ /etc/
> bash: /etc/: Is a directory
> gamut@gamutgurus:~$ /etc/ap
> apache2/    apparmor/   apport/     aptdaemon/  
> apm/        apparmor.d/ apt/        
> gamut@gamutgurus:~$ /etc/apache2
> bash: /etc/apache2: Is a directory
> gamut@gamutgurus:~$ cd /etc/ap
> apache2/    apparmor/   apport/     aptdaemon/  
> apm/        apparmor.d/ apt/        
> gamut@gamutgurus:~$ cd /etc/apache2
> gamut@gamutgurus:/etc/apache2$ ls
> apache2.conf    conf-enabled  magic           mods-enabled  sites-available
> conf-available  envvars       mods-available  ports.conf    sites-enabled
> gamut@gamutgurus:/etc/apache2$ cd sites-enabled/
> gamut@gamutgurus:/etc/apache2/sites-enabled$ ls
> 000-default.conf
> gamut@gamutgurus:/etc/apache2/sites-enabled$ vim 000-default.conf 
> 
c> [1]+  Stopped                 vim 000-default.conf
> gamut@gamutgurus:/etc/apache2/sites-enabled$ chmod 777 000-default.conf 
> chmod: changing permissions of '000-default.conf': Operation not permitted
> gamut@gamutgurus:/etc/apache2/sites-enabled$ chmod 755 000-default.conf 
> chmod: changing permissions of '000-default.conf': Operation not permitted
> gamut@gamutgurus:/etc/apache2/sites-enabled$ chmod -x+o 000-default.conf 
> chmod: changing permissions of '000-default.conf': Operation not permitted
> gamut@gamutgurus:/etc/apache2/sites-enabled$ vim 000-default.conf 
> 
> [2]+  Stopped                 vim 000-default.conf
> gamut@gamutgurus:/etc/apache2/sites-enabled$ sudo vim 000-default.conf 
> [sudo] password for gamut: 
> gamut@gamutgurus:/etc/apache2/sites-enabled$ sudo vim 000-default.conf 
> gamut@gamutgurus:/etc/apache2/sites-enabled$ vim 000-default.conf 
> 
> [3]+  Stopped                 vim 000-default.conf
> gamut@gamutgurus:/etc/apache2/sites-enabled$ sudo vim 000-default.conf 
> gamut@gamutgurus:/etc/apache2/sites-enabled$ cd 
> gamut@gamutgurus:~$ htpasswd –c /var/www/html/htpasswd gamut1
> Usage:
> 000-default.conf htpasswd [-cimBdpsDv] [-C cost] passwordfile username
> 000-default.conf htpasswd -b[cmBdpsDv] [-C cost] passwordfile username password
> 
> 000-default.conf htpasswd -n[imBdps] [-C cost] username
> 000-default.conf htpasswd -nb[mBdps] [-C cost] username password
>  -c  Create a new file.
>  -n  Don't update file; display results on stdout.
bash: command substitution: line 1: unexpected EOF while looking for matching `''
bash: command substitution: line 15: syntax error: unexpected end of file
error:: command not found
display: unable to open image `results': No such file or directory @ error/blob.c/OpenBlob/2712.
display: no decode delegate for this image format `' @ error/constitute.c/ReadImage/501.
display: unable to open image `on': No such file or directory @ error/blob.c/OpenBlob/2712.
display: no decode delegate for this image format `' @ error/constitute.c/ReadImage/501.
display: unable to open image `stdout.': No such file or directory @ error/blob.c/OpenBlob/2712.
display: no decode delegate for this image format `' @ error/constitute.c/ReadImage/501.
gamut@gamutgurus:/etc/apache2/sites-enabled$  -b  Use the password from the command line rather than prompting for it.
-b: command not found
gamut@gamutgurus:/etc/apache2/sites-enabled$  -i  Read password from stdin without verification (for script usage).
bash: syntax error near unexpected token `('
gamut@gamutgurus:/etc/apache2/sites-enabled$  -m  Force MD5 encryption of the password (default).
bash: syntax error near unexpected token `('
gamut@gamutgurus:/etc/apache2/sites-enabled$  -B  Force bcrypt encryption of the password (very secure).
bash: syntax error near unexpected token `('
gamut@gamutgurus:/etc/apache2/sites-enabled$  -C  Set the computing time used for the bcrypt algorithm
-C: command not found
gamut@gamutgurus:/etc/apache2/sites-enabled$      (higher is more secure but slower, default: 5, valid: 4 to 31).
bash: syntax error near unexpected token `.'
gamut@gamutgurus:/etc/apache2/sites-enabled$  -d  Force CRYPT encryption of the password (8 chars max, insecure).
bash: syntax error near unexpected token `('
gamut@gamutgurus:/etc/apache2/sites-enabled$  -s  Force SHA encryption of the password (insecure).
bash: syntax error near unexpected token `('
gamut@gamutgurus:/etc/apache2/sites-enabled$  -p  Do not encrypt the password (plaintext, insecure).
bash: syntax error near unexpected token `('
gamut@gamutgurus:/etc/apache2/sites-enabled$  -D  Delete the specified user.
-D: command not found
gamut@gamutgurus:/etc/apache2/sites-enabled$  -v  Verify password for the specified user.
-v: command not found
gamut@gamutgurus:/etc/apache2/sites-enabled$ On other systems than Windows and NetWare the '-p' flag will probably not work.
On: command not found
gamut@gamutgurus:/etc/apache2/sites-enabled$ The SHA algorithm does not use a salt and is less secure than the MD5 algorithm.
No command 'The' found, did you mean:
 Command 'the' from package 'the' (universe)
The: command not found
gamut@gamutgurus:/etc/apache2/sites-enabled$ gamut@gamutgurus:~$ sudo htpasswd –c /var/www/html/htpasswd gamut1
gamut@gamutgurus:~$: command not found
gamut@gamutgurus:/etc/apache2/sites-enabled$ Usage:
Usage:: command not found
gamut@gamutgurus:/etc/apache2/sites-enabled$ htpasswd [-cimBdpsDv] [-C cost] passwordfile username
Usage:
	htpasswd [-cimBdpsDv] [-C cost] passwordfile username
	htpasswd -b[cmBdpsDv] [-C cost] passwordfile username password

	htpasswd -n[imBdps] [-C cost] username
	htpasswd -nb[mBdps] [-C cost] username password
 -c  Create a new file.
 -n  Don't update file; display results on stdout.
 -b  Use the password from the command line rather than prompting for it.
 -i  Read password from stdin without verification (for script usage).
 -m  Force MD5 encryption of the password (default).
 -B  Force bcrypt encryption of the password (very secure).
 -C  Set the computing time used for the bcrypt algorithm
     (higher is more secure but slower, default: 5, valid: 4 to 31).
 -d  Force CRYPT encryption of the password (8 chars max, insecure).
 -s  Force SHA encryption of the password (insecure).
 -p  Do not encrypt the password (plaintext, insecure).
 -D  Delete the specified user.
 -v  Verify password for the specified user.
On other systems than Windows and NetWare the '-p' flag will probably not work.
The SHA algorithm does not use a salt and is less secure than the MD5 algorithm.
gamut@gamutgurus:/etc/apache2/sites-enabled$ htpasswd -b[cmBdpsDv] [-C cost] passwordfile username password
htpasswd: illegal option -- [
Usage:
	htpasswd [-cimBdpsDv] [-C cost] passwordfile username
	htpasswd -b[cmBdpsDv] [-C cost] passwordfile username password

	htpasswd -n[imBdps] [-C cost] username
	htpasswd -nb[mBdps] [-C cost] username password
 -c  Create a new file.
 -n  Don't update file; display results on stdout.
 -b  Use the password from the command line rather than prompting for it.
 -i  Read password from stdin without verification (for script usage).
 -m  Force MD5 encryption of the password (default).
 -B  Force bcrypt encryption of the password (very secure).
 -C  Set the computing time used for the bcrypt algorithm
     (higher is more secure but slower, default: 5, valid: 4 to 31).
 -d  Force CRYPT encryption of the password (8 chars max, insecure).
 -s  Force SHA encryption of the password (insecure).
 -p  Do not encrypt the password (plaintext, insecure).
 -D  Delete the specified user.
 -v  Verify password for the specified user.
On other systems than Windows and NetWare the '-p' flag will probably not work.
The SHA algorithm does not use a salt and is less secure than the MD5 algorithm.
gamut@gamutgurus:/etc/apache2/sites-enabled$ 
 gamut@gamutgurus:/etc/apache2/sites-enabled$ htpasswd -n[imBdps] [-C cost] userame
htpasswd: illegal option -- [
Usage:
	htpasswd [-cimBdpsDv] [-C cost] passwordfile username
	htpasswd -b[cmBdpsDv] [-C cost] passwordfile username password

	htpasswd -n[imBdps] [-C cost] username
	htpasswd -nb[mBdps] [-C cost] username password
 -c  Create a new file.
 -n  Don't update file; display results on stdout.
 -b  Use the password from the command line rather than prompting for it.
 -i  Read password from stdin without verification (for script usage).
 -m  Force MD5 encryption of the password (default).
 -B  Force bcrypt encryption of the password (very secure).
 -C  Set the computing time used for the bcrypt algorithm
     (higher is more secure but slower, default: 5, valid: 4 to 31).
 -d  Force CRYPT encryption of the password (8 chars max, insecure).
 -s  Force SHA encryption of the password (insecure).
 -p  Do not encrypt the password (plaintext, insecure).
 -D  Delete the specified user.
 -v  Verify password for the specified user.
On other systems than Windows and NetWare the '-p' flag will probably not work.
The SHA algorithm does not use a salt and is less secure than the MD5 algorithm.
gamut@gamutgurus:/etc/apache2/sites-enabled$ htpasswd -nb[mBdps] [-C cost] username password
htpasswd: illegal option -- [
Usage:
	htpasswd [-cimBdpsDv] [-C cost] passwordfile username
	htpasswd -b[cmBdpsDv] [-C cost] passwordfile username password

	htpasswd -n[imBdps] [-C cost] username
	htpasswd -nb[mBdps] [-C cost] username password
 -c  Create a new file.
 -n  Don't update file; display results on stdout.
 -b  Use the password from the command line rather than prompting for it.
 -i  Read password from stdin without verification (for script usage).
 -m  Force MD5 encryption of the password (default).
 -B  Force bcrypt encryption of the password (very secure).
 -C  Set the computing time used for the bcrypt algorithm
     (higher is more secure but slower, default: 5, valid: 4 to 31).
 -d  Force CRYPT encryption of the password (8 chars max, insecure).
 -s  Force SHA encryption of the password (insecure).
 -p  Do not encrypt the password (plaintext, insecure).
 -D  Delete the specified user.
 -v  Verify password for the specified user.
On other systems than Windows and NetWare the '-p' flag will probably not work.
The SHA algorithm does not use a salt and is less secure than the MD5 algorithm.
gamut@gamutgurus:/etc/apache2/sites-enabled$  -c  Create a new file.
-c: command not found
gamut@gamutgurus:/etc/apache2/sites-enabled$  -n  Don't update file; display results on stdout.
>  -b  Use the password from the command line rather than prompting for it.
>  -i  Read password from stdin without verification (for script usage).
>  -m  Force MD5 encryption of the password (default).
>  -B  Force bcrypt encryption of the password (very secure).
>  -C  Set the computing time used for the bcrypt algorithm
>      (higher is more secure but slower, default: 5, valid: 4 to 31).
>  -d  Force CRYPT encryption of the password (8 chars max, insecure).
>  -s  Force SHA encryption of the password (insecure).
>  -p  Do not encrypt the password (plaintext, insecure).
>  -D  Delete the specified user.
>  -v  Verify password for the specified user.
> On other systems than Windows and NetWare the '-p' flag will probably not work.
> The SHA algorithm does not use a salt and is less secure than the MD5 algorithm.
> gamut@gamutgurus:~$ htpasswd –c /var/www/html/htpasswd gamut1
> Usage:
> 000-default.conf htpasswd [-cimBdpsDv] [-C cost] passwordfile username
> 000-default.conf htpasswd -b[cmBdpsDv] [-C cost] passwordfile username password
> 
> 000-default.conf htpasswd -n[imBdps] [-C cost] username
> 000-default.conf htpasswd -nb[mBdps] [-C cost] username password
>  -c  Create a new file.
>  -n  Don't update file; display results on stdout.
-n: command not found
display: unable to open image `results': No such file or directory @ error/blob.c/OpenBlob/2712.
display: no decode delegate for this image format `' @ error/constitute.c/ReadImage/501.
display: unable to open image `on': No such file or directory @ error/blob.c/OpenBlob/2712.
display: no decode delegate for this image format `' @ error/constitute.c/ReadImage/501.
display: unable to open image `stdout.': No such file or directory @ error/blob.c/OpenBlob/2712.
display: no decode delegate for this image format `' @ error/constitute.c/ReadImage/501.
gamut@gamutgurus:/etc/apache2/sites-enabled$  -b  Use the password from the command line rather than prompting for it.
-b: command not found
gamut@gamutgurus:/etc/apache2/sites-enabled$  -i  Read password from stdin without verification (for script usage).
bash: syntax error near unexpected token `('
gamut@gamutgurus:/etc/apache2/sites-enabled$  -m  Force MD5 encryption of the password (default).
bash: syntax error near unexpected token `('
gamut@gamutgurus:/etc/apache2/sites-enabled$  -B  Force bcrypt encryption of the password (very secure).
bash: syntax error near unexpected token `('
gamut@gamutgurus:/etc/apache2/sites-enabled$  -C  Set the computing time used for the bcrypt algorithm
-C: command not found
gamut@gamutgurus:/etc/apache2/sites-enabled$      (higher is more secure but slower, default: 5, valid: 4 to 31).
bash: syntax error near unexpected token `.'
gamut@gamutgurus:/etc/apache2/sites-enabled$  -d  Force CRYPT encryption of the password (8 chars max, insecure).
bash: syntax error near unexpected token `('
gamut@gamutgurus:/etc/apache2/sites-enabled$  -s  Force SHA encryption of the password (insecure).
bash: syntax error near unexpected token `('
gamut@gamutgurus:/etc/apache2/sites-enabled$  -p  Do not encrypt the password (plaintext, insecure).
ssword
 -c  Create a nbash: syntax error near unexpected token `('
gamut@gamutgurus:/etc/apache2/sites-enabled$  -D  Delete the specified user.
-D: command not found
gamut@gamutgurus:/etc/apache2/sites-enabled$  -v  Verify password for the specified user.
-v: command not found
gamut@gamutgurus:/etc/apache2/sites-enabled$ On other systems than Windows and NetWare the '-p' flag will probably not work.
mOn: command not found
gamut@gamutgurus:/etc/apache2/sites-enabled$ The SHA algorithm does not use a salt and is less secure than the MD5 algorithm.
No command 'The' found, did you mean:
 Command 'the' from package 'the' (universe)
The: command not found
gamut@gamutgurus:/etc/apache2/sites-enabled$ gamut@gamutgurus:~$ htpasswd -b[cmBdpsDv] [-C cost] passwordfile gamut gamut
gamut@gamutgurus:~$: command not found
gamut@gamutgurus:/etc/apache2/sites-enabled$ htpasswd: illegal option -- [
No command 'htpasswd:' found, did you mean:
 Command 'htpasswd' from package 'apache2-utils' (main)
htpasswd:: command not found
gamut@gamutgurus:/etc/apache2/sites-enabled$ Usage:
Usage:: command not found
gamut@gamutgurus:/etc/apache2/sites-enabled$ htpasswd [-cimBdpsDv] [-C cost] passwordfile username
Usage:
	htpasswd [-cimBdpsDv] [-C cost] passwordfile username
	htpasswd -b[cmBdpsDv] [-C cost] passwordfile username password

	htpasswd -n[imBdps] [-C cost] username
	htpasswd -nb[mBdps] [-C cost] username password
 -c  Create a new file.
 -n  Don't update file; display results on stdout.
 -b  Use the password from the command line rather than prompting for it.
 -i  Read password from stdin without verification (for script usage).
 -m  Force MD5 encryption of the password (default).
 -B  Force bcrypt encryption of the password (very secure).
 -C  Set the computing time used for the bcrypt algorithm
     (higher is more secure but slower, default: 5, valid: 4 to 31).
 -d  Force CRYPT encryption of the password (8 chars max, insecure).
 -s  Force SHA encryption of the password (insecure).
 -p  Do not encrypt the password (plaintext, insecure).
 -D  Delete the specified user.
 -v  Verify password for the specified user.
On other systems than Windows and NetWare the '-p' flag will probably not work.
The SHA algorithm does not use a salt and is less secure than the MD5 algorithm.
gamut@gamutgurus:/etc/apache2/sites-enabled$ htpasswd -b[cmBdpsDv] [-C cost] passwordfile username password
htpasswd: illegal option -- [
Usage:
	htpasswd [-cimBdpsDv] [-C cost] passwordfile username
	htpasswd -b[cmBdpsDv] [-C cost] passwordfile username password

	htpasswd -n[imBdps] [-C cost] username
	htpasswd -nb[mBdps] [-C cost] username password
 -c  Create a new file.
 -n  Don't update file; display results on stdout.
 -b  Use the password from the command line rather than prompting for it.
 -i  Read password from stdin without verification (for script usage).
 -m  Force MD5 encryption of the password (default).
 -B  Force bcrypt encryption of the password (very secure).
 -C  Set the computing time used for the bcrypt algorithm
     (higher is more secure but slower, default: 5, valid: 4 to 31).
 -d  Force CRYPT encryption of the password (8 chars max, insecure).
 -s  Force SHA encryption of the password (insecure).
 -p  Do not encrypt the password (plaintext, insecure).
 -D  Delete the specified user.
 -v  Verify password for the specified user.
On other systems than Windows and NetWare the '-p' flag will probably not work.
The SHA algorithm does not use a salt and is less secure than the MD5 algorithm.
gamut@gamutgurus:/etc/apache2/sites-enabled$ 
gamut@gamutgurus:/etc/apache2/sites-enabled$ htpasswd -n[imBdps] [-C cost] username
htpasswd: illegal option -- [
Usage:
	htpasswd [-cimBdpsDv] [-C cost] passwordfile username
	htpasswd -b[cmBdpsDv] [-C cost] passwordfile username password

	htpasswd -n[imBdps] [-C cost] username
	htpasswd -nb[mBdps] [-C cost] username password
 -c  Create a new file.
 -n  Don't update file; display results on stdout.
 -b  Use the password from the command line rather than prompting for it.
 -i  Read password from stdin without verification (for script usage).
 -m  Force MD5 encryption of the password (default).
 -B  Force bcrypt encryption of the password (very secure).
 -C  Set the computing time used for the bcrypt algorithm
     (higher is more secure but slower, default: 5, valid: 4 to 31).
 -d  Force CRYPT encryption of the password (8 chars max, insecure).
 -s  Force SHA encryption of the password (insecure).
 -p  Do not encrypt the password (plaintext, insecure).
 -D  Delete the specified user.
 -v  Verify password for the specified user.
On other systems than Windows and NetWare the '-p' flag will probably not work.
The SHA algorithm does not use a salt and is less secure than the MD5 algorithm.
gamut@gamutgurus:/etc/apache2/sites-enabled$ htpasswd -nb[mBdps] [-C cost] username password
htpasswd: illegal option -- [
Usage:
	htpasswd [-cimBdpsDv] [-C cost] passwordfile username
	htpasswd -b[cmBdpsDv] [-C cost] passwordfile username password

	htpasswd -n[imBdps] [-C cost] username
	htpasswd -nb[mBdps] [-C cost] username password
 -c  Create a new file.
 -n  Don't update file; display results on stdout.
 -b  Use the password from the command line rather than prompting for it.
 -i  Read password from stdin without verification (for script usage).
 -m  Force MD5 encryption of the password (default).
 -B  Force bcrypt encryption of the password (very secure).
 -C  Set the computing time used for the bcrypt algorithm
     (higher is more secure but slower, default: 5, valid: 4 to 31).
 -d  Force CRYPT encryption of the password (8 chars max, insecure).
 -s  Force SHA encryption of the password (insecure).
 -p  Do not encrypt the password (plaintext, insecure).
 -D  Delete the specified user.
 -v  Verify password for the specified user.
On other systems than Windows and NetWare the '-p' flag will probably not work.
The SHA algorithm does not use a salt and is less secure than the MD5 algorithm.
gamut@gamutgurus:/etc/apache2/sites-enabled$  -c  Create a new file.
-c: command not found
gamut@gamutgurus:/etc/apache2/sites-enabled$  -n  Don't update file; display results on stdout.
>  -b  Use the password from the command line rather than prompting for it.
>  -i  Read password from stdin without verification (for script usage).
>  -m  Force MD5 encryption of the password (default).
>  -B  Force bcrypt encryption of the password (very secure).
>  -C  Set the computing time used for the bcrypt algorithm
>      (higher is more secure but slower, default: 5, valid: 4 to 31).
>  -d  Force CRYPT encryption of the password (8 chars max, insecure).
>  -s  Force SHA encryption of the password (insecure).
>  -p  Do not encrypt the password (plaintext, insecure).
>  -D  Delete the specified user.
>  -v  Verify password for the specified user.
> On other systems than Windows and NetWare the '-p' flag will probably not work.
> The SHA algorithm does not use a salt and is less secure than the MD5 algorithm.
> gamut@gamutgurus:~$ htpasswd -b[gamut] [-C 5] passwordfile gamut gamut
> htpasswd: illegal option -- [
> Usage:
> 000-default.conf htpasswd [-cimBdpsDv] [-C cost] passwordfile username
> 000-default.conf htpasswd -b[cmBdpsDv] [-C cost] passwordfile username password
> 
> 000-default.conf htpasswd -n[imBdps] [-C cost] username
> 000-default.conf htpasswd -nb[mBdps] [-C cost] username password
>  -c  Create a new file.
>  -n  Don't update file; display results on stdout.
-n: command not found
display: unable to open image `results': No such file or directory @ error/blob.c/OpenBlob/2712.
display: no decode delegate for this image format `' @ error/constitute.c/ReadImage/501.
display: unable to open image `on': No such file or directory @ error/blob.c/OpenBlob/2712.
display: no decode delegate for this image format `' @ error/constitute.c/ReadImage/501.
display: unable to open image `stdout.': No such file or directory @ error/blob.c/OpenBlob/2712.
display: no decode delegate for this image format `' @ error/constitute.c/ReadImage/501.igamut@gamutgurus:~$ cd /var/www/html
gamut@gamutgurus:/var/www/html$ mkdir git
mkdir: cannot create directory ‘git’: Permission denied
gamut@gamutgurus:/var/www/html$ sudo su
[sudo] password for gamut: 
root@gamutgurus:/var/www/html# mkdir git
root@gamutgurus:/var/www/html# ls
git  index.html
root@gamutgurus:/var/www/html# sudo chgrp -R www-data /var/www/html/git
root@gamutgurus:/var/www/html#  chgrp -R www-data /var/www/html/git
root@gamutgurus:/var/www/html# sudo chgrp -R www-data /var/www/html/git
root@gamutgurus:/var/www/html# ssh username
ssh: Could not resolve hostname username: No address associated with hostname
root@gamutgurus:/var/www/html# ssh username = "gamutgurus"
ssh: Could not resolve hostname username: No address associated with hostname
root@gamutgurus:/var/www/html# ls-ld webapps/
ls-ld: command not found
root@gamutgurus:/var/www/html# ls -ld webapps/
ls: cannot access 'webapps/': No such file or directory
root@gamutgurus:/var/www/html# chmod 777 -R apache2-tomcat-8.5.11
chmod: cannot access 'apache2-tomcat-8.5.11': No such file or directory
root@gamutgurus:/var/www/html# exit
exit
gamut@gamutgurus:/var/www/html$ ls
git  index.html
gamut@gamutgurus:/var/www/html$ cd gir
bash: cd: gir: No such file or directory
gamut@gamutgurus:/var/www/html$ cd git
gamut@gamutgurus:/var/www/html/git$  chgrp -R www-data /var/www/html/gitchgrp: changing group of '/var/www/html/git': Operation not permitted
gamut@gamutgurus:/var/www/html/git$ sudo chgrp -R www-data /var/www/html/git[sudo] password for gamut: 
gamut@gamutgurus:/var/www/html/git$ cd git
bash: cd: git: No such file or directory
gamut@gamutgurus:/var/www/html/git$ cd .
gamut@gamutgurus:/var/www/html/git$ mkdir git
mkdir: cannot create directory ‘git’: Permission denied
gamut@gamutgurus:/var/www/html/git$ git init --bared --shared supriya.git
error: unknown option `bared'
usage: git init [-q | --quiet] [--bare] [--template=<template-directory>] [--shared[=<permissions>]] [<directory>]

    --template <template-directory>
                          directory from which templates will be used
    --bare                create a bare repository
    --shared[=<permissions>]
                          specify that the git repository is to be shared amongst several users
    -q, --quiet           be quiet
    --separate-git-dir <gitdir>
                          separate git dir from working tree

gamut@gamutgurus:/var/www/html/git$ mkdir supriya.git
mkdir: cannot create directory ‘supriya.git’: Permission denied
gamut@gamutgurus:/var/www/html/git$ git init --bared --shared supriya.git
error: unknown option `bared'
usage: git init [-q | --quiet] [--bare] [--template=<template-directory>] [--shared[=<permissions>]] [<directory>]

    --template <template-directory>
                          directory from which templates will be used
    --bare                create a bare repository
    --shared[=<permissions>]
                          specify that the git repository is to be shared amongst several users
    -q, --quiet           be quiet
    --separate-git-dir <gitdir>
                          separate git dir from working tree

gamut@gamutgurus:/var/www/html/git$ sudo mkdir supriya.git
gamut@gamutgurus:/var/www/html/git$ git init --bared --shared
error: unknown option `bared'
usage: git init [-q | --quiet] [--bare] [--template=<template-directory>] [--shared[=<permissions>]] [<directory>]

    --template <template-directory>
                          directory from which templates will be used
    --bare                create a bare repository
    --shared[=<permissions>]
                          specify that the git repository is to be shared amongst several users
    -q, --quiet           be quiet
    --separate-git-dir <gitdir>
                          separate git dir from working tree

gamut@gamutgurus:/var/www/html/git$ sudo git init --bared --shared
error: unknown option `bared'
usage: git init [-q | --quiet] [--bare] [--template=<template-directory>] [--shared[=<permissions>]] [<directory>]

    --template <template-directory>
                          directory from which templates will be used
    --bare                create a bare repository
    --shared[=<permissions>]
                          specify that the git repository is to be shared amongst several users
    -q, --quiet           be quiet
    --separate-git-dir <gitdir>
                          separate git dir from working tree

gamut@gamutgurus:/var/www/html/git$ sudo git init --bare --shared
Initialized empty shared Git repository in /var/www/html/git/
gamut@gamutgurus:/var/www/html/git$ sudo git init --bare --shared supriya.git
[sudo] password for gamut: 
Initialized empty shared Git repository in /var/www/html/git/supriya.git/
gamut@gamutgurus:/var/www/html/git$ 
gamut@gamutgurus:/var/www/html/git$ 
gamut@gamutgurus:/var/www/html/git$ 
gamut@gamutgurus:/var/www/html/git$ 
gamut@gamutgurus:/var/www/html/git$ apache2.conf
apache2.conf: command not found
gamut@gamutgurus:/var/www/html/git$ cd ..
gamut@gamutgurus:/var/www/html$ apache2.conf
apache2.conf: command not found
gamut@gamutgurus:/var/www/html$ cd 
gamut@gamutgurus:~$ cd etc/apache2/sites-enabled/000-default.conf
bash: cd: etc/apache2/sites-enabled/000-default.conf: No such file or directory
gamut@gamutgurus:~$ sudo cd etc/apache2/sites-enabled/000-default.conf
sudo: cd: command not found
gamut@gamutgurus:~$ cd git
bash: cd: git: No such file or directory
gamut@gamutgurus:~$ cd var/www/html/git
bash: cd: var/www/html/git: No such file or directory
gamut@gamutgurus:~$ cd /var/www/html/git
gamut@gamutgurus:/var/www/html/git$ ls
branches  config  description  HEAD  hooks  info  objects  refs  supriya.git
gamut@gamutgurus:/var/www/html/git$ vim config
gamut@gamutgurus:/var/www/html/git$ cd supriya.git/
gamut@gamutgurus:/var/www/html/git/supriya.git$ ls
branches  config  description  HEAD  hooks  info  objects  refs
gamut@gamutgurus:/var/www/html/git/supriya.git$ vim config 
gamut@gamutgurus:/var/www/html/git/supriya.git$ cd 
gamut@gamutgurus:~$ /etc/
bash: /etc/: Is a directory
gamut@gamutgurus:~$ /etc/ap
apache2/    apparmor/   apport/     aptdaemon/  
apm/        apparmor.d/ apt/        
gamut@gamutgurus:~$ /etc/apache2
bash: /etc/apache2: Is a directory
gamut@gamutgurus:~$ cd /etc/ap
apache2/    apparmor/   apport/     aptdaemon/  
apm/        apparmor.d/ apt/        
gamut@gamutgurus:~$ cd /etc/apache2
gamut@gamutgurus:/etc/apache2$ ls
apache2.conf    conf-enabled  magic           mods-enabled  sites-available
conf-available  envvars       mods-available  ports.conf    sites-enabled
gamut@gamutgurus:/etc/apache2$ cd sites-enabled/
gamut@gamutgurus:/etc/apache2/sites-enabled$ ls
000-default.conf
gamut@gamutgurus:/etc/apache2/sites-enabled$ vim 000-default.conf 

[1]+  Stopped                 vim 000-default.conf
gamut@gamutgurus:/etc/apache2/sites-enabled$ chmod 777 000-default.conf 
chmod: changing permissions of '000-default.conf': Operation not permitted
gamut@gamutgurus:/etc/apache2/sites-enabled$ chmod 755 000-default.conf 
chmod: changing permissions of '000-default.conf': Operation not permitted
gamut@gamutgurus:/etc/apache2/sites-enabled$ chmod -x+o 000-default.conf 
chmod: changing permissions of '000-default.conf': Operation not permitted
gamut@gamutgurus:/etc/apache2/sites-enabled$ vim 000-default.conf 

[2]+  Stopped                 vim 000-default.conf
gamut@gamutgurus:/etc/apache2/sites-enabled$ sudo vim 000-default.conf 
[sudo] password for gamut: 
gamut@gamutgurus:/etc/apache2/sites-enabled$ sudo vim 000-default.conf 
gamut@gamutgurus:/etc/apache2/sites-enabled$ vim 000-default.conf 

[3]+  Stopped                 vim 000-default.conf
gamut@gamutgurus:/etc/apache2/sites-enabled$ sudo vim 000-default.conf 
gamut@gamutgurus:/etc/apache2/sites-enabled$ cd 
gamut@gamutgurus:~$ htpasswd –c /var/www/html/htpasswd gamut1
Usage:
	htpasswd [-cimBdpsDv] [-C cost] passwordfile username
	htpasswd -b[cmBdpsDv] [-C cost] passwordfile username password

	htpasswd -n[imBdps] [-C cost] username
	htpasswd -nb[mBdps] [-C cost] username password
 -c  Create a new file.
 -n  Don't update file; display results on stdout.
 -b  Use the password from the command line rather than prompting for it.
 -i  Read password from stdin without verification (for script usage).
 -m  Force MD5 encryption of the password (default).
 -B  Force bcrypt encryption of the password (very secure).
 -C  Set the computing time used for the bcrypt algorithm
     (higher is more secure but slower, default: 5, valid: 4 to 31).
 -d  Force CRYPT encryption of the password (8 chars max, insecure).
 -s  Force SHA encryption of the password (insecure).
 -p  Do not encrypt the password (plaintext, insecure).
 -D  Delete the specified user.
 -v  Verify password for the specified user.
On other systems than Windows and NetWare the '-p' flag will probably not work.
The SHA algorithm does not use a salt and is less secure than the MD5 algorithm.
gamut@gamutgurus:~$ sudo htpasswd –c /var/www/html/htpasswd gamut1
Usage:
	htpasswd [-cimBdpsDv] [-C cost] passwordfile username
	htpasswd -b[cmBdpsDv] [-C cost] passwordfile username password

	htpasswd -n[imBdps] [-C cost] username
	htpasswd -nb[mBdps] [-C cost] username password
 -c  Create a new file.
 -n  Don't update file; display results on stdout.
 -b  Use the password from the command line rather than prompting for it.
 -i  Read password from stdin without verification (for script usage).
 -m  Force MD5 encryption of the password (default).
 -B  Force bcrypt encryption of the password (very secure).
 -C  Set the computing time used for the bcrypt algorithm
     (higher is more secure but slower, default: 5, valid: 4 to 31).
 -d  Force CRYPT encryption of the password (8 chars max, insecure).
 -s  Force SHA encryption of the password (insecure).
 -p  Do not encrypt the password (plaintext, insecure).
 -D  Delete the specified user.
 -v  Verify password for the specified user.
On other systems than Windows and NetWare the '-p' flag will probably not work.
The SHA algorithm does not use a salt and is less secure than the MD5 algorithm.
gamut@gamutgurus:~$ htpasswd –c /var/www/html/htpasswd gamut1
Usage:
	htpasswd [-cimBdpsDv] [-C cost] passwordfile username
	htpasswd -b[cmBdpsDv] [-C cost] passwordfile username password

	htpasswd -n[imBdps] [-C cost] username
	htpasswd -nb[mBdps] [-C cost] username password
 -c  Create a new file.
 -n  Don't update file; display results on stdout.
 -b  Use the password from the command line rather than prompting for it.
 -i  Read password from stdin without verification (for script usage).
 -m  Force MD5 encryption of the password (default).
 -B  Force bcrypt encryption of the password (very secure).
 -C  Set the computing time used for the bcrypt algorithm
     (higher is more secure but slower, default: 5, valid: 4 to 31).
 -d  Force CRYPT encryption of the password (8 chars max, insecure).
 -s  Force SHA encryption of the password (insecure).
 -p  Do not encrypt the password (plaintext, insecure).
 -D  Delete the specified user.
 -v  Verify password for the specified user.
On other systems than Windows and NetWare the '-p' flag will probably not work.
The SHA algorithm does not use a salt and is less secure than the MD5 algorithm.
gamut@gamutgurus:~$ htpasswd -b[cmBdpsDv] [-C cost] passwordfile gamut gamut
htpasswd: illegal option -- [
Usage:
	htpasswd [-cimBdpsDv] [-C cost] passwordfile username
	htpasswd -b[cmBdpsDv] [-C cost] passwordfile username password

	htpasswd -n[imBdps] [-C cost] username
	htpasswd -nb[mBdps] [-C cost] username password
 -c  Create a new file.
 -n  Don't update file; display results on stdout.
 -b  Use the password from the command line rather than prompting for it.
 -i  Read password from stdin without verification (for script usage).
 -m  Force MD5 encryption of the password (default).
 -B  Force bcrypt encryption of the password (very secure).
 -C  Set the computing time used for the bcrypt algorithm
     (higher is more secure but slower, default: 5, valid: 4 to 31).
 -d  Force CRYPT encryption of the password (8 chars max, insecure).
 -s  Force SHA encryption of the password (insecure).
 -p  Do not encrypt the password (plaintext, insecure).
 -D  Delete the specified user.
 -v  Verify password for the specified user.
On other systems than Windows and NetWare the '-p' flag will probably not work.
The SHA algorithm does not use a salt and is less secure than the MD5 algorithm.
gamut@gamutgurus:~$ htpasswd -b[gamut] [-C 5] passwordfile gamut gamut
htpasswd: illegal option -- [
Usage:
	htpasswd [-cimBdpsDv] [-C cost] passwordfile username
	htpasswd -b[cmBdpsDv] [-C cost] passwordfile username password

	htpasswd -n[imBdps] [-C cost] username
	htpasswd -nb[mBdps] [-C cost] username password
 -c  Create a new file.
 -n  Don't update file; display results on stdout.
 -b  Use the password from the command line rather than prompting for it.
 -i  Read password from stdin without verification (for script usage).
 -m  Force MD5 encryption of the password (default).
 -B  Force bcrypt encryption of the password (very secure).
 -C  Set the computing time used for the bcrypt algorithm
     (higher is more secure but slower, default: 5, valid: 4 to 31).
 -d  Force CRYPT encryption of the password (8 chars max, insecure).
 -s  Force SHA encryption of the password (insecure).
 -p  Do not encrypt the password (plaintext, insecure).
 -D  Delete the specified user.
 -v  Verify password for the specified user.
On other systems than Windows and NetWare the '-p' flag will probably not work.
The SHA algorithm does not use a salt and is less secure than the MD5 algorithm.
gamut@gamutgurus:~$ htpasswd –c /var/www/html/htpasswd gamut1 gamut
Usage:
	htpasswd [-cimBdpsDv] [-C cost] passwordfile username
	htpasswd -b[cmBdpsDv] [-C cost] passwordfile username password

	htpasswd -n[imBdps] [-C cost] username
	htpasswd -nb[mBdps] [-C cost] username password
 -c  Create a new file.
 -n  Don't update file; display results on stdout.
 -b  Use the password from the command line rather than prompting for it.
 -i  Read password from stdin without verification (for script usage).
 -m  Force MD5 encryption of the password (default).
 -B  Force bcrypt encryption of the password (very secure).
 -C  Set the computing time used for the bcrypt algorithm
     (higher is more secure but slower, default: 5, valid: 4 to 31).
 -d  Force CRYPT encryption of the password (8 chars max, insecure).
 -s  Force SHA encryption of the password (insecure).
 -p  Do not encrypt the password (plaintext, insecure).
 -D  Delete the specified user.
 -v  Verify password for the specified user.
On other systems than Windows and NetWare the '-p' flag will probably not work.
The SHA algorithm does not use a salt and is less secure than the MD5 algorithm.
gamut@gamutgurus:~$ htpasswd –c /var/www/html/htpasswd gamut gamut
Usage:
	htpasswd [-cimBdpsDv] [-C cost] passwordfile username
	htpasswd -b[cmBdpsDv] [-C cost] passwordfile username password

	htpasswd -n[imBdps] [-C cost] username
	htpasswd -nb[mBdps] [-C cost] username password
 -c  Create a new file.
 -n  Don't update file; display results on stdout.
 -b  Use the password from the command line rather than prompting for it.
 -i  Read password from stdin without verification (for script usage).
 -m  Force MD5 encryption of the password (default).
 -B  Force bcrypt encryption of the password (very secure).
 -C  Set the computing time used for the bcrypt algorithm
     (higher is more secure but slower, default: 5, valid: 4 to 31).
 -d  Force CRYPT encryption of the password (8 chars max, insecure).
 -s  Force SHA encryption of the password (insecure).
 -p  Do not encrypt the password (plaintext, insecure).
 -D  Delete the specified user.
 -v  Verify password for the specified user.
On other systems than Windows and NetWare the '-p' flag will probably not work.
The SHA algorithm does not use a salt and is less secure than the MD5 algorithm.
gamut@gamutgurus:~$ htpasswd –nb /var/www/html/htpasswd gamut gamut
Usage:
	htpasswd [-cimBdpsDv] [-C cost] passwordfile username
	htpasswd -b[cmBdpsDv] [-C cost] passwordfile username password

	htpasswd -n[imBdps] [-C cost] username
	htpasswd -nb[mBdps] [-C cost] username password
 -c  Create a new file.
 -n  Don't update file; display results on stdout.
 -b  Use the password from the command line rather than prompting for it.
 -i  Read password from stdin without verification (for script usage).
 -m  Force MD5 encryption of the password (default).
 -B  Force bcrypt encryption of the password (very secure).
 -C  Set the computing time used for the bcrypt algorithm
     (higher is more secure but slower, default: 5, valid: 4 to 31).
 -d  Force CRYPT encryption of the password (8 chars max, insecure).
 -s  Force SHA encryption of the password (insecure).
 -p  Do not encrypt the password (plaintext, insecure).
 -D  Delete the specified user.
 -v  Verify password for the specified user.
On other systems than Windows and NetWare the '-p' flag will probably not work.
The SHA algorithm does not use a salt and is less secure than the MD5 algorithm.
gamut@gamutgurus:~$ sudo htpasswd  /var/www/html/htpasswd gamut1
htpasswd: cannot modify file /var/www/html/htpasswd; use '-c' to create it
gamut@gamutgurus:~$ sudo htpasswd –c /var/www/html/htpasswd gamut gamut
Usage:
	htpasswd [-cimBdpsDv] [-C cost] passwordfile username
	htpasswd -b[cmBdpsDv] [-C cost] passwordfile username password

	htpasswd -n[imBdps] [-C cost] username
	htpasswd -nb[mBdps] [-C cost] username password
 -c  Create a new file.
 -n  Don't update file; display results on stdout.
 -b  Use the password from the command line rather than prompting for it.
 -i  Read password from stdin without verification (for script usage).
 -m  Force MD5 encryption of the password (default).
 -B  Force bcrypt encryption of the password (very secure).
 -C  Set the computing time used for the bcrypt algorithm
     (higher is more secure but slower, default: 5, valid: 4 to 31).
 -d  Force CRYPT encryption of the password (8 chars max, insecure).
 -s  Force SHA encryption of the password (insecure).
 -p  Do not encrypt the password (plaintext, insecure).
 -D  Delete the specified user.
 -v  Verify password for the specified user.
On other systems than Windows and NetWare the '-p' flag will probably not work.
The SHA algorithm does not use a salt and is less secure than the MD5 algorithm.
gamut@gamutgurus:~$ sudo htpasswd –c /var/www/html/htpasswd gamut1
Usage:
	htpasswd [-cimBdpsDv] [-C cost] passwordfile username
	htpasswd -b[cmBdpsDv] [-C cost] passwordfile username password

	htpasswd -n[imBdps] [-C cost] username
	htpasswd -nb[mBdps] [-C cost] username password
 -c  Create a new file.
 -n  Don't update file; display results on stdout.
 -b  Use the password from the command line rather than prompting for it.
 -i  Read password from stdin without verification (for script usage).
 -m  Force MD5 encryption of the password (default).
 -B  Force bcrypt encryption of the password (very secure).
 -C  Set the computing time used for the bcrypt algorithm
     (higher is more secure but slower, default: 5, valid: 4 to 31).
 -d  Force CRYPT encryption of the password (8 chars max, insecure).
 -s  Force SHA encryption of the password (insecure).
 -p  Do not encrypt the password (plaintext, insecure).
 -D  Delete the specified user.
 -v  Verify password for the specified user.
On other systems than Windows and NetWare the '-p' flag will probably not work.
The SHA algorithm does not use a salt and is less secure than the MD5 algorithm.
gamut@gamutgurus:~$ sudo vim 000

[4]+  Stopped                 sudo vim 000
gamut@gamutgurus:~$ cd /var/www/html/git
gamut@gamutgurus:/var/www/html/git$ ls
branches  config  description  HEAD  hooks  info  objects  refs  supriya.git
gamut@gamutgurus:/var/www/html/git$ sudo vim config
gamut@gamutgurus:/var/www/html/git$ cd 
gamut@gamutgurus:~$ /etc/apache2
bash: /etc/apache2: Is a directory
gamut@gamutgurus:~$ cd /etc/apache2
gamut@gamutgurus:/etc/apache2$ cd sites-enabled/
gamut@gamutgurus:/etc/apache2/sites-enabled$ ls
000-default.conf
gamut@gamutgurus:/etc/apache2/sites-enabled$ sudo vim 000-default.conf 
gamut@gamutgurus:/etc/apache2/sites-enabled$ cd 
gamut@gamutgurus:~$ htpasswd -c /var/www/html/htpasswd gamut1
htpasswd: cannot create file /var/www/html/htpasswd
gamut@gamutgurus:~$ sudo htpasswd -c /var/www/html/htpasswd gamut1
New password: 
Re-type new password: 
Adding password for user gamut1
gamut@gamutgurus:~$ sudo htpasswd /var/www/html/htpasswd gamut1
New password: 
Re-type new password: 
Updating password for user gamut1
gamut@gamutgurus:~$ service apache2 restart
gamut@gamutgurus:~$ git clone http://192.168.31.68/supriya.git
Cloning into 'supriya'...
fatal: repository 'http://192.168.31.68/supriya.git/' not found
gamut@gamutgurus:~$ git clone http://192.168.31.68/git/supriya.git
Cloning into 'supriya'...
Username for 'http://192.168.31.68': gamut1
Password for 'http://gamut1@192.168.31.68': 
warning: You appear to have cloned an empty repository.
Checking connectivity... done.
gamut@gamutgurus:~$ ls
apt-transport-https  Documents         Music                       subversion
ca-certificates      Downloads         practice                    supriya
commercial           examples.desktop  project                     Templates
curl                 first             project.git                 Videos
Desktop              initial           software-properties-common
gamut@gamutgurus:~$ cd supriya.git
bash: cd: supriya.git: No such file or directory
gamut@gamutgurus:~$ cd supriya
gamut@gamutgurus:~/supriya$ ls
gamut@gamutgurus:~/supriya$ cd ..
gamut@gamutgurus:~$ ls
apt-transport-https  Documents         Music                       subversion
ca-certificates      Downloads         practice                    supriya
commercial           examples.desktop  project                     Templates
curl                 first             project.git                 Videos
Desktop              initial           software-properties-common
gamut@gamutgurus:~$ cd supriya/
gamut@gamutgurus:~/supriya$ ls
gamut@gamutgurus:~/supriya$ ^C
gamut@gamutgurus:~/supriya$ ^C
gamut@gamutgurus:~/supriya$ ^C
gamut@gamutgurus:~/supriya$ ^C
gamut@gamutgurus:~/supriya$ ^C
gamut@gamutgurus:~/supriya$ ^C
gamut@gamutgurus:~/supriya$ ^C
gamut@gamutgurus:~/supriya$ ^C
gamut@gamutgurus:~/supriya$ ^C
gamut@gamutgurus:~/supriya$ ^C
gamut@gamutgurus:~/supriya$ ^C
gamut@gamutgurus:~/supriya$ 
gamut@gamutgurus:~/supriya$ 
gamut@gamutgurus:~/supriya$ 
gamut@gamutgurus:~/supriya$ vim file_imp
gamut@gamutgurus:~/supriya$ l
file_imp
gamut@gamutgurus:~/supriya$ ls
file_imp
gamut@gamutgurus:~/supriya$ cd ..
gamut@gamutgurus:~$ cd ..
gamut@gamutgurus:/home$ ls
gamut
gamut@gamutgurus:/home$ cd gamut/
gamut@gamutgurus:~$ ls
apt-transport-https  Documents         Music                       subversion
ca-certificates      Downloads         practice                    supriya
commercial           examples.desktop  project                     Templates
curl                 first             project.git                 Videos
Desktop              initial           software-properties-common
gamut@gamutgurus:~$ cd supriya/
gamut@gamutgurus:~/supriya$ ls
file_imp
gamut@gamutgurus:~/supriya$ gamut@gamutgurus:~$ cd /var/www/html
gamut@gamutgurus:~$: command not found
gamut@gamutgurus:~/supriya$ gamut@gamutgurus:/var/www/html$ mkdir git
bash: gamut@gamutgurus:/var/www/html$: No such file or directory
gamut@gamutgurus:~/supriya$ mkdir: cannot create directory ‘git’: Permission denied
No command 'mkdir:' found, did you mean:
 Command 'mkdir' from package 'coreutils' (main)
mkdir:: command not found
gamut@gamutgurus:~/supriya$ gamut@gamutgurus:/var/www/html$ sudo su
bash: gamut@gamutgurus:/var/www/html$: No such file or directory
gamut@gamutgurus:~/supriya$ [sudo] password for gamut: 
[sudo]: command not found
gamut@gamutgurus:~/supriya$ root@gamutgurus:/var/www/html# mkdir git
bash: root@gamutgurus:/var/www/html#: No such file or directory
gamut@gamutgurus:~/supriya$ root@gamutgurus:/var/www/html# ls
bash: root@gamutgurus:/var/www/html#: No such file or directory
gamut@gamutgurus:~/supriya$ git  index.html
git: 'index.html' is not a git command. See 'git --help'.
gamut@gamutgurus:~/supriya$ root@gamutgurus:/var/www/html# sudo chgrp -R www-data /var/www/html/git
bash: root@gamutgurus:/var/www/html#: No such file or directory
gamut@gamutgurus:~/supriya$ root@gamutgurus:/var/www/html#  chgrp -R www-data /var/www/html/git
bash: root@gamutgurus:/var/www/html#: No such file or directory
gamut@gamutgurus:~/supriya$ root@gamutgurus:/var/www/html# sudo chgrp -R www-data /var/www/html/git
bash: root@gamutgurus:/var/www/html#: No such file or directory
gamut@gamutgurus:~/supriya$ root@gamutgurus:/var/www/html# ssh username
bash: root@gamutgurus:/var/www/html#: No such file or directory
gamut@gamutgurus:~/supriya$ ssh: Could not resolve hostname username: No address associated with hostname
No command 'ssh:' found, did you mean:
 Command 'ssh' from package 'openssh-client' (main)
 Command 'ssh1' from package 'openssh-client-ssh1' (universe)
 Command 'sshd' from package 'openssh-server' (main)
ssh:: command not found
gamut@gamutgurus:~/supriya$ root@gamutgurus:/var/www/html# ssh username = "gamutgurus"
bash: root@gamutgurus:/var/www/html#: No such file or directory
gamut@gamutgurus:~/supriya$ ssh: Could not resolve hostname username: No address associated with hostname
No command 'ssh:' found, did you mean:
 Command 'ssh1' from package 'openssh-client-ssh1' (universe)
 Command 'sshd' from package 'openssh-server' (main)
 Command 'ssh' from package 'openssh-client' (main)
ssh:: command not found
gamut@gamutgurus:~/supriya$ root@gamutgurus:/var/www/html# ls-ld webapps/
bash: root@gamutgurus:/var/www/html#: No such file or directory
gamut@gamutgurus:~/supriya$ ls-ld: command not found
ls-ld:: command not found
gamut@gamutgurus:~/supriya$ root@gamutgurus:/var/www/html# ls -ld webapps/
bash: root@gamutgurus:/var/www/html#: No such file or directory
gamut@gamutgurus:~/supriya$ ls: cannot access 'webapps/': No such file or directory
No command 'ls:' found, did you mean:
 Command 'lsh' from package 'lsh-client' (universe)
 Command 'ls' from package 'coreutils' (main)
 Command 'lsw' from package 'suckless-tools' (universe)
 Command 'lsx' from package 'suckless-tools' (universe)
ls:: command not found
gamut@gamutgurus:~/supriya$ root@gamutgurus:/var/www/html# chmod 777 -R apache2-tomcat-8.5.11
bash: root@gamutgurus:/var/www/html#: No such file or directory
gamut@gamutgurus:~/supriya$ chmod: cannot access 'apache2-tomcat-8.5.11': No such file or directory
No command 'chmod:' found, did you mean:
 Command 'chmod' from package 'coreutils' (main)
chmod:: command not found
gamut@gamutgurus:~/supriya$ root@gamutgurus:/var/www/html# exit
bash: root@gamutgurus:/var/www/html#: No such file or directory
gamut@gamutgurus:~/supriya$ exit
exit
There are stopped jobs.
gamut@gamutgurus:~/supriya$ gamut@gamutgurus:/var/www/html$ ls
bash: gamut@gamutgurus:/var/www/html$: No such file or directory
gamut@gamutgurus:~/supriya$ git  index.html
git: 'index.html' is not a git command. See 'git --help'.
gamut@gamutgurus:~/supriya$ gamut@gamutgurus:/var/www/html$ cd gir
bash: gamut@gamutgurus:/var/www/html$: No such file or directory
gamut@gamutgurus:~/supriya$ bash: cd: gir: No such file or directory
No command 'bash:' found, did you mean:
 Command 'bash' from package 'bash' (main)
bash:: command not found
gamut@gamutgurus:~/supriya$ gamut@gamutgurus:/var/www/html$ cd git
bash: gamut@gamutgurus:/var/www/html$: No such file or directory
gamut@gamutgurus:~/supriya$ gamut@gamutgurus:/var/www/html/git$  chgrp -R www-data /var/www/html/gitchgrp: changing group of '/var/www/html/git': Operation not permitted
bash: gamut@gamutgurus:/var/www/html/git$: No such file or directory
gamut@gamutgurus:~/supriya$ gamut@gamutgurus:/var/www/html/git$ sudo chgrp -R www-data /var/www/html/git[sudo] password for gamut: 
bash: gamut@gamutgurus:/var/www/html/git$: No such file or directory
gamut@gamutgurus:~/supriya$ gamut@gamutgurus:/var/www/html/git$ cd git
bash: gamut@gamutgurus:/var/www/html/git$: No such file or directory
gamut@gamutgurus:~/supriya$ bash: cd: git: No such file or directory
No command 'bash:' found, did you mean:
 Command 'bash' from package 'bash' (main)
bash:: command not found
gamut@gamutgurus:~/supriya$ gamut@gamutgurus:/var/www/html/git$ cd .
bash: gamut@gamutgurus:/var/www/html/git$: No such file or directory
gamut@gamutgurus:~/supriya$ gamut@gamutgurus:/var/www/html/git$ mkdir git
bash: gamut@gamutgurus:/var/www/html/git$: No such file or directory
gamut@gamutgurus:~/supriya$ mkdir: cannot create directory ‘git’: Permission denied
No command 'mkdir:' found, did you mean:
 Command 'mkdir' from package 'coreutils' (main)
mkdir:: command not found
gamut@gamutgurus:~/supriya$ gamut@gamutgurus:/var/www/html/git$ git init --bared --shared supriya.git
bash: gamut@gamutgurus:/var/www/html/git$: No such file or directory
gamut@gamutgurus:~/supriya$ error: unknown option `bared'
> usage: git init [-q | --quiet] [--bare] [--template=<template-directory>] [--shared[=<permissions>]] [<directory>]
> 
>     --template <template-directory>
>                           directory from which templates will be used
>     --bare                create a bare repository
>     --shared[=<permissions>]
>                           specify that the git repository is to be shared amongst several users
>     -q, --quiet           be quiet
>     --separate-git-dir <gitdir>
>                           separate git dir from working tree
> 
> gamut@gamutgurus:/var/www/html/git$ mkdir supriya.git
> mkdir: cannot create directory ‘supriya.git’: Permission denied
> gamut@gamutgurus:/var/www/html/git$ git init --bared --shared supriya.git
> error: unknown option `bared'
> usage: git init [-q | --quiet] [--bare] [--template=<template-directory>] [--shared[=<permissions>]] [<directory>]
> 
>     --template <template-directory>
>                           directory from which templates will be used
>     --bare                create a bare repository
>     --shared[=<permissions>]
>                           specify that the git repository is to be shared amongst several users
>     -q, --quiet           be quiet
>     --separate-git-dir <gitdir>
>                           separate git dir from working tree
> 
0> gamut@gamutgurus:/var/www/html/git$ sudo mkdir supriya.git
> gamut@gamutgurus:/var/www/html/git$ git init --bared --shared
> error: unknown option `bared'
bash: command substitution: line 1: unexpected EOF while looking for matching `''
bash: command substitution: line 17: syntax error: unexpected end of file
error:: command not found
gamut@gamutgurus:~/supriya$ usage: git init [-q | --quiet] [--bare] [--template=<template-directory>] [--shared[=<permissions>]] [<directory>]
conf 
[sudo] password for gamut: 
gamut@gbash: template-directory: No such file or directory
usage:: command not found
gamut@gamutgurus:~/supriya$ 
agamut@gamutgurus:~/supriya$     --template <template-directory>
bash: syntax error near unexpected token `newline'
gamut@gamutgurus:~/supriya$                           directory from which templates will be used
directory: command not found
gamut@gamutgurus:~/supriya$     --bare                create a bare repository
--bare: command not found
gamut@gamutgurus:~/supriya$     --shared[=<permissions>]
bash: permissions: No such file or directory
gamut@gamutgurus:~/supriya$                           specify that the git repository is to be shared amongst several users
The program 'specify' is currently not installed. You can install it by typing:
sudo apt install spectacle
gamut@gamutgurus:~/supriya$     -q, --quiet           be quiet
-q,: command not found
gamut@gamutgurus:~/supriya$     --separate-git-dir <gitdir>
bash: syntax error near unexpected token `newline'
gamut@gamutgurus:~/supriya$                           separate git dir from working tree
separate: command not found
gamut@gamutgurus:~/supriya$ 
sgamut@gamutgurus:~/supriya$ gamut@gamutgurus:/var/www/html/git$ sudo git init -bared --shared
bash: gamut@gamutgurus:/var/www/html/git$: No such file or directory
gamut@gamutgurus:~/supriya$ error: unknown option `bared'
> usage: git init [-q | --quiet] [--bare] [--template=<template-directory>] [--shared[=<permissions>]] [<directory>]
> 
>     --template <template-directory>
>                           directory from which templates will be used
>     --bare                create a bare repository
>     --shared[=<permissions>]
>                           specify that the git repository is to be shared amongst several users
>     -q, --quiet           be quiet
>     --separate-git-dir <gitdir>
>                           separate git dir from working tree
> 
> gamut@gamutgurus:/var/www/html/git$ sudo git init --bare --shared
,> Initialized empty shared Git repository in /var/www/html/git/
> gamut@gamutgurus:/var/www/html/git$ sudo git init --bare --shared supriya.git
> [sudo] password for gamut: 
> Initialized empty shared Git repository in /var/www/html/git/supriya.git/
> gamut@gamutgurus:/var/www/html/git$ 
> gamut@gamutgurus:/var/www/html/git$ 
> gamut@gamutgurus:/var/www/html/git$ 
> gamut@gamutgurus:/var/www/html/git$ 
> gamut@gamutgurus:/var/www/html/git$ apache2.conf
> apache2.conf: command not found
> gamut@gamutgurus:/var/www/html/git$ cd ..
> gamut@gamutgurus:/var/www/html$ apache2.conf
> apache2.conf: command not found
> gamut@gamutgurus:/var/www/html$ cd 
> gamut@gamutgurus:~$ cd etc/apache2/sites-enabled/000-default.conf
> bash: cd: etc/apache2/sites-enabled/000-default.conf: No such file or directory
> gamut@gamutgurus:~$ sudo cd etc/apache2/sites-enabled/000-default.conf
> sudo: cd: command not found
> gamut@gamutgurus:~$ cd git
> bash: cd: git: No such file or directory
> gamut@gamutgurus:~$ cd var/www/html/git
> bash: cd: var/www/html/git: No such file or directory
> gamut@gamutgurus:~$ cd /var/www/html/git
> gamut@gamutgurus:/var/www/html/git$ ls
> branches  config  description  HEAD  hooks  info  objects  refs  supriya.git
> gamut@gamutgurus:/var/www/html/git$ vim config
> gamut@gamutgurus:/var/www/html/git$ cd supriya.git/
> gamut@gamutgurus:/var/www/html/git/supriya.git$ ls
> branches  config  description  HEAD  hooks  info  objects  refs
> gamut@gamutgurus:/var/www/html/git/supriya.git$ vim config 
> gamut@gamutgurus:/var/www/html/git/supriya.git$ cd 
> gamut@gamutgurus:~$ /etc/
> bash: /etc/: Is a directory
> gamut@gamutgurus:~$ /etc/ap
> apache2/    apparmor/   apport/     aptdaemon/  
> apm/        apparmor.d/ apt/        
> gamut@gamutgurus:~$ /etc/apache2
> bash: /etc/apache2: Is a directory
> gamut@gamutgurus:~$ cd /etc/ap
> apache2/    apparmor/   apport/     aptdaemon/  
> apm/        apparmor.d/ apt/        
> gamut@gamutgurus:~$ cd /etc/apache2
> gamut@gamutgurus:/etc/apache2$ ls
> apache2.conf    conf-enabled  magic           mods-enabled  sites-available
> conf-available  envvars       mods-available  ports.conf    sites-enabled
> gamut@gamutgurus:/etc/apache2$ cd sites-enabled/
> gamut@gamutgurus:/etc/apache2/sites-enabled$ ls
> 000-default.conf
> gamut@gamutgurus:/etc/apache2/sites-enabled$ vim 000-default.conf 
> 
c> [1]+  Stopped                 vim 000-default.conf
> gamut@gamutgurus:/etc/apache2/sites-enabled$ chmod 777 000-default.conf 
> chmod: changing permissions of '000-default.conf': Operation not permitted
> gamut@gamutgurus:/etc/apache2/sites-enabled$ chmod 755 000-default.conf 
> chmod: changing permissions of '000-default.conf': Operation not permitted
> gamut@gamutgurus:/etc/apache2/sites-enabled$ chmod -x+o 000-default.conf 
> chmod: changing permissions of '000-default.conf': Operation not permitted
> gamut@gamutgurus:/etc/apache2/sites-enabled$ vim 000-default.conf 
> 
> [2]+  Stopped                 vim 000-default.conf
> gamut@gamutgurus:/etc/apache2/sites-enabled$ sudo vim 000-default.conf 
> [sudo] password for gamut: 
> gamut@gamutgurus:/etc/apache2/sites-enabled$ sudo vim 000-default.conf 
> gamut@gamutgurus:/etc/apache2/sites-enabled$ vim 000-default.conf 
> 
> [3]+  Stopped                 vim 000-default.conf
> gamut@gamutgurus:/etc/apache2/sites-enabled$ sudo vim 000-default.conf 
> gamut@gamutgurus:/etc/apache2/sites-enabled$ cd 
> gamut@gamutgurus:~$ htpasswd –c /var/www/html/htpasswd gamut1
> Usage:
> htpasswd [-cimBdpsDv] [-C cost] passwordfile username
> htpasswd -b[cmBdpsDv] [-C cost] passwordfile username password
> 
> htpasswd -n[imBdps] [-C cost] username
> htpasswd -nb[mBdps] [-C cost] username password
>  -c  Create a new file.
>  -n  Don't update file; display results on stdout.
>  -b  Use the password from the command line rather than prompting for it.
>  -i  Read password from stdin without verification (for script usage).
>  -m  Force MD5 encryption of the password (default).
>  -B  Force bcrypt encryption of the password (very secure).
>  -C  Set the computing time used for the bcrypt algorithm
>      (higher is more secure but slower, default: 5, valid: 4 to 31).
>  -d  Force CRYPT encryption of the password (8 chars max, insecure).
>  -s  Force SHA encryption of the password (insecure).
>  -p  Do not encrypt the password (plaintext, insecure).
>  -D  Delete the specified user.
>  -v  Verify password for the specified user.
> On other systems than Windows and NetWare the '-p' flag will probably not work.
> The SHA algorithm does not use a salt and is less secure than the MD5 algorithm.
> gamut@gamutgurus:~$ sudo htpasswd –c /var/www/html/htpasswd gamut1
> Usage:
> htpasswd [-cimBdpsDv] [-C cost] passwordfile username
> htpasswd -b[cmBdpsDv] [-C cost] passwordfile username password
> 
> htpasswd -n[imBdps] [-C cost] username
> htpasswd -nb[mBdps] [-C cost] username password
>  -c  Create a new file.
>  -n  Don't update file; display results on stdout.
>  -b  Use the password from the command line rather than prompting for it.
>  -i  Read password from stdin without verification (for script usage).
>  -m  Force MD5 encryption of the password (default).
>  -B  Force bcrypt encryption of the password (very secure).
>  -C  Set the computing time used for the bcrypt algorithm
>      (higher is more secure but slower, default: 5, valid: 4 to 31).
>  -d  Force CRYPT encryption of the password (8 chars max, insecure).
>  -s  Force SHA encryption of the password (insecure).
>  -p  Do not encrypt the password (plaintext, insecure).
>  -D  Delete the specified user.
>  -v  Verify password for the specified user.
> On other systems than Windows and NetWare the '-p' flag will probably not work.
> The SHA algorithm does not use a salt and is less secure than the MD5 algorithm.
> gamut@gamutgurus:~$ htpasswd –c /var/www/html/htpasswd gamut1
> Usage:
> htpasswd [-cimBdpsDv] [-C cost] passwordfile username
> htpasswd -b[cmBdpsDv] [-C cost] passwordfile username password
> 
> htpasswd -n[imBdps] [-C cost] username
> htpasswd -nb[mBdps] [-C cost] username password
>  -c  Create a new file.
>  -n  Don't update file; display results on stdout.
>  -b  Use the password from the command line rather than prompting for it.
>  -i  Read password from stdin without verification (for script usage).
>  -m  Force MD5 encryption of the password (default).
>  -B  Force bcrypt encryption of the password (very secure).
>  -C  Set the computing time used for the bcrypt algorithm
>      (higher is more secure but slower, default: 5, valid: 4 to 31).
>  -d  Force CRYPT encryption of the password (8 chars max, insecure).
>  -s  Force SHA encryption of the password (insecure).
>  -p  Do not encrypt the password (plaintext, insecure).
>  -D  Delete the specified user.
>  -v  Verify password for the specified user.
> On other systems than Windows and NetWare the '-p' flag will probably not work.
> The SHA algorithm does not use a salt and is less secure than the MD5 algorithm.
> gamut@gamutgurus:~$ htpasswd -b[cmBdpsDv] [-C cost] passwordfile gamut gamut
> htpasswd: illegal option -- [
> Usage:
> htpasswd [-cimBdpsDv] [-C cost] passwordfile username
> htpasswd -b[cmBdpsDv] [-C cost] passwordfile username password
> 
> htpasswd -n[imBdps] [-C cost] username
)> htpasswd -nb[mBdps] [-C cost] username password
>  -c  Create a new file.
>  -n  Don't update file; display results on stdout.
>  -b  Use the password from the command line rather than prompting for it.
>  -i  Read password from stdin without verification (for script usage).
>  -m  Force MD5 encryption of the password (default).
>  -B  Force bcrypt encryption of the password (very secure).
>  -C  Set the computing time used for the bcrypt algorithm
>      (higher is more secure but slower, default: 5, valid: 4 to 31).
>  -d  Force CRYPT encryption of the password (8 chars max, insecure).
>  -s  Force SHA encryption of the password (insecure).
>  -p  Do not encrypt the password (plaintext, insecure).
>  -D  Delete the specified user.
>  -v  Verify password for the specified user.
> On other systems than Windows and NetWare the '-p' flag will probably not work.
> The SHA algorithm does not use a salt and is less secure than the MD5 algorithm.
> gamut@gamutgurus:~$ htpasswd -b[gamut] [-C 5] passwordfile gamut gamut
> htpasswd: illegal option -- [
> Usage:
> htpasswd [-cimBdpsDv] [-C cost] passwordfile username
> htpasswd -b[cmBdpsDv] [-C cost] passwordfile username password
> 
> htpasswd -n[imBdps] [-C cost] username
> htpasswd -nb[mBdps] [-C cost] username password
>  -c  Create a new file.
>  -n  Don't update file; display results on stdout.
>  -b  Use the password from the command line rather than prompting for it.
>  -i  Read password from stdin without verification (for script usage).
>  -m  Force MD5 encryption of the password (default).
>  -B  Force bcrypt encryption of the password (very secure).
>  -C  Set the computing time used for the bcrypt algorithm
>      (higher is more secure but slower, default: 5, valid: 4 to 31).
>  -d  Force CRYPT encryption of the password (8 chars max, insecure).
>  -s  Force SHA encryption of the password (insecure).
>  -p  Do not encrypt the password (plaintext, insecure).
>  -D  Delete the specified user.
>  -v  Verify password for the specified user.
> On other systems than Windows and NetWare the '-p' flag will probably not work.
> The SHA algorithm does not use a salt and is less secure than the MD5 algorithm.
> gamut@gamutgurus:~$ htpasswd –c /var/www/html/htpasswd gamut1 gamut
> Usage:
> htpasswd [-cimBdpsDv] [-C cost] passwordfile username
> htpasswd -b[cmBdpsDv] [-C cost] passwordfile username password
> 
> htpasswd -n[imBdps] [-C cost] username
> htpasswd -nb[mBdps] [-C cost] username password
>  -c  Create a new file.
>  -n  Don't update file; display results on stdout.
>  -b  Use the password from the command line rather than prompting for it.
>  -i  Read password from stdin without verification (for script usage).
>  -m  Force MD5 encryption of the password (default).
>  -B  Force bcrypt encryption of the password (very secure).
>  -C  Set the computing time used for the bcrypt algorithm
>      (higher is more secure but slower, default: 5, valid: 4 to 31).
>  -d  Force CRYPT encryption of the password (8 chars max, insecure).
>  -s  Force SHA encryption of the password (insecure).
>  -p  Do not encrypt the password (plaintext, insecure).
>  -D  Delete the specified user.
>  -v  Verify password for the specified user.
> On other systems than Windows and NetWare the '-p' flag will probably not work.
> The SHA algorithm does not use a salt and is less secure than the MD5 algorithm.
> gamut@gamutgurus:~$ htpasswd –c /var/www/html/htpasswd gamut gamut
> Usage:
> htpasswd [-cimBdpsDv] [-C cost] passwordfile username
> htpasswd -b[cmBdpsDv] [-C cost] passwordfile username password
> 
> htpasswd -n[imBdps] [-C cost] username
> htpasswd -nb[mBdps] [-C cost] username password
>  -c  Create a new file.
>  -n  Don't update file; display results on stdout.
>  -b  Use the password from the command line rather than prompting for it.
>  -i  Read password from stdin without verification (for script usage).
>  -m  Force MD5 encryption of the password (default).
>  -B  Force bcrypt encryption of the password (very secure).
>  -C  Set the computing time used for the bcrypt algorithm
>      (higher is more secure but slower, default: 5, valid: 4 to 31).
>  -d  Force CRYPT encryption of the password (8 chars max, insecure).
>  -s  Force SHA encryption of the password (insecure).
>  -p  Do not encrypt the password (plaintext, insecure).
>  -D  Delete the specified user.
>  -v  Verify password for the specified user.
> On other systems than Windows and NetWare the '-p' flag will probably not work.
> The SHA algorithm does not use a salt and is less secure than the MD5 algorithm.
> gamut@gamutgurus:~$ htpasswd –nb /var/www/html/htpasswd gamut gamut
> Usage:
> htpasswd [-cimBdpsDv] [-C cost] passwordfile username
> htpasswd -b[cmBdpsDv] [-C cost] passwordfile username password
> 
> htpasswd -n[imBdps] [-C cost] username
> htpasswd -nb[mBdps] [-C cost] username password
>  -c  Create a new file.
>  -n  Don't update file; display results on stdout.
>  -b  Use the password from the command line rather than prompting for it.
>  -i  Read password from stdin without verification (for script usage).
>  -m  Force MD5 encryption of the password (default).
>  -B  Force bcrypt encryption of the password (very secure).
>  -C  Set the computing time used for the bcrypt algorithm
>      (higher is more secure but slower, default: 5, valid: 4 to 31).
>  -d  Force CRYPT encryption of the password (8 chars max, insecure).
>  -s  Force SHA encryption of the password (insecure).
>  -p  Do not encrypt the password (plaintext, insecure).
>  -D  Delete the specified user.
>  -v  Verify password for the specified user.
> On other systems than Windows and NetWare the '-p' flag will probably not work.
> The SHA algorithm does not use a salt and is less secure than the MD5 algorithm.
> gamut@gamutgurus:~$ sudo htpasswd  /var/www/html/htpasswd gamut1
> htpasswd: cannot modify file /var/www/html/htpasswd; use '-c' to create it
> gamut@gamutgurus:~$ sudo htpasswd –c /var/www/html/htpasswd gamut gamut
> Usage:
> htpasswd [-cimBdpsDv] [-C cost] passwordfile username
> htpasswd -b[cmBdpsDv] [-C cost] passwordfile username password
> 
> htpasswd -n[imBdps] [-C cost] username
> htpasswd -nb[mBdps] [-C cost] username password
>  -c  Create a new file.
>  -n  Don't update file; display results on stdout.
>  -b  Use the password from the command line rather than prompting for it.
>  -i  Read password from stdin without verification (for script usage).
>  -m  Force MD5 encryption of the password (default).
>  -B  Force bcrypt encryption of the password (very secure).
>  -C  Set the computing time used for the bcrypt algorithm
>      (higher is more secure but slower, default: 5, valid: 4 to 31).
>  -d  Force CRYPT encryption of the password (8 chars max, insecure).
>  -s  Force SHA encryption of the password (insecure).
>  -p  Do not encrypt the password (plaintext, insecure).
>  -D  Delete the specified user.
>  -v  Verify password for the specified user.
> On other systems than Windows and NetWare the '-p' flag will probably not work.
> The SHA algorithm does not use a salt and is less secure than the MD5 algorithm.
> gamut@gamutgurus:~$ sudo htpasswd –c /var/www/html/htpasswd gamut1
> Usage:
> htpasswd [-cimBdpsDv] [-C cost] passwordfile username
> htpasswd -b[cmBdpsDv] [-C cost] passwordfile username password
> 
> htpasswd -n[imBdps] [-C cost] username
> htpasswd -nb[mBdps] [-C cost] username password
>  -c  Create a new file.
>  -n  Don't update file; display results on stdout.
>  -b  Use the password from the command line rather than prompting for it.
>  -i  Read password from stdin without verification (for script usage).
>  -m  Force MD5 encryption of the password (default).
>  -B  Force bcrypt encryption of the password (very secure).
>  -C  Set the computing time used for the bcrypt algorithm
>      (higher is more secure but slower, default: 5, valid: 4 to 31).
>  -d  Force CRYPT encryption of the password (8 chars max, insecure).
>  -s  Force SHA encryption of the password (insecure).
>  -p  Do not encrypt the password (plaintext, insecure).
>  -D  Delete the specified user.
>  -v  Verify password for the specified user.
> On other systems than Windows and NetWare the '-p' flag will probably not work.
> The SHA algorithm does not use a salt and is less secure than the MD5 algorithm.
> gamut@gamutgurus:~$ sudo vim 000
> 
> [4]+  Stopped                 sudo vim 000
> gamut@gamutgurus:~$ cd /var/www/html/git
> gamut@gamutgurus:/var/www/html/git$ ls
> branches  config  description  HEAD  hooks  info  objects  refs  supriya.git
> gamut@gamutgurus:/var/www/html/git$ sudo vim config
> gamut@gamutgurus:/var/www/html/git$ cd 
> gamut@gamutgurus:~$ /etc/apache2
> bash: /etc/apache2: Is a directory
> gamut@gamutgurus:~$ cd /etc/apache2
> gamut@gamutgurus:/etc/apache2$ cd sites-enabled/
> gamut@gamutgurus:/etc/apache2/sites-enabled$ ls
> 000-default.conf
> gamut@gamutgurus:/etc/apache2/sites-enabled$ sudo vim 000-default.conf 
> gamut@gamutgurus:/etc/apache2/sites-enabled$ cd 
> gamut@gamutgurus:~$ htpasswd -c /var/www/html/htpasswd gamut1
> htpasswd: cannot create file /var/www/html/htpasswd
> gamut@gamutgurus:~$ sudo htpasswd -c /var/www/html/htpasswd gamut1
> New password: 
> Re-type new password: 
> Adding password for user gamut1
> gamut@gamutgurus:~$ sudo htpasswd /var/www/html/htpasswd gamut1
> New password: 
> Re-type new password: 
> Updating password for user gamut1
> gamut@gamutgurus:~$ service apache2 restart
> gamut@gamutgurus:~$ git clone http://192.168.31.68/supriya.git
> Cloning into 'supriya'...
> fatal: repository 'http://192.168.31.68/supriya.git/' not found
> gamut@gamutgurus:~$ git clone http://192.168.31.68/git/supriya.git
> Cloning into 'supriya'...
> Username for 'http://192.168.31.68': gamut1
> Password for 'http://gamut1@192.168.31.68': 
> warning: You appear to have cloned an empty repository.
> Checking connectivity... done.
> gamut@gamutgurus:~$ ls
> apt-transport-https  Documents         Music                       subversion
> ca-certificates      Downloads         practice                    supriya
> commercial           examples.desktop  project                     Templates
> curl                 first             project.git                 Videos
> Desktop              initial           software-properties-common
> gamut@gamutgurus:~$ cd supriya.git
> bash: cd: supriya.git: No such file or directory
> gamut@gamutgurus:~$ cd supriya
> gamut@gamutgurus:~/supriya$ ls
> gamut@gamutgurus:~/supriya$ cd ..
> gamut@gamutgurus:~$ ls
> apt-transport-https  Documents         Music                       subversion
> ca-certificates      Downloads         practice                    supriya
> commercial           examples.desktop  project                     Templates
> curl                 first             project.git                 Videos
> Desktop              initial           software-properties-common
> gamut@gamutgurus:~$ cd supriya/
> gamut@gamutgurus:~/supriya$ ls
> gamut@gamutgurus:~/supriya$ ^C
> gamut@gamutgurus:~/supriya$ ^C
> gamut@gamutgurus:~/supriya$ ^C
> gamut@gamutgurus:~/supriya$ ^C
> gamut@gamutgurus:~/supriya$ ^C
> gamut@gamutgurus:~/supriya$ ^C
> gamut@gamutgurus:~/supriya$ ^C
> gamut@gamutgurus:~/supriya$ ^C
> gamut@gamutgurus:~/supriya$ ^C
> gamut@gamutgurus:~/supriya$ ^C
> gamut@gamutgurus:~/supriya$ ^C
> gamut@gamutgurus:~/supriya$ 
> ^C
gamut@gamutgurus:~/supriya$ cd ..
gamut@gamutgurus:~$ cd /var/www/html
gamut@gamutgurus:/var/www/html$ ls
git  htpasswd  index.html
gamut@gamutgurus:/var/www/html$ cd git
gamut@gamutgurus:/var/www/html/git$ ls
branches  config  description  HEAD  hooks  info  objects  refs  supriya.git
gamut@gamutgurus:/var/www/html/git$ cd 
gamut@gamutgurus:~$ cd /etc/apache2
gamut@gamutgurus:/etc/apache2$ cd sites-enabled/
gamut@gamutgurus:/etc/apache2/sites-enabled$ ls
000-default.conf
gamut@gamutgurus:/etc/apache2/sites-enabled$ sudo vim 000-default.conf 
[sudo] password for gamut: 
Sorry, try again.
[sudo] password for gamut: 
gamut@gamutgurus:/etc/apache2/sites-enabled$ error: unknown option `bared'
gamut@gamutgurus:/etc/apache2/sites-enabled$ gamut@gamutgurus:/var/www/html/git$gamut@gamutgurus:/etc/apache2/sites-enabled$ error: unknown option `bared'
usage: git init [-q | --quiet] [--bare] [--template=<template-directory>] [--shared[=<permissions>]] [<directory>]

    --template <template-directory>
                          directory from which templates will be used
    --bare                create a bare repository
    --shared[=<permissions>]
                          specify that the git repository is to be shared amongst several users
    -q, --quiet           be quiet
    --separate-git-dir <gitdir>
                          separate git dir from working tree

gamut@gamutgurus:/var/www/html/git$ sudo git init --bare --shared
Initialized empty shared Git repository in /var/www/html/git/
gamut@gamutgurus:/var/www/html/git$ sudo git init --bare --shared supriya.git
[sudo] password for gamut: 
Initialized empty shared Git repository in /var/www/html/git/supriya.git/
gamut@gamutgurus:/var/www/html/git$ 
gamut@gamutgurus:/var/www/html/git$ 
gamut@gamutgurus:/var/www/html/git$ 
gamut@gamutgurus:/var/www/html/git$ 
gamut@gamutgurus:/var/www/html/git$ apache2.conf
gamut@gamutgurus:~/supriya$ ^C/        software-properties-common  Videostesnhm.
gamut@gamutgurus:/etc/apache2/sites-enabled$ cd
gamut@gamutgurus:~$ sudo htpasswd -c /var/www/html/htpasswd gamut1
New password: 
Re-type new password: 
Adding password for user gamut1
gamut@gamutgurus:~$ sudo htpasswd  /var/www/html/htpasswd gamut1
New password: 
Re-type new password: 
Updating password for user gamut1
gamut@gamutgurus:~$ service apache2 restart
gamut@gamutgurus:~$ service apache2 status
● apache2.service - LSB: Apache2 web server
   Loaded: loaded (/etc/init.d/apache2; bad; vendor preset: enabled)
  Drop-In: /lib/systemd/system/apache2.service.d
           └─apache2-systemd.conf
   Active: active (running) since Thu 2018-01-04 16:12:14 IST; 21s ago
     Docs: man:systemd-sysv-generator(8)
  Process: 6654 ExecStop=/etc/init.d/apache2 stop (code=exited, status=0/SUCCESS
  Process: 6678 ExecStart=/etc/init.d/apache2 start (code=exited, status=0/SUCCE
    Tasks: 56
   Memory: 6.6M
      CPU: 70ms
   CGroup: /system.slice/apache2.service
           ├─6696 /usr/sbin/apache2 -k start
           ├─6699 /usr/sbin/apache2 -k start
           ├─6700 /usr/sbin/apache2 -k start
           └─6701 /usr/sbin/apache2 -k start

Jan 04 16:12:12 gamutgurus.com systemd[1]: Stopped LSB: Apache2 web server.
Jan 04 16:12:12 gamutgurus.com systemd[1]: Starting LSB: Apache2 web server...
Jan 04 16:12:12 gamutgurus.com apache2[6678]:  * Starting Apache httpd web serve
Jan 04 16:12:14 gamutgurus.com apache2[6678]:  *
Jan 04 16:12:14 gamutgurus.com systemd[1]: Started LSB: Apache2 web server.
gamut@gamutgurus:~$ pwd
/home/gamut
gamut@gamutgurus:~$ mkdir xyz
gamut@gamutgurus:~$ cd xyz/
gamut@gamutgurus:~/xyz$ git init
Initialized empty Git repository in /home/gamut/xyz/.git/
gamut@gamutgurus:~/xyz$ git clone http://192.168.31.68/git/supriya.git
Cloning into 'supriya'...
Username for 'http://192.168.31.68': gamut1
Password for 'http://gamut1@192.168.31.68': 
warning: You appear to have cloned an empty repository.
Checking connectivity... done.
gamut@gamutgurus:~/xyz$ ls
supriya
gamut@gamutgurus:~/xyz$ cd supriya/
gamut@gamutgurus:~/xyz/supriya$ ls
gamut@gamutgurus:~/xyz/supriya$ cd
gamut@gamutgurus:~$ cd /etc/apache2
gamut@gamutgurus:/etc/apache2$ ls
apache2.conf    conf-enabled  magic           mods-enabled  sites-available
conf-available  envvars       mods-available  ports.conf    sites-enabled
gamut@gamutgurus:/etc/apache2$ cd sites-enabled/
gamut@gamutgurus:/etc/apache2/sites-enabled$ ls
000-default.conf
gamut@gamutgurus:/etc/apache2/sites-enabled$ vim 000-default.conf 
gamut@gamutgurus:/etc/apache2/sites-enabled$ gamut@gamutgurus:~$ cd /var/www/html
         directory from which templgamut@gamutgurus:~$: command not found
gamut@gamutgurus:/etc/apache2/sites-enabled$ gamut@gamutgurus:/var/www/html$ mkdir git
bash: gamut@gamutgurus:/var/www/html$: No such file or directory
gamut@gamutgurus:/etc/apache2/sites-enabled$ mkdir: cannot create directory ‘git’: Permission denied
No command 'mkdir:' found, did you mean:
 Command 'mkdir' from package 'coreutils' (main)
mkdir:: command not found
gamut@gamutgurus:/etc/apache2/sites-enabled$ gamut@gamutgurus:/var/www/html$ sudo su
bash: gamut@gamutgurus:/var/www/html$: No such file or directory
gamut@gamutgurus:/etc/apache2/sites-enabled$ [sudo] password for gamut: 
[sudo]: command not found
gamut@gamutgurus:/etc/apache2/sites-enabled$ root@gamutgurus:/var/www/html# mkdir git
bash: root@gamutgurus:/var/www/html#: No such file or directory
gamut@gamutgurus:/etc/apache2/sites-enabled$ root@gamutgurus:/var/www/html# ls
bash: root@gamutgurus:/var/www/html#: No such file or directory
gamut@gamutgurus:/etc/apache2/sites-enabled$ git  index.html
git: 'index.html' is not a git command. See 'git --help'.
gamut@gamutgurus:/etc/apache2/sites-enabled$ root@gamutgurus:/var/www/html# sudo chgrp -R www-data /var/www/html/git
bash: root@gamutgurus:/var/www/html#: No such file or directory
gamut@gamutgurus:/etc/apache2/sites-enabled$ root@gamutgurus:/var/www/html#  chgrp -R www-data /var/www/html/git
bash: root@gamutgurus:/var/www/html#: No such file or directory
gamut@gamutgurus:/etc/apache2/sites-enabled$ root@gamutgurus:/var/www/html# sudo chgrp -R www-data /var/www/html/git
bash: root@gamutgurus:/var/www/html#: No such file or directory
gamut@gamutgurus:/etc/apache2/sites-enabled$ root@gamutgurus:/var/www/html# ssh username
bash: root@gamutgurus:/var/www/html#: No such file or directory
gamut@gamutgurus:/etc/apache2/sites-enabled$ ssh: Could not resolve hostname username: No address associated with hostname
No command 'ssh:' found, did you mean:
 Command 'ssh1' from package 'openssh-client-ssh1' (universe)
 Command 'ssh' from package 'openssh-client' (main)
 Command 'sshd' from package 'openssh-server' (main)
ssh:: command not found
gamut@gamutgurus:/etc/apache2/sites-enabled$ root@gamutgurus:/var/www/html# ssh username = "gamutgurus"
bash: root@gamutgurus:/var/www/html#: No such file or directory
gamut@gamutgurus:/etc/apache2/sites-enabled$ ssh: Could not resolve hostname username: No address associated with hostname
No command 'ssh:' found, did you mean:
 Command 'ssh' from package 'openssh-client' (main)
 Command 'ssh1' from package 'openssh-client-ssh1' (universe)
 Command 'sshd' from package 'openssh-server' (main)
ssh:: command not found
gamut@gamutgurus:/etc/apache2/sites-enabled$ root@gamutgurus:/var/www/html# ls-ld webapps/
bash: root@gamutgurus:/var/www/html#: No such file or directory
gamut@gamutgurus:/etc/apache2/sites-enabled$ ls-ld: command not found
ls-ld:: command not found
gamut@gamutgurus:/etc/apache2/sites-enabled$ root@gamutgurus:/var/www/html# ls -ld webapps/
bash: root@gamutgurus:/var/www/html#: No such file or directory
gamut@gamutgurus:/etc/apache2/sites-enabled$ ls: cannot access 'webapps/': No such file or directory
No command 'ls:' found, did you mean:
 Command 'lsh' from package 'lsh-client' (universe)
 Command 'lsx' from package 'suckless-tools' (universe)
 Command 'lsw' from package 'suckless-tools' (universe)
 Command 'ls' from package 'coreutils' (main)
ls:: command not found
gamut@gamutgurus:/etc/apache2/sites-enabled$ root@gamutgurus:/var/www/html# chmod 777 -R apache2-tomcat-8.5.11
bash: root@gamutgurus:/var/www/html#: No such file or directory
gamut@gamutgurus:/etc/apache2/sites-enabled$ chmod: cannot access 'apache2-tomcat-8.5.11': No such file or directory
No command 'chmod:' found, did you mean:
 Command 'chmod' from package 'coreutils' (main)
chmod:: command not found
gamut@gamutgurus:/etc/apache2/sites-enabled$ root@gamutgurus:/var/www/html# exitbash: root@gamutgurus:/var/www/html#: No such file or directory
gamut@gamutgurus:/etc/apache2/sites-enabled$ exit
exit
There are stopped jobs.
gamut@gamutgurus:/etc/apache2/sites-enabled$ gamut@gamutgurus:/var/www/html$ ls
bash: gamut@gamutgurus:/var/www/html$: No such file or directory
gamut@gamutgurus:/etc/apache2/sites-enabled$ git  index.html
git: 'index.html' is not a git command. See 'git --help'.
gamut@gamutgurus:/etc/apache2/sites-enabled$ gamut@gamutgurus:/var/www/html$ cd gir
bash: gamut@gamutgurus:/var/www/html$: No such file or directory
gamut@gamutgurus:/etc/apache2/sites-enabled$ bash: cd: gir: No such file or directory
No command 'bash:' found, did you mean:
 Command 'bash' from package 'bash' (main)
bash:: command not found
gamut@gamutgurus:/etc/apache2/sites-enabled$ gamut@gamutgurus:/var/www/html$ cd git
bash: gamut@gamutgurus:/var/www/html$: No such file or directory
gamut@gamutgurus:/etc/apache2/sites-enabled$ gamut@gamutgurus:/var/www/html/git$  chgrp -R www-data /var/www/html/gitchgrp: changing group of '/var/www/html/git': Operation not permitted
bash: gamut@gamutgurus:/var/www/html/git$: No such file or directory
gamut@gamutgurus:/etc/apache2/sites-enabled$ gamut@gamutgurus:/var/www/html/git$ sudo chgrp -R www-data /var/www/html/git[sudo] password for gamut: 
bash: gamut@gamutgurus:/var/www/html/git$: No such file or directory
gamut@gamutgurus:/etc/apache2/sites-enabled$ gamut@gamutgurus:/var/www/html/git$ cd git
bash: gamut@gamutgurus:/var/www/html/git$: No such file or directory
gamut@gamutgurus:/etc/apache2/sites-enabled$ bash: cd: git: No such file or directory
No command 'bash:' found, did you mean:
 Command 'bash' from package 'bash' (main)
bash:: command not found
gamut@gamutgurus:/etc/apache2/sites-enabled$ gamut@gamutgurus:/var/www/html/git$ cd .
git$ vim config
bash: gamut@gamutgurus:/var/www/html/git$: No such file or directory
gamut@gamutgurus:/etc/apache2/sites-enabled$ gamut@gamutgurus:/var/www/html/git$ mkdir git
bash: gamut@gamutgurus:/var/www/html/git$: No such file or directory
gamut@gamutgurus:/etc/apache2/sites-enabled$ mkdir: cannot create directory ‘git’: Permission denied
No command 'mkdir:' found, did you mean:
 Command 'mkdir' from package 'coreutils' (main)
mkdir:: command not found
gamut@gamutgurus:/etc/apache2/sites-enabled$ gamut@gamutgurus:/var/www/html/git$ git init --bared --shared supriya.git
bash: gamut@gamutgurus:/var/www/html/git$: No such file or directory
gamut@gamutgurus:/etc/apache2/sites-enabled$ error: unknown option `bared'
> usage: git init [-q | --quiet] [--bare] [--template=<template-directory>] [--shared[=<permissions>]] [<directory>]
> 
>     --template <template-directory>
>                           directory from which templates will be used
>     --bare                create a bare repository
>     --shared[=<permissions>]
>                           specify that the git repository is to be shared amongst several users
>     -q, --quiet           be quiet
>     --separate-git-dir <gitdir>
>                           separate git dir from working tree
> 
> gamut@gamutgurus:/var/www/html/git$ mkdir supriya.git
> mkdir: cannot create directory ‘supriya.git’: Permission denied
> gamut@gamutgurus:/var/www/html/git$ git init --bared --shared supriya.git
> error: unknown option `bared'
> usage: git init [-q | --quiet] [--bare] [--template=<template-directory>] [--shared[=<permissions>]] [<directory>]
> 
>     --template <template-directory>
>                           directory from which templates will be used
>     --bare                create a bare repository
>     --shared[=<permissions>]
>                           specify that the git repository is to be shared amongst several users
>     -q, --quiet           be quiet
>     --separate-git-dir <gitdir>
>                           separate git dir from working tree
> 
> gamut@gamutgurus:/var/www/html/git$ sudo mkdir supriya.git
> gamut@gamutgurus:/var/www/html/git$ git init --bared --shared
> error: unknown option `bared'
bash: command substitution: line 1: unexpected EOF while looking for matching `''
bash: command substitution: line 17: syntax error: unexpected end of file
error:: command not found
gamut@gamutgurus:/etc/apache2/sites-enabled$ usage: git init [-q | --quiet] [--bare] [--template=<template-directory>] [--shared[=<permissions>]] [<directory>]
bash: template-directory: No such file or directory
usage:: command not found
gamut@gamutgurus:/etc/apache2/sites-enabled$ 
agamut@gamutgurus:/etc/apache2/sites-enabled$     --template <template-directorybash: syntax error near unexpected token `newline'
gamut@gamutgurus:/etc/apache2/sites-enabled$                           directory from which templates will be used
directory: command not found
gamut@gamutgurus:/etc/apache2/sites-enabled$     --bare                create a bare repository
--bare: command not found
gamut@gamutgurus:/etc/apache2/sites-enabled$     --shared[=<permissions>]
bash: permissions: No such file or directory
gamut@gamutgurus:/etc/apache2/sites-enabled$                           specify that the git repository is to be shared amongst several users
The program 'specify' is currently not installed. You can install it by typing:
sudo apt install spectacle
gamut@gamutgurus:/etc/apache2/sites-enabled$     -q, --quiet           be quiet
-q,: command not found
gamut@gamutgurus:/etc/apache2/sites-enabled$     --separate-git-dir <gitdir>
bash: syntax error near unexpected token `newline'
gamut@gamutgurus:/etc/apache2/sites-enabled$                           separate git dir from working tree
separate: command not found
gamut@gamutgurus:/etc/apache2/sites-enabled$ 
sgamut@gamutgurus:/etc/apache2/sites-enabled$ gamut@gamutgurus:/var/www/html/git sudo git init --bared --shared
bash: gamut@gamutgurus:/var/www/html/git$: No such file or directory
gamut@gamutgurus:/etc/apache2/sites-enabled$ error: unknown option `bared'
> usage: git init [-q | --quiet] [--bare] [--template=<template-directory>] [--shared[=<permissions>]] [<directory>]
> 
>     --template <template-directory>
>                           directory from which templates will be used
>     --bare                create a bare repository
i>     --shared[=<permissions>]
>                           specify that the git repository is to be shared amongst several users
>     -q, --quiet           be quiet
>     --separate-git-dir <gitdir>
>                           separate git dir from working tree
> 
> gamut@gamutgurus:/var/www/html/git$ sudo git init --bare --shared
> Initialized empty shared Git repository in /var/www/html/git/
> gamut@gamutgurus:/var/www/html/git$ sudo git init --bare --shared supriya.git
> [sudo] password for gamut: 
> Initialized empty shared Git repository in /var/www/html/git/supriya.git/
> gamut@gamutgurus:/var/www/html/git$ 
> gamut@gamutgurus:/var/www/html/git$ 
> gamut@gamutgurus:/var/www/html/git$ 
> gamut@gamutgurus:/var/www/html/git$ 
> gamut@gamutgurus:/var/www/html/git$ apache2.conf
> apache2.conf: command not found
> gamut@gamutgurus:/var/www/html/git$ cd ..
> gamut@gamutgurus:/var/www/html$ apache2.conf
> apache2.conf: command not found
> gamut@gamutgurus:/var/www/html$ cd 
> gamut@gamutgurus:~$ cd etc/apache2/sites-enabled/000-default.conf
> bash: cd: etc/apache2/sites-enabled/000-default.conf: No such file or directory
> gamut@gamutgurus:~$ sudo cd etc/apache2/sites-enabled/000-default.conf
> sudo: cd: command not found
> gamut@gamutgurus:~$ cd git
> bash: cd: git: No such file or directory
> gamut@gamutgurus:~$ cd var/www/html/git
> bash: cd: var/www/html/git: No such file or directory
> gamut@gamutgurus:~$ cd /var/www/html/git
> gamut@gamutgurus:/var/www/html/git$ ls
> branches  config  description  HEAD  hooks  info  objects  refs  supriya.git
> gamut@gamutgurus:/var/www/html/git$ vim config
> gamut@gamutgurus:/var/www/html/git$ cd supriya.git/
> gamut@gamutgurus:/var/www/html/git/supriya.git$ ls
> branches  config  description  HEAD  hooks  info  objects  refs
> gamut@gamutgurus:/var/www/html/git/supriya.git$ vim config 
> gamut@gamutgurus:/var/www/html/git/supriya.git$ cd 
> gamut@gamutgurus:~$ /etc/
> bash: /etc/: Is a directory
> gamut@gamutgurus:~$ /etc/ap
> apache2/    apparmor/   apport/     aptdaemon/  
> apm/        apparmor.d/ apt/        
> gamut@gamutgurus:~$ /etc/apache2
> bash: /etc/apache2: Is a directory
> gamut@gamutgurus:~$ cd /etc/ap
> apache2/    apparmor/   apport/     aptdaemon/  
> apm/        apparmor.d/ apt/        
n > gamut@gamutgurus:~$ cd /etc/apache2
> gamut@gamutgurus:/etc/apache2$ ls
> apache2.conf    conf-enabled  magic           mods-enabled  sites-available
> conf-available  envvars       mods-available  ports.conf    sites-enabled
> gamut@gamutgurus:/etc/apache2$ cd sites-enabled/
> gamut@gamutgurus:/etc/apache2/sites-enabled$ ls
> 000-default.conf
> gamut@gamutgurus:/etc/apache2/sites-enabled$ vim 000-default.conf 
> 
> [1]+  Stopped                 vim 000-default.conf
> gamut@gamutgurus:/etc/apache2/sites-enabled$ chmod 777 000-default.conf 
> chmod: changing permissions of '000-default.conf': Operation not permitted
> gamut@gamutgurus:/etc/apache2/sites-enabled$ chmod 755 000-default.conf 
> chmod: changing permissions of '000-default.conf': Operation not permitted
> gamut@gamutgurus:/etc/apache2/sites-enabled$ chmod -x+o 000-default.conf 
> chmod: changing permissions of '000-default.conf': Operation not permitted
> gamut@gamutgurus:/etc/apache2/sites-enabled$ vim 000-default.conf 
> 
> [2]+  Stopped                 vim 000-default.conf
> gamut@gamutgurus:/etc/apache2/sites-enabled$ sudo vim 000-default.conf 
a> [sudo] password for gamut: 
> gamut@gamutgurus:/etc/apache2/sites-enabled$ sudo vim 000-default.conf 
> gamut@gamutgurus:/etc/apache2/sites-enabled$ vim 000-default.conf 
> 
> [3]+  Stopped                 vim 000-default.conf
> gamut@gamutgurus:/etc/apache2/sites-enabled$ sudo vim 000-default.conf 
> gamut@gamutgurus:/etc/apache2/sites-enabled$ cd 
> gamut@gamutgurus:~$ htpasswd –c /var/www/html/htpasswd gamut1
> Usage:
> 000-default.conf htpasswd [-cimBdpsDv] [-C cost] passwordfile username
> 000-default.conf htpasswd -b[cmBdpsDv] [-C cost] passwordfile username password
> 
> 000-default.conf htpasswd -n[imBdps] [-C cost] username
> 000-default.conf htpasswd -nb[mBdps] [-C cost] username password
>  -c  Create a new file.
>  -n  Don't update file; display results on stdout.
>  -b  Use the password from the command line rather than prompting for it.
>  -i  Read password from stdin without verification (for script usage).
>  -m  Force MD5 encryption of the password (default).
>  -B  Force bcrypt encryption of the password (very secure).
>  -C  Set the computing time used for the bcrypt algorithm
>      (higher is more secure but slower, default: 5, valid: 4 to 31).
>  -d  Force CRYPT encryption of the password (8 chars max, insecure).
>  -s  Force SHA encryption of the password (insecure).
>  -p  Do not encrypt the password (plaintext, insecure).
>  -D  Delete the specified user.
>  -v  Verify password for the specified user.
> On other systems than Windows and NetWare the '-p' flag will probably not work.
> The SHA algorithm does not use a salt and is less secure than the MD5 algorithm.
> gamut@gamutgurus:~$ sudo htpasswd –c /var/www/html/htpasswd gamut1
> Usage:
> 000-default.conf htpasswd [-cimBdpsDv] [-C cost] passwordfile username
> 000-default.conf htpasswd -b[cmBdpsDv] [-C cost] passwordfile username password
> 
 > 000-default.conf htpasswd -n[imBdps] [-C cost] username
> 000-default.conf htpasswd -nb[mBdps] [-C cost] username password
>  -c  Create a new file.
>  -n  Don't update file; display results on stdout.
>  -b  Use the password from the command line rather than prompting for it.
>  -i  Read password from stdin without verification (for script usage).
->  -m  Force MD5 encryption of the password (default).
>  -B  Force bcrypt encryption of the password (very secure).
>  -C  Set the computing time used for the bcrypt algorithm
>      (higher is more secure but slower, default: 5, valid: 4 to 31).
>  -d  Force CRYPT encryption of the password (8 chars max, insecure).
>  -s  Force SHA encryption of the password (insecure).
>  -p  Do not encrypt the password (plaintext, insecure).
>  -D  Delete the specified user.
>  -v  Verify password for the specified user.
> On other systems than Windows and NetWare the '-p' flag will probably not work.
> The SHA algorithm does not use a salt and is less secure than the MD5 algorithm.
> gamut@gamutgurus:~$ htpasswd –c /var/www/html/htpasswd gamut1
> Usage:
> 000-default.conf htpasswd [-cimBdpsDv] [-C cost] passwordfile username
> 000-default.conf htpasswd -b[cmBdpsDv] [-C cost] passwordfile username password
> 
> 000-default.conf htpasswd -n[imBdps] [-C cost] username
> 000-default.conf htpasswd -nb[mBdps] [-C cost] username password
>  -c  Create a new file.
>  -n  Don't update file; display results on stdout.
>  -b  Use the password from the command line rather than prompting for it.
>  -i  Read password from stdin without verification (for script usage).
>  -m  Force MD5 encryption of the password (default).
>  -B  Force bcrypt encryption of the password (very secure).
>  -C  Set the computing time used for the bcrypt algorithm
>      (higher is more secure but slower, default: 5, valid: 4 to 31).
>  -d  Force CRYPT encryption of the password (8 chars max, insecure).
>  -s  Force SHA encryption of the password (insecure).
>  -p  Do not encrypt the password (plaintext, insecure).
>  -D  Delete the specified user.
>  -v  Verify password for the specified user.
> On other systems than Windows and NetWare the '-p' flag will probably not work.
> The SHA algorithm does not use a salt and is less secure than the MD5 algorithm.
> gamut@gamutgurus:~$ htpasswd -b[cmBdpsDv] [-C cost] passwordfile gamut gamut
> htpasswd: illegal option -- [
> Usage:
> 000-default.conf htpasswd [-cimBdpsDv] [-C cost] passwordfile username
> 000-default.conf htpasswd -b[cmBdpsDv] [-C cost] passwordfile username password
> 
> 000-default.conf htpasswd -n[imBdps] [-C cost] username
> 000-default.conf htpasswd -nb[mBdps] [-C cost] username password
>  -c  Create a new file.
>  -n  Don't update file; display results on stdout.
>  -b  Use the password from the command line rather than prompting for it.
>  -i  Read password from stdin without verification (for script usage).
>  -m  Force MD5 encryption of the password (default).
>  -B  Force bcrypt encryption of the password (very secure).
>  -C  Set the computing time used for the bcrypt algorithm
>      (higher is more secure but slower, default: 5, valid: 4 to 31).
>  -d  Force CRYPT encryption of the password (8 chars max, insecure).
>  -s  Force SHA encryption of the password (insecure).
>  -p  Do not encrypt the password (plaintext, insecure).
>  -D  Delete the specified user.
>  -v  Verify password for the specified user.
> On other systems than Windows and NetWare the '-p' flag will probably not work.
> The SHA algorithm does not use a salt and is less secure than the MD5 algorithm.
> gamut@gamutgurus:~$ htpasswd -b[gamut] [-C 5] passwordfile gamut gamut
> htpasswd: illegal option -- [
> Usage:
> 000-default.conf htpasswd [-cimBdpsDv] [-C cost] passwordfile username
> 000-default.conf htpasswd -b[cmBdpsDv] [-C cost] passwordfile username password
> 
> 000-default.conf htpasswd -n[imBdps] [-C cost] username
> 000-default.conf htpasswd -nb[mBdps] [-C cost] username password
>  -c  Create a new file.
>  -n  Don't update file; display results on stdout.
>  -b  Use the password from the command line rather than prompting for it.
>  -i  Read password from stdin without verification (for script usage).
>  -m  Force MD5 encryption of the password (default).
>  -B  Force bcrypt encryption of the password (very secure).
>  -C  Set the computing time used for the bcrypt algorithm
>      (higher is more secure but slower, default: 5, valid: 4 to 31).
>  -d  Force CRYPT encryption of the password (8 chars max, insecure).
>  -s  Force SHA encryption of the password (insecure).
>  -p  Do not encrypt the password (plaintext, insecure).
>  -D  Delete the specified user.
>  -v  Verify password for the specified user.
> On other systems than Windows and NetWare the '-p' flag will probably not work.
> The SHA algorithm does not use a salt and is less secure than the MD5 algorithm.
> gamut@gamutgurus:~$ htpasswd –c /var/www/html/htpasswd gamut1 gamut
> Usage:
> 000-default.conf htpasswd [-cimBdpsDv] [-C cost] passwordfile username
> 000-default.conf htpasswd -b[cmBdpsDv] [-C cost] passwordfile username password
> 
> 000-default.conf htpasswd -n[imBdps] [-C cost] username
> 000-default.conf htpasswd -nb[mBdps] [-C cost] username password
>  -c  Create a new file.
>  -n  Don't update file; display results on stdout.
>  -b  Use the password from the command line rather than prompting for it.
>  -i  Read password from stdin without verification (for script usage).
>  -m  Force MD5 encryption of the password (default).
>  -B  Force bcrypt encryption of the password (very secure).
>  -C  Set the computing time used for the bcrypt algorithm
>      (higher is more secure but slower, default: 5, valid: 4 to 31).
>  -d  Force CRYPT encryption of the password (8 chars max, insecure).
>  -s  Force SHA encryption of the password (insecure).
>  -p  Do not encrypt the password (plaintext, insecure).
>  -D  Delete the specified user.
>  -v  Verify password for the specified user.
> On other systems than Windows and NetWare the '-p' flag will probably not work.
> The SHA algorithm does not use a salt and is less secure than the MD5 algorithm.
> gamut@gamutgurus:~$ htpasswd –c /var/www/html/htpasswd gamut gamut
> Usage:
> 000-default.conf htpasswd [-cimBdpsDv] [-C cost] passwordfile username
> 000-default.conf htpasswd -b[cmBdpsDv] [-C cost] passwordfile username password
> 
> 000-default.conf htpasswd -n[imBdps] [-C cost] username
> 000-default.conf htpasswd -nb[mBdps] [-C cost] username password
>  -c  Create a new file.
>  -n  Don't update file; display results on stdout.
>  -b  Use the password from the command line rather than prompting for it.
>  -i  Read password from stdin without verification (for script usage).
>  -m  Force MD5 encryption of the password (default).
>  -B  Force bcrypt encryption of the password (very secure).
>  -C  Set the computing time used for the bcrypt algorithm
>      (higher is more secure but slower, default: 5, valid: 4 to 31).
>  -d  Force CRYPT encryption of the password (8 chars max, insecure).
>  -s  Force SHA encryption of the password (insecure).
>  -p  Do not encrypt the password (plaintext, insecure).
>  -D  Delete the specified user.
>  -v  Verify password for the specified user.
> On other systems than Windows and NetWare the '-p' flag will probably not work.
> The SHA algorithm does not use a salt and is less secure than the MD5 algorithm.
> gamut@gamutgurus:~$ htpasswd –nb /var/www/html/htpasswd gamut gamut
> Usage:
> 000-default.conf htpasswd [-cimBdpsDv] [-C cost] passwordfile username
> 000-default.conf htpasswd -b[cmBdpsDv] [-C cost] passwordfile username password
> 
> 000-default.conf htpasswd -n[imBdps] [-C cost] username
> 000-default.conf htpasswd -nb[mBdps] [-C cost] username password
>  -c  Create a new file.
>  -n  Don't update file; display results on stdout.
>  -b  Use the password from the command line rather than prompting for it.
>  -i  Read password from stdin without verification (for script usage).
>  -m  Force MD5 encryption of the password (default).
>  -B  Force bcrypt encryption of the password (very secure).
>  -C  Set the computing time used for the bcrypt algorithm
>      (higher is more secure but slower, default: 5, valid: 4 to 31).
>  -d  Force CRYPT encryption of the password (8 chars max, insecure).
>  -s  Force SHA encryption of the password (insecure).
>  -p  Do not encrypt the password (plaintext, insecure).
>  -D  Delete the specified user.
>  -v  Verify password for the specified user.
> On other systems than Windows and NetWare the '-p' flag will probably not work.
> The SHA algorithm does not use a salt and is less secure than the MD5 algorithm.
> gamut@gamutgurus:~$ sudo htpasswd  /var/www/html/htpasswd gamut1
> htpasswd: cannot modify file /var/www/html/htpasswd; use '-c' to create it
> gamut@gamutgurus:~$ sudo htpasswd –c /var/www/html/htpasswd gamut gamut
> Usage:
> 000-default.conf htpasswd [-cimBdpsDv] [-C cost] passwordfile username
> 000-default.conf htpasswd -b[cmBdpsDv] [-C cost] passwordfile username password
> 
> 000-default.conf htpasswd -n[imBdps] [-C cost] username
> 000-default.conf htpasswd -nb[mBdps] [-C cost] username password
>  -c  Create a new file.
>  -n  Don't update file; display results on stdout.
>  -b  Use the password from the command line rather than prompting for it.
>  -i  Read password from stdin without verification (for script usage).
>  -m  Force MD5 encryption of the password (default).
>  -B  Force bcrypt encryption of the password (very secure).
>  -C  Set the computing time used for the bcrypt algorithm
>      (higher is more secure but slower, default: 5, valid: 4 to 31).
>  -d  Force CRYPT encryption of the password (8 chars max, insecure).
>  -s  Force SHA encryption of the password (insecure).
>  -p  Do not encrypt the password (plaintext, insecure).
>  -D  Delete the specified user.
>  -v  Verify password for the specified user.
> On other systems than Windows and NetWare the '-p' flag will probably not work.
> The SHA algorithm does not use a salt and is less secure than the MD5 algorithm.
> gamut@gamutgurus:~$ sudo htpasswd –c /var/www/html/htpasswd gamut1
> Usage:
> 000-default.conf htpasswd [-cimBdpsDv] [-C cost] passwordfile username
> 000-default.conf htpasswd -b[cmBdpsDv] [-C cost] passwordfile username password
> 
> 000-default.conf htpasswd -n[imBdps] [-C cost] username
> 000-default.conf htpasswd -nb[mBdps] [-C cost] username password
>  -c  Create a new file.
>  -n  Don't update file; display results on stdout.
>  -b  Use the password from the command line rather than prompting for it.
>  -i  Read password from stdin without verification (for script usage).
>  -m  Force MD5 encryption of the password (default).
>  -B  Force bcrypt encryption of the password (very secure).
>  -C  Set the computing time used for the bcrypt algorithm
>      (higher is more secure but slower, default: 5, valid: 4 to 31).
>  -d  Force CRYPT encryption of the password (8 chars max, insecure).
>  -s  Force SHA encryption of the password (insecure).
>  -p  Do not encrypt the password (plaintext, insecure).
>  -D  Delete the specified user.
>  -v  Verify password for the specified user.
> On other systems than Windows and NetWare the '-p' flag will probably not work.
> The SHA algorithm does not use a salt and is less secure than the MD5 algorithm.
> gamut@gamutgurus:~$ sudo vim 000
> 
> [4]+  Stopped                 sudo vim 000
> gamut@gamutgurus:~$ cd /var/www/html/git
> gamut@gamutgurus:/var/www/html/git$ ls
> branches  config  description  HEAD  hooks  info  objects  refs  supriya.git
> gamut@gamutgurus:/var/www/html/git$ sudo vim config
> gamut@gamutgurus:/var/www/html/git$ cd 
> gamut@gamutgurus:~$ /etc/apache2
> bash: /etc/apache2: Is a directory
> gamut@gamutgurus:~$ cd /etc/apache2
> gamut@gamutgurus:/etc/apache2$ cd sites-enabled/
> gamut@gamutgurus:/etc/apache2/sites-enabled$ ls
> 000-default.conf
> gamut@gamutgurus:/etc/apache2/sites-enabled$ sudo vim 000-default.conf 
> gamut@gamutgurus:/etc/apache2/sites-enabled$ cd 
> gamut@gamutgurus:~$ htpasswd -c /var/www/html/htpasswd gamut1
> htpasswd: cannot create file /var/www/html/htpasswd
> gamut@gamutgurus:~$ sudo htpasswd -c /var/www/html/htpasswd gamut1
> New password: 
> Re-type new password: 
> Adding password for user gamut1
> gamut@gamutgurus:~$ sudo htpasswd /var/www/html/htpasswd gamut1
> New password: 
> Re-type new password: 
> Updating password for user gamut1
sito> gamut@gamutgurus:~$ service apache2 restart
> gamut@gamutgurus:~$ git clone http://192.168.31.68/supriya.git
> Cloning into 'supriya'...
> fatal: repository 'http://192.168.31.68/supriya.git/' not found
> gamut@gamutgurus:~$ git clone http://192.168.31.68/git/supriya.git
> Cloning into 'supriya'...
> Username for 'http://192.168.31.68': gamut1
> Password for 'http://gamut1@192.168.31.68': 
> warning: You appear to have cloned an empty repository.
> Checking connectivity... done.
> gamut@gamutgurus:~$ ls
> apt-transport-https  Documents         Music                       subversion
> ca-certificates      Downloads         practice                    supriya
> commercial           examples.desktop  project                     Templates
> curl                 first             project.git                 Videos
> Desktop              initial           software-properties-common
> gamut@gamutgurus:~$ cd supriya.git
> bash: cd: supriya.git: No such file or directory
> gamut@gamutgurus:~$ cd supriya
> gamut@gamutgurus:~/supriya$ ls
> gamut@gamutgurus:~/supriya$ cd ..
> gamut@gamutgurus:~$ ls
> apt-transport-https  Documents         Music                       subversion
> ca-certificates      Downloads         practice                    supriya
> commercial           examples.desktop  project                     Templates
> curl                 first             project.git                 Videos
> Desktop              initial           software-properties-common
> gamut@gamutgurus:~$ cd supriya/
> gamut@gamutgurus:~/supriya$ ls
> gamut@gamutgurus:~/supriya$ ^C
> gamut@gamutgurus:~/supriya$ ^C
> gamut@gamutgurus:~/supriya$ ^C
> gamut@gamutgurus:~/supriya$ ^C
> gamut@gamutgurus:~/supriya$ ^C
> gamut@gamutgurus:~/supriya$ ^C
> gamut@gamutgurus:~/supriya$ ^C
> gamut@gamutgurus:~/supriya$ ^C
> gamut@gamutgurus:~/supriya$ ^C
> gamut@gamutgurus:~/supriya$ ^C
> gamut@gamutgurus:~/supriya$ ^C
> gamut@gamutgurus:~/supriya$ 
> gamut@gamutgurus:~$ cd /var/www/html
> gamut@gamutgurus:/var/www/html$ mkdir git
> mkdir: cannot create directory ‘git’: Permission denied
> gamut@gamutgurus:/var/www/html$ sudo su
> [sudo] password for gamut: 
> root@gamutgurus:/var/www/html# mkdir git
> root@gamutgurus:/var/www/html# ls
> git  index.html
> root@gamutgurus:/var/www/html# sudo chgrp -R www-data /var/www/html/git
> root@gamutgurus:/var/www/html#  chgrp -R www-data /var/www/html/git
> root@gamutgurus:/var/www/html# sudo chgrp -R www-data /var/www/html/git
> root@gamutgurus:/var/www/html# ssh username
> ssh: Could not resolve hostname username: No address associated with hostname
> root@gamutgurus:/var/www/html# ssh username = "gamutgurus"
> ssh: Could not resolve hostname username: No address associated with hostname
> root@gamutgurus:/var/www/html# ls-ld webapps/
> ls-ld: command not found
> root@gamutgurus:/var/www/html# ls -ld webapps/
> ls: cannot access 'webapps/': No such file or directory
> root@gamutgurus:/var/www/html# chmod 777 -R apache2-tomcat-8.5.11
> chmod: cannot access 'apache2-tomcat-8.5.11': No such file or directory
> root@gamutgurus:/var/www/html# exit
> exit
> gamut@gamutgurus:/var/www/html$ ls
> git  index.html
> gamut@gamutgurus:/var/www/html$ cd gir
> bash: cd: gir: No such file or directory
> gamut@gamutgurus:/var/www/html$ cd git
> gamut@gamutgurus:/var/www/html/git$  chgrp -R www-data /var/www/html/gitchgrp: changing group of '/var/www/html/git': Operation not permitted
> gamut@gamutgurus:/var/www/html/git$ sudo chgrp -R www-data /var/www/html/git[sudo] password for gamut: 
> gamut@gamutgurus:/var/www/html/git$ cd git
> bash: cd: git: No such file or directory
> gamut@gamutgurus:/var/www/html/git$ cd .
> gamut@gamutgurus:/var/www/html/git$ mkdir git
> mkdir: cannot create directory ‘git’: Permission denied
> gamut@gamutgurus:/var/www/html/git$ git init --bared --shared supriya.git
> error: unknown option `bared'
> usage: git init [-q | --quiet] [--bare] [--template=<template-directory>] [--shared[=<permissions>]] [<directory>]
> 
r>     --template <template-directory>
>                           directory from which templates will be used
>     --bare                create a bare repository
>     --shared[=<permissions>]
>                           specify that the git repository is to be shared amongst several users
>     -q, --quiet           be quiet
>     --separate-git-dir <gitdir>
>                           separate git dir from working tree
> 
> gamut@gamutgurus:/var/www/html/git$ mkdir supriya.git
> mkdir: cannot create directory ‘supriya.git’: Permission denied
> gamut@gamutgurus:/var/www/html/git$ git init --bared --shared supriya.git
> error: unknown option `bared'
bash: bared
usage: git init [-q | --quiet] [--bare] [--template=<template-directory>] [--shared[=<permissions>]] [<directory>]

    --template <template-directory>
                          directory from which templates will be used
    --bare                create a bare repository
    --shared[=<permissions>]
                          specify that the git repository is to be shared amongst several users
    -q, --quiet           be quiet
    --separate-git-dir <gitdir>
                          separate git dir from working tree

gamut@gamutgurus:/var/www/html/git$ sudo git init --bare --shared
Initialized empty shared Git repository in /var/www/html/git/
gamut@gamutgurus:/var/www/html/git$ sudo git init --bare --shared supriya.git
[sudo] password for gamut: 
Initialized empty shared Git repository in /var/www/html/git/supriya.git/
gamut@gamutgurus:/var/www/html/git$ 
gamut@gamutgurus:/var/www/html/git$ 
gamut@gamutgurus:/var/www/html/git$ 
gamut@gamutgurus:/var/www/html/git$ 
gamut@gamutgurus:/var/www/html/git$ apache2.conf
apache2.conf: command not found
gamut@gamutgurus:/var/www/html/git$ cd ..
gamut@gamutgurus:/var/www/html$ apache2.conf
apache2.conf: command not found
gamut@gamutgurus:/var/www/html$ cd 
gamut@gamutgurus:~$ cd etc/apache2/sites-enabled/000-default.conf
bash: cd: etc/apache2/sites-enabled/000-default.conf: No such file or directory
gamut@gamutgurus:~$ sudo cd etc/apache2/sites-enabled/000-default.conf
sudo: cd: command not found
gamut@gamutgurus:~$ cd git
bash: cd: git: No such file or directory
gamut@gamutgurus:~$ cd var/www/html/git
bash: cd: var/www/html/git: No such file or directory
gamut@gamutgurus:~$ cd /var/www/html/git
gamut@gamutgurus:/var/www/html/git$ ls
branches  config  description  HEAD  hooks  info  objects  refs  supriya.git
gamut@gamutgurus:/var/www/html/git$ vim config
gamut@gamutgurus:/var/www/html/git$ cd supriya.git/
gamut@gamutgurus:/var/www/html/git/supriya.git$ ls
branches  config  description  HEAD  hooks  info  objects  refs
gamut@gamutgurus:/var/www/html/git/supriya.git$ vim config 
gamut@gamutgurus:/var/www/html/git/supriya.git$ cd 
gamut@gamutgurus:~$ /etc/
bash: /etc/: Is a directory
gamut@gamutgurus:~$ /etc/ap
apache2/    apparmor/   apport/     aptdaemon/  
apm/        apparmor.d/ apt/        
gamut@gamutgurus:~$ /etc/apache2
bash: /etc/apache2: Is a directory
gamut@gamutgurus:~$ cd /etc/ap
apache2/    apparmor/   apport/     aptdaemon/  
apm/        apparmor.d/ apt/        
gamut@gamutgurus:~$ cd /etc/apache2
gamut@gamutgurus:/etc/apache2$ ls
apache2.conf    conf-enabled  magic           mods-enabled  sites-available
conf-available  envvars       mods-available  ports.conf    sites-enabled
gamut@gamutgurus:/etc/apache2$ cd sites-enabled/
gamut@gamutgurus:/etc/apache2/sites-enabled$ ls
000-default.conf
gamut@gamutgurus:/etc/apache2/sites-enabled$ vim 000-default.conf 

[1]+  Stopped                 vim 000-default.conf
gamut@gamutgurus:/etc/apache2/sites-enabled$ chmod 777 000-default.conf 
chmod: changing permissions of 000-default.conf: Operation not permitted
gamut@gamutgurus:/etc/apache2/sites-enabled$ chmod 755 000-default.conf 
chmod: changing permissions of 000-default.conf: Operation not permitted
gamut@gamutgurus:/etc/apache2/sites-enabled$ chmod -x+o 000-default.conf 
chmod: changing permissions of 000-default.conf: Operation not permitted
gamut@gamutgurus:/etc/apache2/sites-enabled$ vim 000-default.conf 

[2]+  Stopped                 vim 000-default.conf
gamut@gamutgurus:/etc/apache2/sites-enabled$ sudo vim 000-default.conf 
[sudo] password for gamut: 
gamut@gamutgurus:/etc/apache2/sites-enabled$ sudo vim 000-default.conf 
gamut@gamutgurus:/etc/apache2/sites-enabled$ vim 000-default.conf 

[3]+  Stopped                 vim 000-default.conf
gamut@gamutgurus:/etc/apache2/sites-enabled$ sudo vim 000-default.conf 
gamut@gamutgurus:/etc/apache2/sites-enabled$ cd 
gamut@gamutgurus:~$ htpasswd –c /var/www/html/htpasswd gamut1
Usage:
000-default.conf htpasswd [-cimBdpsDv] [-C cost] passwordfile username
000-default.conf htpasswd -b[cmBdpsDv] [-C cost] passwordfile username password

000-default.conf htpasswd -n[imBdps] [-C cost] username
000-default.conf htpasswd -nb[mBdps] [-C cost] username password
 -c  Create a new file.
 -n  Dont: File name too long
display: unable to open image `results': No such file or directory @ error/blob.c/OpenBlob/2712.
display: no decode delegate for this image format `' @ error/constitute.c/ReadImage/501.
display: unable to open image `on': No such file or directory @ error/blob.c/OpenBlob/2712.
display: no decode delegate for this image format `' @ error/constitute.c/ReadImage/501.
display: unable to open image `stdout.': No such file or directory @ error/blob.c/OpenBlob/2712.
display: no decode delegate for this image format `' @ error/constitute.c/ReadImage/501.
-b: command not found
bash: command substitution: line 92: syntax error near unexpected token `('
bash: command substitution: line 92: ` -i  Read password from stdin without verification (for script usage).'
error:: command not found
gamut@gamutgurus:/etc/apache2/sites-enabled$ usage: git init [-q | --quiet] [--bare] [--template=<template-directory>] [--shared[=<permissions>]] [<directory>]
bash: template-directory: No such file or directory
usage:: command not found
gamut@gamutgurus:/etc/apache2/sites-enabled$ 
tgamut@gamutgurus:/etc/apache2/sites-enabled$     --template <template-directorybash: syntax error near unexpected token `newline'
gamut@gamutgurus:/etc/apache2/sites-enabled$                           directory from which templates will be used
directory: command not found
gamut@gamutgurus:/etc/apache2/sites-enabled$     --bare                create a bare repository
--bare: command not found
gamut@gamutgurus:/etc/apache2/sites-enabled$     --shared[=<permissions>]
bash: permissions: No such file or directory
gamut@gamutgurus:/etc/apache2/sites-enabled$                           specify that the git repository is to be shared amongst several users
The program 'specify' is currently not installed. You can install it by typing:
sudo apt install spectacle
gamut@gamutgurus:/etc/apache2/sites-enabled$     -q, --quiet           be quiet
-q,: command not found
gamut@gamutgurus:/etc/apache2/sites-enabled$     --separate-git-dir <gitdir>
bash: syntax error near unexpected token `newline'
gamut@gamutgurus:/etc/apache2/sites-enabled$                           separate git dir from working tree
separate: command not found
gamut@gamutgurus:/etc/apache2/sites-enabled$ 
0gamut@gamutgurus:/etc/apache2/sites-enabled$ gamut@gamutgurus:/var/www/html/git sudo mkdir supriya.git
bash: gamut@gamutgurus:/var/www/html/git$: No such file or directory
gamut@gamutgurus:/etc/apache2/sites-enabled$ gamut@gamutgurus:/var/www/html/git$ git init --bared --shared
bash: gamut@gamutgurus:/var/www/html/git$: No such file or directory
gamut@gamutgurus:/etc/apache2/sites-enabled$ error: unknown option `bared'
> usage: git init [-q | --quiet] [--bare] [--template=<template-directory>] [--shared[=<permissions>]] [<directory>]
> 
>     --template <template-directory>
>                           directory from which templates will be used
>     --bare                create a bare repository
>     --shared[=<permissions>]
>                           specify that the git repository is to be shared amongst several users
>     -q, --quiet           be quiet
>     --separate-git-dir <gitdir>
>                           separate git dir from working tree
> 
> gamut@gamutgurus:/var/www/html/git$ sudo git init --bared --shared
> error: unknown option `bared'
> usage: git init [-q | --quiet] [--bare] [--template=<template-directory>] [--shared[=<permissions>]] [<directory>]
> 
>     --template <template-directory>
>                           directory from which templates will be used
>     --bare                create a bare repository
>     --shared[=<permissions>]
>                           specify that the git repository is to be shared amongst several users
>     -q, --quiet           be quiet
>     --separate-git-dir <gitdir>
>                           separate git dir from working tree
> 
4> gamut@gamutgurus:/var/www/html/git$ sudo git init --bare --shared
> Initialized empty shared Git repository in /var/www/html/git/
> gamut@gamutgurus:/var/www/html/git$ sudo git init --bare --shared supriya.git
> [sudo] password for gamut: 
> Initialized empty shared Git repository in /var/www/html/git/supriya.git/
> gamut@gamutgurus:/var/www/html/git$ 
> gamut@gamutgurus:/var/www/html/git$ 
> gamut@gamutgurus:/var/www/html/git$ 
> gamut@gamutgurus:/var/www/html/git$ 
> gamut@gamutgurus:/var/www/html/git$ apache2.conf
> apache2.conf: command not found
> gamut@gamutgurus:/var/www/html/git$ cd ..
> gamut@gamutgurus:/var/www/html$ apache2.conf
> apache2.conf: command not found
> gamut@gamutgurus:/var/www/html$ cd 
> gamut@gamutgurus:~$ cd etc/apache2/sites-enabled/000-default.conf
> bash: cd: etc/apache2/sites-enabled/000-default.conf: No such file or directory
> gamut@gamutgurus:~$ sudo cd etc/apache2/sites-enabled/000-default.conf
> sudo: cd: command not found
> gamut@gamutgurus:~$ cd git
> bash: cd: git: No such file or directory
> gamut@gamutgurus:~$ cd var/www/html/git
> bash: cd: var/www/html/git: No such file or directory
> gamut@gamutgurus:~$ cd /var/www/html/git
> gamut@gamutgurus:/var/www/html/git$ ls
> branches  config  description  HEAD  hooks  info  objects  refs  supriya.git
> gamut@gamutgurus:/var/www/html/git$ vim config
> gamut@gamutgurus:/var/www/html/git$ cd supriya.git/
> gamut@gamutgurus:/var/www/html/git/supriya.git$ ls
> branches  config  description  HEAD  hooks  info  objects  refs
> gamut@gamutgurus:/var/www/html/git/supriya.git$ vim config 
> gamut@gamutgurus:/var/www/html/git/supriya.git$ cd 
> gamut@gamutgurus:~$ /etc/
> bash: /etc/: Is a directory
> gamut@gamutgurus:~$ /etc/ap
> apache2/    apparmor/   apport/     aptdaemon/  
> apm/        apparmor.d/ apt/        
> gamut@gamutgurus:~$ /etc/apache2
> bash: /etc/apache2: Is a directory
> gamut@gamutgurus:~$ cd /etc/ap
> apache2/    apparmor/   apport/     aptdaemon/  
> apm/        apparmor.d/ apt/        
> gamut@gamutgurus:~$ cd /etc/apache2
> gamut@gamutgurus:/etc/apache2$ ls
> apache2.conf    conf-enabled  magic           mods-enabled  sites-available
> conf-available  envvars       mods-available  ports.conf    sites-enabled
> gamut@gamutgurus:/etc/apache2$ cd sites-enabled/
> gamut@gamutgurus:/etc/apache2/sites-enabled$ ls
> 000-default.conf
> gamut@gamutgurus:/etc/apache2/sites-enabled$ vim 000-default.conf 
> 
c> [1]+  Stopped                 vim 000-default.conf
> gamut@gamutgurus:/etc/apache2/sites-enabled$ chmod 777 000-default.conf 
> chmod: changing permissions of '000-default.conf': Operation not permitted
> gamut@gamutgurus:/etc/apache2/sites-enabled$ chmod 755 000-default.conf 
> chmod: changing permissions of '000-default.conf': Operation not permitted
> gamut@gamutgurus:/etc/apache2/sites-enabled$ chmod -x+o 000-default.conf 
> chmod: changing permissions of '000-default.conf': Operation not permitted
> gamut@gamutgurus:/etc/apache2/sites-enabled$ vim 000-default.conf 
> 
> [2]+  Stopped                 vim 000-default.conf
> gamut@gamutgurus:/etc/apache2/sites-enabled$ sudo vim 000-default.conf 
> [sudo] password for gamut: 
> gamut@gamutgurus:/etc/apache2/sites-enabled$ sudo vim 000-default.conf 
> gamut@gamutgurus:/etc/apache2/sites-enabled$ vim 000-default.conf 
> 
> [3]+  Stopped                 vim 000-default.conf
> gamut@gamutgurus:/etc/apache2/sites-enabled$ sudo vim 000-default.conf 
> gamut@gamutgurus:/etc/apache2/sites-enabled$ cd 
> gamut@gamutgurus:~$ htpasswd –c /var/www/html/htpasswd gamut1
> Usage:
> 000-default.conf htpasswd [-cimBdpsDv] [-C cost] passwordfile username
> 000-default.conf htpasswd -b[cmBdpsDv] [-C cost] passwordfile username password
> 
> 000-default.conf htpasswd -n[imBdps] [-C cost] username
> 000-default.conf htpasswd -nb[mBdps] [-C cost] username password
>  -c  Create a new file.
>  -n  Don't update file; display results on stdout.
bash: command substitution: line 1: unexpected EOF while looking for matching `''
bash: command substitution: line 15: syntax error: unexpected end of file
error:: command not found
display: unable to open image `results': No such file or directory @ error/blob.c/OpenBlob/2712.
display: no decode delegate for this image format `' @ error/constitute.c/ReadImage/501.
display: unable to open image `on': No such file or directory @ error/blob.c/OpenBlob/2712.
display: no decode delegate for this image format `' @ error/constitute.c/ReadImage/501.
display: unable to open image `stdout.': No such file or directory @ error/blob.c/OpenBlob/2712.
display: no decode delegate for this image format `' @ error/constitute.c/ReadImage/501.
gamut@gamutgurus:/etc/apache2/sites-enabled$  -b  Use the password from the command line rather than prompting for it.
-b: command not found
gamut@gamutgurus:/etc/apache2/sites-enabled$  -i  Read password from stdin without verification (for script usage).
bash: syntax error near unexpected token `('
gamut@gamutgurus:/etc/apache2/sites-enabled$  -m  Force MD5 encryption of the password (default).
bash: syntax error near unexpected token `('
gamut@gamutgurus:/etc/apache2/sites-enabled$  -B  Force bcrypt encryption of the password (very secure).
bash: syntax error near unexpected token `('
gamut@gamutgurus:/etc/apache2/sites-enabled$  -C  Set the computing time used for the bcrypt algorithm
-C: command not found
gamut@gamutgurus:/etc/apache2/sites-enabled$      (higher is more secure but slower, default: 5, valid: 4 to 31).
bash: syntax error near unexpected token `.'
gamut@gamutgurus:/etc/apache2/sites-enabled$  -d  Force CRYPT encryption of the password (8 chars max, insecure).
bash: syntax error near unexpected token `('
gamut@gamutgurus:/etc/apache2/sites-enabled$  -s  Force SHA encryption of the password (insecure).
bash: syntax error near unexpected token `('
gamut@gamutgurus:/etc/apache2/sites-enabled$  -p  Do not encrypt the password (plaintext, insecure).
bash: syntax error near unexpected token `('
gamut@gamutgurus:/etc/apache2/sites-enabled$  -D  Delete the specified user.
-D: command not found
gamut@gamutgurus:/etc/apache2/sites-enabled$  -v  Verify password for the specified user.
-v: command not found
gamut@gamutgurus:/etc/apache2/sites-enabled$ On other systems than Windows and NetWare the '-p' flag will probably not work.
On: command not found
gamut@gamutgurus:/etc/apache2/sites-enabled$ The SHA algorithm does not use a salt and is less secure than the MD5 algorithm.
No command 'The' found, did you mean:
 Command 'the' from package 'the' (universe)
The: command not found
gamut@gamutgurus:/etc/apache2/sites-enabled$ gamut@gamutgurus:~$ sudo htpasswd –c /var/www/html/htpasswd gamut1
gamut@gamutgurus:~$: command not found
gamut@gamutgurus:/etc/apache2/sites-enabled$ Usage:
Usage:: command not found
gamut@gamutgurus:/etc/apache2/sites-enabled$ htpasswd [-cimBdpsDv] [-C cost] passwordfile username
Usage:
	htpasswd [-cimBdpsDv] [-C cost] passwordfile username
	htpasswd -b[cmBdpsDv] [-C cost] passwordfile username password

	htpasswd -n[imBdps] [-C cost] username
	htpasswd -nb[mBdps] [-C cost] username password
 -c  Create a new file.
 -n  Don't update file; display results on stdout.
 -b  Use the password from the command line rather than prompting for it.
 -i  Read password from stdin without verification (for script usage).
 -m  Force MD5 encryption of the password (default).
 -B  Force bcrypt encryption of the password (very secure).
 -C  Set the computing time used for the bcrypt algorithm
     (higher is more secure but slower, default: 5, valid: 4 to 31).
 -d  Force CRYPT encryption of the password (8 chars max, insecure).
 -s  Force SHA encryption of the password (insecure).
 -p  Do not encrypt the password (plaintext, insecure).
 -D  Delete the specified user.
 -v  Verify password for the specified user.
On other systems than Windows and NetWare the '-p' flag will probably not work.
The SHA algorithm does not use a salt and is less secure than the MD5 algorithm.
gamut@gamutgurus:/etc/apache2/sites-enabled$ htpasswd -b[cmBdpsDv] [-C cost] passwordfile username password
htpasswd: illegal option -- [
Usage:
	htpasswd [-cimBdpsDv] [-C cost] passwordfile username
	htpasswd -b[cmBdpsDv] [-C cost] passwordfile username password

	htpasswd -n[imBdps] [-C cost] username
	htpasswd -nb[mBdps] [-C cost] username password
 -c  Create a new file.
 -n  Don't update file; display results on stdout.
 -b  Use the password from the command line rather than prompting for it.
 -i  Read password from stdin without verification (for script usage).
 -m  Force MD5 encryption of the password (default).
 -B  Force bcrypt encryption of the password (very secure).
 -C  Set the computing time used for the bcrypt algorithm
     (higher is more secure but slower, default: 5, valid: 4 to 31).
 -d  Force CRYPT encryption of the password (8 chars max, insecure).
 -s  Force SHA encryption of the password (insecure).
 -p  Do not encrypt the password (plaintext, insecure).
 -D  Delete the specified user.
 -v  Verify password for the specified user.
On other systems than Windows and NetWare the '-p' flag will probably not work.
The SHA algorithm does not use a salt and is less secure than the MD5 algorithm.
gamut@gamutgurus:/etc/apache2/sites-enabled$ 
 gamut@gamutgurus:/etc/apache2/sites-enabled$ htpasswd -n[imBdps] [-C cost] userame
htpasswd: illegal option -- [
Usage:
	htpasswd [-cimBdpsDv] [-C cost] passwordfile username
	htpasswd -b[cmBdpsDv] [-C cost] passwordfile username password

	htpasswd -n[imBdps] [-C cost] username
	htpasswd -nb[mBdps] [-C cost] username password
 -c  Create a new file.
 -n  Don't update file; display results on stdout.
 -b  Use the password from the command line rather than prompting for it.
 -i  Read password from stdin without verification (for script usage).
 -m  Force MD5 encryption of the password (default).
 -B  Force bcrypt encryption of the password (very secure).
 -C  Set the computing time used for the bcrypt algorithm
     (higher is more secure but slower, default: 5, valid: 4 to 31).
 -d  Force CRYPT encryption of the password (8 chars max, insecure).
 -s  Force SHA encryption of the password (insecure).
 -p  Do not encrypt the password (plaintext, insecure).
 -D  Delete the specified user.
 -v  Verify password for the specified user.
On other systems than Windows and NetWare the '-p' flag will probably not work.
The SHA algorithm does not use a salt and is less secure than the MD5 algorithm.
gamut@gamutgurus:/etc/apache2/sites-enabled$ htpasswd -nb[mBdps] [-C cost] username password
htpasswd: illegal option -- [
Usage:
	htpasswd [-cimBdpsDv] [-C cost] passwordfile username
	htpasswd -b[cmBdpsDv] [-C cost] passwordfile username password

	htpasswd -n[imBdps] [-C cost] username
	htpasswd -nb[mBdps] [-C cost] username password
 -c  Create a new file.
 -n  Don't update file; display results on stdout.
 -b  Use the password from the command line rather than prompting for it.
 -i  Read password from stdin without verification (for script usage).
 -m  Force MD5 encryption of the password (default).
 -B  Force bcrypt encryption of the password (very secure).
 -C  Set the computing time used for the bcrypt algorithm
     (higher is more secure but slower, default: 5, valid: 4 to 31).
 -d  Force CRYPT encryption of the password (8 chars max, insecure).
 -s  Force SHA encryption of the password (insecure).
 -p  Do not encrypt the password (plaintext, insecure).
 -D  Delete the specified user.
 -v  Verify password for the specified user.
On other systems than Windows and NetWare the '-p' flag will probably not work.
The SHA algorithm does not use a salt and is less secure than the MD5 algorithm.
gamut@gamutgurus:/etc/apache2/sites-enabled$  -c  Create a new file.
-c: command not found
gamut@gamutgurus:/etc/apache2/sites-enabled$  -n  Don't update file; display results on stdout.
>  -b  Use the password from the command line rather than prompting for it.
>  -i  Read password from stdin without verification (for script usage).
>  -m  Force MD5 encryption of the password (default).
>  -B  Force bcrypt encryption of the password (very secure).
>  -C  Set the computing time used for the bcrypt algorithm
>      (higher is more secure but slower, default: 5, valid: 4 to 31).
>  -d  Force CRYPT encryption of the password (8 chars max, insecure).
>  -s  Force SHA encryption of the password (insecure).
>  -p  Do not encrypt the password (plaintext, insecure).
>  -D  Delete the specified user.
>  -v  Verify password for the specified user.
> On other systems than Windows and NetWare the '-p' flag will probably not work.
> The SHA algorithm does not use a salt and is less secure than the MD5 algorithm.
> gamut@gamutgurus:~$ htpasswd –c /var/www/html/htpasswd gamut1
> Usage:
> 000-default.conf htpasswd [-cimBdpsDv] [-C cost] passwordfile username
> 000-default.conf htpasswd -b[cmBdpsDv] [-C cost] passwordfile username password
> 
> 000-default.conf htpasswd -n[imBdps] [-C cost] username
> 000-default.conf htpasswd -nb[mBdps] [-C cost] username password
>  -c  Create a new file.
>  -n  Don't update file; display results on stdout.
-n: command not found
display: unable to open image `results': No such file or directory @ error/blob.c/OpenBlob/2712.
display: no decode delegate for this image format `' @ error/constitute.c/ReadImage/501.
display: unable to open image `on': No such file or directory @ error/blob.c/OpenBlob/2712.
display: no decode delegate for this image format `' @ error/constitute.c/ReadImage/501.
display: unable to open image `stdout.': No such file or directory @ error/blob.c/OpenBlob/2712.
display: no decode delegate for this image format `' @ error/constitute.c/ReadImage/501.
gamut@gamutgurus:/etc/apache2/sites-enabled$  -b  Use the password from the command line rather than prompting for it.
-b: command not found
gamut@gamutgurus:/etc/apache2/sites-enabled$  -i  Read password from stdin without verification (for script usage).
bash: syntax error near unexpected token `('
gamut@gamutgurus:/etc/apache2/sites-enabled$  -m  Force MD5 encryption of the password (default).
bash: syntax error near unexpected token `('
gamut@gamutgurus:/etc/apache2/sites-enabled$  -B  Force bcrypt encryption of the password (very secure).
bash: syntax error near unexpected token `('
gamut@gamutgurus:/etc/apache2/sites-enabled$  -C  Set the computing time used for the bcrypt algorithm
-C: command not found
gamut@gamutgurus:/etc/apache2/sites-enabled$      (higher is more secure but slower, default: 5, valid: 4 to 31).
bash: syntax error near unexpected token `.'
gamut@gamutgurus:/etc/apache2/sites-enabled$  -d  Force CRYPT encryption of the password (8 chars max, insecure).
bash: syntax error near unexpected token `('
gamut@gamutgurus:/etc/apache2/sites-enabled$  -s  Force SHA encryption of the password (insecure).
bash: syntax error near unexpected token `('
gamut@gamutgurus:/etc/apache2/sites-enabled$  -p  Do not encrypt the password (plaintext, insecure).
ssword
 -c  Create a nbash: syntax error near unexpected token `('
gamut@gamutgurus:/etc/apache2/sites-enabled$  -D  Delete the specified user.
-D: command not found
gamut@gamutgurus:/etc/apache2/sites-enabled$  -v  Verify password for the specified user.
-v: command not found
gamut@gamutgurus:/etc/apache2/sites-enabled$ On other systems than Windows and NetWare the '-p' flag will probably not work.
mOn: command not found
gamut@gamutgurus:/etc/apache2/sites-enabled$ The SHA algorithm does not use a salt and is less secure than the MD5 algorithm.
No command 'The' found, did you mean:
 Command 'the' from package 'the' (universe)
The: command not found
gamut@gamutgurus:/etc/apache2/sites-enabled$ gamut@gamutgurus:~$ htpasswd -b[cmBdpsDv] [-C cost] passwordfile gamut gamut
gamut@gamutgurus:~$: command not found
gamut@gamutgurus:/etc/apache2/sites-enabled$ htpasswd: illegal option -- [
No command 'htpasswd:' found, did you mean:
 Command 'htpasswd' from package 'apache2-utils' (main)
htpasswd:: command not found
gamut@gamutgurus:/etc/apache2/sites-enabled$ Usage:
Usage:: command not found
gamut@gamutgurus:/etc/apache2/sites-enabled$ htpasswd [-cimBdpsDv] [-C cost] passwordfile username
Usage:
	htpasswd [-cimBdpsDv] [-C cost] passwordfile username
	htpasswd -b[cmBdpsDv] [-C cost] passwordfile username password

	htpasswd -n[imBdps] [-C cost] username
	htpasswd -nb[mBdps] [-C cost] username password
 -c  Create a new file.
 -n  Don't update file; display results on stdout.
 -b  Use the password from the command line rather than prompting for it.
 -i  Read password from stdin without verification (for script usage).
 -m  Force MD5 encryption of the password (default).
 -B  Force bcrypt encryption of the password (very secure).
 -C  Set the computing time used for the bcrypt algorithm
     (higher is more secure but slower, default: 5, valid: 4 to 31).
 -d  Force CRYPT encryption of the password (8 chars max, insecure).
 -s  Force SHA encryption of the password (insecure).
 -p  Do not encrypt the password (plaintext, insecure).
 -D  Delete the specified user.
 -v  Verify password for the specified user.
On other systems than Windows and NetWare the '-p' flag will probably not work.
The SHA algorithm does not use a salt and is less secure than the MD5 algorithm.
gamut@gamutgurus:/etc/apache2/sites-enabled$ htpasswd -b[cmBdpsDv] [-C cost] passwordfile username password
htpasswd: illegal option -- [
Usage:
	htpasswd [-cimBdpsDv] [-C cost] passwordfile username
	htpasswd -b[cmBdpsDv] [-C cost] passwordfile username password

	htpasswd -n[imBdps] [-C cost] username
	htpasswd -nb[mBdps] [-C cost] username password
 -c  Create a new file.
 -n  Don't update file; display results on stdout.
 -b  Use the password from the command line rather than prompting for it.
 -i  Read password from stdin without verification (for script usage).
 -m  Force MD5 encryption of the password (default).
 -B  Force bcrypt encryption of the password (very secure).
 -C  Set the computing time used for the bcrypt algorithm
     (higher is more secure but slower, default: 5, valid: 4 to 31).
 -d  Force CRYPT encryption of the password (8 chars max, insecure).
 -s  Force SHA encryption of the password (insecure).
 -p  Do not encrypt the password (plaintext, insecure).
 -D  Delete the specified user.
 -v  Verify password for the specified user.
On other systems than Windows and NetWare the '-p' flag will probably not work.
The SHA algorithm does not use a salt and is less secure than the MD5 algorithm.
gamut@gamutgurus:/etc/apache2/sites-enabled$ 
gamut@gamutgurus:/etc/apache2/sites-enabled$ htpasswd -n[imBdps] [-C cost] username
htpasswd: illegal option -- [
Usage:
	htpasswd [-cimBdpsDv] [-C cost] passwordfile username
	htpasswd -b[cmBdpsDv] [-C cost] passwordfile username password

	htpasswd -n[imBdps] [-C cost] username
	htpasswd -nb[mBdps] [-C cost] username password
 -c  Create a new file.
 -n  Don't update file; display results on stdout.
 -b  Use the password from the command line rather than prompting for it.
 -i  Read password from stdin without verification (for script usage).
 -m  Force MD5 encryption of the password (default).
 -B  Force bcrypt encryption of the password (very secure).
 -C  Set the computing time used for the bcrypt algorithm
     (higher is more secure but slower, default: 5, valid: 4 to 31).
 -d  Force CRYPT encryption of the password (8 chars max, insecure).
 -s  Force SHA encryption of the password (insecure).
 -p  Do not encrypt the password (plaintext, insecure).
 -D  Delete the specified user.
 -v  Verify password for the specified user.
On other systems than Windows and NetWare the '-p' flag will probably not work.
The SHA algorithm does not use a salt and is less secure than the MD5 algorithm.
gamut@gamutgurus:/etc/apache2/sites-enabled$ htpasswd -nb[mBdps] [-C cost] username password
htpasswd: illegal option -- [
Usage:
	htpasswd [-cimBdpsDv] [-C cost] passwordfile username
	htpasswd -b[cmBdpsDv] [-C cost] passwordfile username password

	htpasswd -n[imBdps] [-C cost] username
	htpasswd -nb[mBdps] [-C cost] username password
 -c  Create a new file.
 -n  Don't update file; display results on stdout.
 -b  Use the password from the command line rather than prompting for it.
 -i  Read password from stdin without verification (for script usage).
 -m  Force MD5 encryption of the password (default).
 -B  Force bcrypt encryption of the password (very secure).
 -C  Set the computing time used for the bcrypt algorithm
     (higher is more secure but slower, default: 5, valid: 4 to 31).
 -d  Force CRYPT encryption of the password (8 chars max, insecure).
 -s  Force SHA encryption of the password (insecure).
 -p  Do not encrypt the password (plaintext, insecure).
 -D  Delete the specified user.
 -v  Verify password for the specified user.
On other systems than Windows and NetWare the '-p' flag will probably not work.
The SHA algorithm does not use a salt and is less secure than the MD5 algorithm.
gamut@gamutgurus:/etc/apache2/sites-enabled$  -c  Create a new file.
-c: command not found
gamut@gamutgurus:/etc/apache2/sites-enabled$  -n  Don't update file; display results on stdout.
>  -b  Use the password from the command line rather than prompting for it.
>  -i  Read password from stdin without verification (for script usage).
>  -m  Force MD5 encryption of the password (default).
>  -B  Force bcrypt encryption of the password (very secure).
>  -C  Set the computing time used for the bcrypt algorithm
>      (higher is more secure but slower, default: 5, valid: 4 to 31).
>  -d  Force CRYPT encryption of the password (8 chars max, insecure).
>  -s  Force SHA encryption of the password (insecure).
>  -p  Do not encrypt the password (plaintext, insecure).
>  -D  Delete the specified user.
>  -v  Verify password for the specified user.
> On other systems than Windows and NetWare the '-p' flag will probably not work.
> The SHA algorithm does not use a salt and is less secure than the MD5 algorithm.
> gamut@gamutgurus:~$ htpasswd -b[gamut] [-C 5] passwordfile gamut gamut
> htpasswd: illegal option -- [
> Usage:
> 000-default.conf htpasswd [-cimBdpsDv] [-C cost] passwordfile username
> 000-default.conf htpasswd -b[cmBdpsDv] [-C cost] passwordfile username password
> 
> 000-default.conf htpasswd -n[imBdps] [-C cost] username
> 000-default.conf htpasswd -nb[mBdps] [-C cost] username password
>  -c  Create a new file.
>  -n  Don't update file; display results on stdout.
-n: command not found
display: unable to open image `results': No such file or directory @ error/blob.c/OpenBlob/2712.
display: no decode delegate for this image format `' @ error/constitute.c/ReadImage/501.
display: unable to open image `on': No such file or directory @ error/blob.c/OpenBlob/2712.
display: no decode delegate for this image format `' @ error/constitute.c/ReadImage/501.
display: unable to open image `stdout.': No such file or directory @ error/blob.c/OpenBlob/2712.
display: no decode delegate for this image format `' @ error/constitute.c/ReadImage/501.gamut@gamutgurus:~$ cd /var/www/html
gamut@gamutgurus:/var/www/html$ mkdir git
mkdir: cannot create directory ‘git’: Permission denied
gamut@gamutgurus:/var/www/html$ sudo su
[sudo] password for gamut: 
root@gamutgurus:/var/www/html# mkdir git
root@gamutgurus:/var/www/html# ls
git  index.html
root@gamutgurus:/var/www/html# sudo chgrp -R www-data /var/www/html/git
root@gamutgurus:/var/www/html#  chgrp -R www-data /var/www/html/git
root@gamutgurus:/var/www/html# sudo chgrp -R www-data /var/www/html/git
root@gamutgurus:/var/www/html# ssh username
ssh: Could not resolve hostname username: No address associated with hostname
root@gamutgurus:/var/www/html# ssh username = "gamutgurus"
ssh: Could not resolve hostname username: No address associated with hostname
root@gamutgurus:/var/www/html# ls-ld webapps/
ls-ld: command not found
root@gamutgurus:/var/www/html# ls -ld webapps/
ls: cannot access 'webapps/': No such file or directory
root@gamutgurus:/var/www/html# chmod 777 -R apache2-tomcat-8.5.11
chmod: cannot access 'apache2-tomcat-8.5.11': No such file or directory
root@gamutgurus:/var/www/html# exit
exit
gamut@gamutgurus:/var/www/html$ ls
git  index.html
gamut@gamutgurus:/var/www/html$ cd gir
bash: cd: gir: No such file or directory
gamut@gamutgurus:/var/www/html$ cd git
gamut@gamutgurus:/var/www/html/git$  chgrp -R www-data /var/www/html/gitchgrp: changing group of '/var/www/html/git': Operation not permitted
gamut@gamutgurus:/var/www/html/git$ sudo chgrp -R www-data /var/www/html/git[sudo] password for gamut: 
gamut@gamutgurus:/var/www/html/git$ cd git
bash: cd: git: No such file or directory
gamut@gamutgurus:/var/www/html/git$ cd .
gamut@gamutgurus:/var/www/html/git$ mkdir git
mkdir: cannot create directory ‘git’: Permission denied
gamut@gamutgurus:/var/www/html/git$ git init --bared --shared supriya.git
error: unknown option `bared'
usage: git init [-q | --quiet] [--bare] [--template=<template-directory>] [--shared[=<permissions>]] [<directory>]

    --template <template-directory>
                          directory from which templates will be used
    --bare                create a bare repository
    --shared[=<permissions>]
                          specify that the git repository is to be shared amongst several users
    -q, --quiet           be quiet
    --separate-git-dir <gitdir>
                          separate git dir from working tree

gamut@gamutgurus:/var/www/html/git$ mkdir supriya.git
mkdir: cannot create directory ‘supriya.git’: Permission denied
gamut@gamutgurus:/var/www/html/git$ git init --bared --shared supriya.git
error: unknown option `bared'
usage: git init [-q | --quiet] [--bare] [--template=<template-directory>] [--shared[=<permissions>]] [<directory>]

    --template <template-directory>
                          directory from which templates will be used
    --bare                create a bare repository
    --shared[=<permissions>]
                          specify that the git repository is to be shared amongst several users
    -q, --quiet           be quiet
    --separate-git-dir <gitdir>
                          separate git dir from working tree

gamut@gamutgurus:/var/www/html/git$ sudo mkdir supriya.git
gamut@gamutgurus:/var/www/html/git$ git init --bared --shared
error: unknown option `bared'
usage: git init [-q | --quiet] [--bare] [--template=<template-directory>] [--shared[=<permissions>]] [<directory>]

    --template <template-directory>
                          directory from which templates will be used
    --bare                create a bare repository
    --shared[=<permissions>]
                          specify that the git repository is to be shared amongst several users
    -q, --quiet           be quiet
    --separate-git-dir <gitdir>
                          separate git dir from working tree

gamut@gamutgurus:/var/www/html/git$ sudo git init --bared --shared
error: unknown option `bared'
usage: git init [-q | --quiet] [--bare] [--template=<template-directory>] [--shared[=<permissions>]] [<directory>]

    --template <template-directory>
                          directory from which templates will be used
    --bare                create a bare repository
    --shared[=<permissions>]
                          specify that the git repository is to be shared amongst several users
    -q, --quiet           be quiet
    --separate-git-dir <gitdir>
                          separate git dir from working tree

gamut@gamutgurus:/var/www/html/git$ sudo git init --bare --shared
Initialized empty shared Git repository in /var/www/html/git/
gamut@gamutgurus:/var/www/html/git$ sudo git init --bare --shared supriya.git
[sudo] password for gamut: 
Initialized empty shared Git repository in /var/www/html/git/supriya.git/
gamut@gamutgurus:/var/www/html/git$ 
gamut@gamutgurus:/var/www/html/git$ 
gamut@gamutgurus:/var/www/html/git$ 
gamut@gamutgurus:/var/www/html/git$ 
gamut@gamutgurus:/var/www/html/git$ apache2.conf
apache2.conf: command not found
gamut@gamutgurus:/var/www/html/git$ cd ..
gamut@gamutgurus:/var/www/html$ apache2.conf
apache2.conf: command not found
gamut@gamutgurus:/var/www/html$ cd 
gamut@gamutgurus:~$ cd etc/apache2/sites-enabled/000-default.conf
bash: cd: etc/apache2/sites-enabled/000-default.conf: No such file or directory
gamut@gamutgurus:~$ sudo cd etc/apache2/sites-enabled/000-default.conf
sudo: cd: command not found
gamut@gamutgurus:~$ cd git
bash: cd: git: No such file or directory
gamut@gamutgurus:~$ cd var/www/html/git
bash: cd: var/www/html/git: No such file or directory
gamut@gamutgurus:~$ cd /var/www/html/git
gamut@gamutgurus:/var/www/html/git$ ls
branches  config  description  HEAD  hooks  info  objects  refs  supriya.git
gamut@gamutgurus:/var/www/html/git$ vim config
gamut@gamutgurus:/var/www/html/git$ cd supriya.git/
gamut@gamutgurus:/var/www/html/git/supriya.git$ ls
branches  config  description  HEAD  hooks  info  objects  refs
gamut@gamutgurus:/var/www/html/git/supriya.git$ vim config 
gamut@gamutgurus:/var/www/html/git/supriya.git$ cd 
gamut@gamutgurus:~$ /etc/
bash: /etc/: Is a directory
gamut@gamutgurus:~$ /etc/ap
apache2/    apparmor/   apport/     aptdaemon/  
apm/        apparmor.d/ apt/        
gamut@gamutgurus:~$ /etc/apache2
bash: /etc/apache2: Is a directory
gamut@gamutgurus:~$ cd /etc/ap
apache2/    apparmor/   apport/     aptdaemon/  
apm/        apparmor.d/ apt/        
gamut@gamutgurus:~$ cd /etc/apache2
gamut@gamutgurus:/etc/apache2$ ls
apache2.conf    conf-enabled  magic           mods-enabled  sites-available
conf-available  envvars       mods-available  ports.conf    sites-enabled
gamut@gamutgurus:/etc/apache2$ cd sites-enabled/
gamut@gamutgurus:/etc/apache2/sites-enabled$ ls
000-default.conf
gamut@gamutgurus:/etc/apache2/sites-enabled$ vim 000-default.conf 

[1]+  Stopped                 vim 000-default.conf
gamut@gamutgurus:/etc/apache2/sites-enabled$ chmod 777 000-default.conf 
chmod: changing permissions of '000-default.conf': Operation not permitted
gamut@gamutgurus:/etc/apache2/sites-enabled$ chmod 755 000-default.conf 
chmod: changing permissions of '000-default.conf': Operation not permitted
gamut@gamutgurus:/etc/apache2/sites-enabled$ chmod -x+o 000-default.conf 
chmod: changing permissions of '000-default.conf': Operation not permitted
gamut@gamutgurus:/etc/apache2/sites-enabled$ vim 000-default.conf 

[2]+  Stopped                 vim 000-default.conf
gamut@gamutgurus:/etc/apache2/sites-enabled$ sudo vim 000-default.conf 
[sudo] password for gamut: 
gamut@gamutgurus:/etc/apache2/sites-enabled$ sudo vim 000-default.conf 
gamut@gamutgurus:/etc/apache2/sites-enabled$ vim 000-default.conf 

[3]+  Stopped                 vim 000-default.conf
gamut@gamutgurus:/etc/apache2/sites-enabled$ sudo vim 000-default.conf 
gamut@gamutgurus:/etc/apache2/sites-enabled$ cd 
gamut@gamutgurus:~$ htpasswd –c /var/www/html/htpasswd gamut1
Usage:
	htpasswd [-cimBdpsDv] [-C cost] passwordfile username
	htpasswd -b[cmBdpsDv] [-C cost] passwordfile username password

	htpasswd -n[imBdps] [-C cost] username
	htpasswd -nb[mBdps] [-C cost] username password
 -c  Create a new file.
 -n  Don't update file; display results on stdout.
 -b  Use the password from the command line rather than prompting for it.
 -i  Read password from stdin without verification (for script usage).
 -m  Force MD5 encryption of the password (default).
 -B  Force bcrypt encryption of the password (very secure).
 -C  Set the computing time used for the bcrypt algorithm
     (higher is more secure but slower, default: 5, valid: 4 to 31).
 -d  Force CRYPT encryption of the password (8 chars max, insecure).
 -s  Force SHA encryption of the password (insecure).
 -p  Do not encrypt the password (plaintext, insecure).
 -D  Delete the specified user.
 -v  Verify password for the specified user.
On other systems than Windows and NetWare the '-p' flag will probably not work.
The SHA algorithm does not use a salt and is less secure than the MD5 algorithm.
gamut@gamutgurus:~$ sudo htpasswd –c /var/www/html/htpasswd gamut1
Usage:
	htpasswd [-cimBdpsDv] [-C cost] passwordfile username
	htpasswd -b[cmBdpsDv] [-C cost] passwordfile username password

	htpasswd -n[imBdps] [-C cost] username
	htpasswd -nb[mBdps] [-C cost] username password
 -c  Create a new file.
 -n  Don't update file; display results on stdout.
 -b  Use the password from the command line rather than prompting for it.
 -i  Read password from stdin without verification (for script usage).
 -m  Force MD5 encryption of the password (default).
 -B  Force bcrypt encryption of the password (very secure).
 -C  Set the computing time used for the bcrypt algorithm
     (higher is more secure but slower, default: 5, valid: 4 to 31).
 -d  Force CRYPT encryption of the password (8 chars max, insecure).
 -s  Force SHA encryption of the password (insecure).
 -p  Do not encrypt the password (plaintext, insecure).
 -D  Delete the specified user.
 -v  Verify password for the specified user.
On other systems than Windows and NetWare the '-p' flag will probably not work.
The SHA algorithm does not use a salt and is less secure than the MD5 algorithm.
gamut@gamutgurus:~$ htpasswd –c /var/www/html/htpasswd gamut1
Usage:
	htpasswd [-cimBdpsDv] [-C cost] passwordfile username
	htpasswd -b[cmBdpsDv] [-C cost] passwordfile username password

	htpasswd -n[imBdps] [-C cost] username
	htpasswd -nb[mBdps] [-C cost] username password
 -c  Create a new file.
 -n  Don't update file; display results on stdout.
 -b  Use the password from the command line rather than prompting for it.
 -i  Read password from stdin without verification (for script usage).
 -m  Force MD5 encryption of the password (default).
 -B  Force bcrypt encryption of the password (very secure).
 -C  Set the computing time used for the bcrypt algorithm
     (higher is more secure but slower, default: 5, valid: 4 to 31).
 -d  Force CRYPT encryption of the password (8 chars max, insecure).
 -s  Force SHA encryption of the password (insecure).
 -p  Do not encrypt the password (plaintext, insecure).
 -D  Delete the specified user.
 -v  Verify password for the specified user.
On other systems than Windows and NetWare the '-p' flag will probably not work.
The SHA algorithm does not use a salt and is less secure than the MD5 algorithm.
gamut@gamutgurus:~$ htpasswd -b[cmBdpsDv] [-C cost] passwordfile gamut gamut
htpasswd: illegal option -- [
Usage:
	htpasswd [-cimBdpsDv] [-C cost] passwordfile username
	htpasswd -b[cmBdpsDv] [-C cost] passwordfile username password

	htpasswd -n[imBdps] [-C cost] username
	htpasswd -nb[mBdps] [-C cost] username password
 -c  Create a new file.
 -n  Don't update file; display results on stdout.
 -b  Use the password from the command line rather than prompting for it.
 -i  Read password from stdin without verification (for script usage).
 -m  Force MD5 encryption of the password (default).
 -B  Force bcrypt encryption of the password (very secure).
 -C  Set the computing time used for the bcrypt algorithm
     (higher is more secure but slower, default: 5, valid: 4 to 31).
 -d  Force CRYPT encryption of the password (8 chars max, insecure).
 -s  Force SHA encryption of the password (insecure).
 -p  Do not encrypt the password (plaintext, insecure).
 -D  Delete the specified user.
 -v  Verify password for the specified user.
On other systems than Windows and NetWare the '-p' flag will probably not work.
The SHA algorithm does not use a salt and is less secure than the MD5 algorithm.
gamut@gamutgurus:~$ htpasswd -b[gamut] [-C 5] passwordfile gamut gamut
htpasswd: illegal option -- [
Usage:
	htpasswd [-cimBdpsDv] [-C cost] passwordfile username
	htpasswd -b[cmBdpsDv] [-C cost] passwordfile username password

	htpasswd -n[imBdps] [-C cost] username
	htpasswd -nb[mBdps] [-C cost] username password
 -c  Create a new file.
 -n  Don't update file; display results on stdout.
 -b  Use the password from the command line rather than prompting for it.
 -i  Read password from stdin without verification (for script usage).
 -m  Force MD5 encryption of the password (default).
 -B  Force bcrypt encryption of the password (very secure).
 -C  Set the computing time used for the bcrypt algorithm
     (higher is more secure but slower, default: 5, valid: 4 to 31).
 -d  Force CRYPT encryption of the password (8 chars max, insecure).
 -s  Force SHA encryption of the password (insecure).
 -p  Do not encrypt the password (plaintext, insecure).
 -D  Delete the specified user.
 -v  Verify password for the specified user.
On other systems than Windows and NetWare the '-p' flag will probably not work.
The SHA algorithm does not use a salt and is less secure than the MD5 algorithm.
gamut@gamutgurus:~$ htpasswd –c /var/www/html/htpasswd gamut1 gamut
Usage:
	htpasswd [-cimBdpsDv] [-C cost] passwordfile username
	htpasswd -b[cmBdpsDv] [-C cost] passwordfile username password

	htpasswd -n[imBdps] [-C cost] username
	htpasswd -nb[mBdps] [-C cost] username password
 -c  Create a new file.
 -n  Don't update file; display results on stdout.
 -b  Use the password from the command line rather than prompting for it.
 -i  Read password from stdin without verification (for script usage).
 -m  Force MD5 encryption of the password (default).
 -B  Force bcrypt encryption of the password (very secure).
 -C  Set the computing time used for the bcrypt algorithm
     (higher is more secure but slower, default: 5, valid: 4 to 31).
 -d  Force CRYPT encryption of the password (8 chars max, insecure).
 -s  Force SHA encryption of the password (insecure).
 -p  Do not encrypt the password (plaintext, insecure).
 -D  Delete the specified user.
 -v  Verify password for the specified user.
On other systems than Windows and NetWare the '-p' flag will probably not work.
The SHA algorithm does not use a salt and is less secure than the MD5 algorithm.
gamut@gamutgurus:~$ htpasswd –c /var/www/html/htpasswd gamut gamut
Usage:
	htpasswd [-cimBdpsDv] [-C cost] passwordfile username
	htpasswd -b[cmBdpsDv] [-C cost] passwordfile username password

	htpasswd -n[imBdps] [-C cost] username
	htpasswd -nb[mBdps] [-C cost] username password
 -c  Create a new file.
 -n  Don't update file; display results on stdout.
 -b  Use the password from the command line rather than prompting for it.
 -i  Read password from stdin without verification (for script usage).
 -m  Force MD5 encryption of the password (default).
 -B  Force bcrypt encryption of the password (very secure).
 -C  Set the computing time used for the bcrypt algorithm
     (higher is more secure but slower, default: 5, valid: 4 to 31).
 -d  Force CRYPT encryption of the password (8 chars max, insecure).
 -s  Force SHA encryption of the password (insecure).
 -p  Do not encrypt the password (plaintext, insecure).
 -D  Delete the specified user.
 -v  Verify password for the specified user.
On other systems than Windows and NetWare the '-p' flag will probably not work.
The SHA algorithm does not use a salt and is less secure than the MD5 algorithm.
gamut@gamutgurus:~$ htpasswd –nb /var/www/html/htpasswd gamut gamut
Usage:
	htpasswd [-cimBdpsDv] [-C cost] passwordfile username
	htpasswd -b[cmBdpsDv] [-C cost] passwordfile username password

	htpasswd -n[imBdps] [-C cost] username
	htpasswd -nb[mBdps] [-C cost] username password
 -c  Create a new file.
 -n  Don't update file; display results on stdout.
 -b  Use the password from the command line rather than prompting for it.
 -i  Read password from stdin without verification (for script usage).
 -m  Force MD5 encryption of the password (default).
 -B  Force bcrypt encryption of the password (very secure).
 -C  Set the computing time used for the bcrypt algorithm
     (higher is more secure but slower, default: 5, valid: 4 to 31).
 -d  Force CRYPT encryption of the password (8 chars max, insecure).
 -s  Force SHA encryption of the password (insecure).
 -p  Do not encrypt the password (plaintext, insecure).
 -D  Delete the specified user.
 -v  Verify password for the specified user.
On other systems than Windows and NetWare the '-p' flag will probably not work.
The SHA algorithm does not use a salt and is less secure than the MD5 algorithm.
gamut@gamutgurus:~$ sudo htpasswd  /var/www/html/htpasswd gamut1
htpasswd: cannot modify file /var/www/html/htpasswd; use '-c' to create it
gamut@gamutgurus:~$ sudo htpasswd –c /var/www/html/htpasswd gamut gamut
Usage:
	htpasswd [-cimBdpsDv] [-C cost] passwordfile username
	htpasswd -b[cmBdpsDv] [-C cost] passwordfile username password

	htpasswd -n[imBdps] [-C cost] username
	htpasswd -nb[mBdps] [-C cost] username password
 -c  Create a new file.
 -n  Don't update file; display results on stdout.
 -b  Use the password from the command line rather than prompting for it.
 -i  Read password from stdin without verification (for script usage).
 -m  Force MD5 encryption of the password (default).
 -B  Force bcrypt encryption of the password (very secure).
 -C  Set the computing time used for the bcrypt algorithm
     (higher is more secure but slower, default: 5, valid: 4 to 31).
 -d  Force CRYPT encryption of the password (8 chars max, insecure).
 -s  Force SHA encryption of the password (insecure).
 -p  Do not encrypt the password (plaintext, insecure).
 -D  Delete the specified user.
 -v  Verify password for the specified user.
On other systems than Windows and NetWare the '-p' flag will probably not work.
The SHA algorithm does not use a salt and is less secure than the MD5 algorithm.
gamut@gamutgurus:~$ sudo htpasswd –c /var/www/html/htpasswd gamut1
Usage:
	htpasswd [-cimBdpsDv] [-C cost] passwordfile username
	htpasswd -b[cmBdpsDv] [-C cost] passwordfile username password

	htpasswd -n[imBdps] [-C cost] username
	htpasswd -nb[mBdps] [-C cost] username password
 -c  Create a new file.
 -n  Don't update file; display results on stdout.
 -b  Use the password from the command line rather than prompting for it.
 -i  Read password from stdin without verification (for script usage).
 -m  Force MD5 encryption of the password (default).
 -B  Force bcrypt encryption of the password (very secure).
 -C  Set the computing time used for the bcrypt algorithm
     (higher is more secure but slower, default: 5, valid: 4 to 31).
 -d  Force CRYPT encryption of the password (8 chars max, insecure).
 -s  Force SHA encryption of the password (insecure).
 -p  Do not encrypt the password (plaintext, insecure).
 -D  Delete the specified user.
 -v  Verify password for the specified user.
On other systems than Windows and NetWare the '-p' flag will probably not work.
The SHA algorithm does not use a salt and is less secure than the MD5 algorithm.
gamut@gamutgurus:~$ sudo vim 000

[4]+  Stopped                 sudo vim 000
gamut@gamutgurus:~$ cd /var/www/html/git
gamut@gamutgurus:/var/www/html/git$ ls
branches  config  description  HEAD  hooks  info  objects  refs  supriya.git
gamut@gamutgurus:/var/www/html/git$ sudo vim config
gamut@gamutgurus:/var/www/html/git$ cd 
gamut@gamutgurus:~$ /etc/apache2
bash: /etc/apache2: Is a directory
gamut@gamutgurus:~$ cd /etc/apache2
gamut@gamutgurus:/etc/apache2$ cd sites-enabled/
gamut@gamutgurus:/etc/apache2/sites-enabled$ ls
000-default.conf
gamut@gamutgurus:/etc/apache2/sites-enabled$ sudo vim 000-default.conf 
gamut@gamutgurus:/etc/apache2/sites-enabled$ cd 
gamut@gamutgurus:~$ htpasswd -c /var/www/html/htpasswd gamut1
htpasswd: cannot create file /var/www/html/htpasswd
gamut@gamutgurus:~$ sudo htpasswd -c /var/www/html/htpasswd gamut1
New password: 
Re-type new password: 
Adding password for user gamut1
gamut@gamutgurus:~$ sudo htpasswd /var/www/html/htpasswd gamut1
New password: 
Re-type new password: 
Updating password for user gamut1
gamut@gamutgurus:~$ service apache2 restart
gamut@gamutgurus:~$ git clone http://192.168.31.68/supriya.git
Cloning into 'supriya'...
fatal: repository 'http://192.168.31.68/supriya.git/' not found
gamut@gamutgurus:~$ git clone http://192.168.31.68/git/supriya.git
Cloning into 'supriya'...
Username for 'http://192.168.31.68': gamut1
Password for 'http://gamut1@192.168.31.68': 
warning: You appear to have cloned an empty repository.
Checking connectivity... done.
gamut@gamutgurus:~$ ls
apt-transport-https  Documents         Music                       subversion
ca-certificates      Downloads         practice                    supriya
commercial           examples.desktop  project                     Templates
curl                 first             project.git                 Videos
Desktop              initial           software-properties-common
gamut@gamutgurus:~$ cd supriya.git
bash: cd: supriya.git: No such file or directory
gamut@gamutgurus:~$ cd supriya
gamut@gamutgurus:~/supriya$ ls
gamut@gamutgurus:~/supriya$ cd ..
gamut@gamutgurus:~$ ls
apt-transport-https  Documents         Music                       subversion
ca-certificates      Downloads         practice                    supriya
commercial           examples.desktop  project                     Templates
curl                 first             project.git                 Videos
Desktop              initial           software-properties-common
gamut@gamutgurus:~$ cd supriya/
gamut@gamutgurus:~/supriya$ ls
gamut@gamutgurus:~/supriya$ ^C
gamut@gamutgurus:~/supriya$ ^C
gamut@gamutgurus:~/supriya$ ^C
gamut@gamutgurus:~/supriya$ ^C
gamut@gamutgurus:~/supriya$ ^C
gamut@gamutgurus:~/supriya$ ^C
gamut@gamutgurus:~/supriya$ ^C
gamut@gamutgurus:~/supriya$ ^C
gamut@gamutgurus:~/supriya$ ^C
gamut@gamutgurus:~/supriya$ ^C
gamut@gamutgurus:~/supriya$ ^C
gamut@gamutgurus:~/supriya$ 
gamut@gamutgurus:~/supriya$ 
gamut@gamutgurus:~/supriya$ 
gamut@gamutgurus:~/supriya$ vim file_imp
gamut@gamutgurus:~/supriya$ l
file_imp
gamut@gamutgurus:~/supriya$ ls
file_imp
gamut@gamutgurus:~/supriya$ cd ..
gamut@gamutgurus:~$ cd ..
gamut@gamutgurus:/home$ ls
gamut
gamut@gamutgurus:/home$ cd gamut/
gamut@gamutgurus:~$ ls
apt-transport-https  Documents         Music                       subversion
ca-certificates      Downloads         practice                    supriya
commercial           examples.desktop  project                     Templates
curl                 first             project.git                 Videos
Desktop              initial           software-properties-common
gamut@gamutgurus:~$ cd supriya/
gamut@gamutgurus:~/supriya$ ls
file_imp
gamut@gamutgurus:~/supriya$ gamut@gamutgurus:~$ cd /var/www/html
gamut@gamutgurus:~$: command not found
gamut@gamutgurus:~/supriya$ gamut@gamutgurus:/var/www/html$ mkdir git
bash: gamut@gamutgurus:/var/www/html$: No such file or directory
gamut@gamutgurus:~/supriya$ mkdir: cannot create directory ‘git’: Permission denied
No command 'mkdir:' found, did you mean:
 Command 'mkdir' from package 'coreutils' (main)
mkdir:: command not found
gamut@gamutgurus:~/supriya$ gamut@gamutgurus:/var/www/html$ sudo su
bash: gamut@gamutgurus:/var/www/html$: No such file or directory
gamut@gamutgurus:~/supriya$ [sudo] password for gamut: 
[sudo]: command not found
gamut@gamutgurus:~/supriya$ root@gamutgurus:/var/www/html# mkdir git
bash: root@gamutgurus:/var/www/html#: No such file or directory
gamut@gamutgurus:~/supriya$ root@gamutgurus:/var/www/html# ls
bash: root@gamutgurus:/var/www/html#: No such file or directory
gamut@gamutgurus:~/supriya$ git  index.html
git: 'index.html' is not a git command. See 'git --help'.
gamut@gamutgurus:~/supriya$ root@gamutgurus:/var/www/html# sudo chgrp -R www-data /var/www/html/git
bash: root@gamutgurus:/var/www/html#: No such file or directory
gamut@gamutgurus:~/supriya$ root@gamutgurus:/var/www/html#  chgrp -R www-data /var/www/html/git
bash: root@gamutgurus:/var/www/html#: No such file or directory
gamut@gamutgurus:~/supriya$ root@gamutgurus:/var/www/html# sudo chgrp -R www-data /var/www/html/git
bash: root@gamutgurus:/var/www/html#: No such file or directory
gamut@gamutgurus:~/supriya$ root@gamutgurus:/var/www/html# ssh username
bash: root@gamutgurus:/var/www/html#: No such file or directory
gamut@gamutgurus:~/supriya$ ssh: Could not resolve hostname username: No address associated with hostname
No command 'ssh:' found, did you mean:
 Command 'ssh' from package 'openssh-client' (main)
 Command 'ssh1' from package 'openssh-client-ssh1' (universe)
 Command 'sshd' from package 'openssh-server' (main)
ssh:: command not found
gamut@gamutgurus:~/supriya$ root@gamutgurus:/var/www/html# ssh username = "gamutgurus"
bash: root@gamutgurus:/var/www/html#: No such file or directory
gamut@gamutgurus:~/supriya$ ssh: Could not resolve hostname username: No address associated with hostname
No command 'ssh:' found, did you mean:
 Command 'ssh1' from package 'openssh-client-ssh1' (universe)
 Command 'sshd' from package 'openssh-server' (main)
 Command 'ssh' from package 'openssh-client' (main)
ssh:: command not found
gamut@gamutgurus:~/supriya$ root@gamutgurus:/var/www/html# ls-ld webapps/
bash: root@gamutgurus:/var/www/html#: No such file or directory
gamut@gamutgurus:~/supriya$ ls-ld: command not found
ls-ld:: command not found
gamut@gamutgurus:~/supriya$ root@gamutgurus:/var/www/html# ls -ld webapps/
bash: root@gamutgurus:/var/www/html#: No such file or directory
gamut@gamutgurus:~/supriya$ ls: cannot access 'webapps/': No such file or directory
No command 'ls:' found, did you mean:
 Command 'lsh' from package 'lsh-client' (universe)
 Command 'ls' from package 'coreutils' (main)
 Command 'lsw' from package 'suckless-tools' (universe)
 Command 'lsx' from package 'suckless-tools' (universe)
ls:: command not found
gamut@gamutgurus:~/supriya$ root@gamutgurus:/var/www/html# chmod 777 -R apache2-tomcat-8.5.11
bash: root@gamutgurus:/var/www/html#: No such file or directory
gamut@gamutgurus:~/supriya$ chmod: cannot access 'apache2-tomcat-8.5.11': No such file or directory
No command 'chmod:' found, did you mean:
 Command 'chmod' from package 'coreutils' (main)
chmod:: command not found
gamut@gamutgurus:~/supriya$ root@gamutgurus:/var/www/html# exit
bash: root@gamutgurus:/var/www/html#: No such file or directory
gamut@gamutgurus:~/supriya$ exit
exit
There are stopped jobs.
gamut@gamutgurus:~/supriya$ gamut@gamutgurus:/var/www/html$ ls
bash: gamut@gamutgurus:/var/www/html$: No such file or directory
gamut@gamutgurus:~/supriya$ git  index.html
git: 'index.html' is not a git command. See 'git --help'.
gamut@gamutgurus:~/supriya$ gamut@gamutgurus:/var/www/html$ cd gir
bash: gamut@gamutgurus:/var/www/html$: No such file or directory
gamut@gamutgurus:~/supriya$ bash: cd: gir: No such file or directory
No command 'bash:' found, did you mean:
 Command 'bash' from package 'bash' (main)
bash:: command not found
gamut@gamutgurus:~/supriya$ gamut@gamutgurus:/var/www/html$ cd git
bash: gamut@gamutgurus:/var/www/html$: No such file or directory
gamut@gamutgurus:~/supriya$ gamut@gamutgurus:/var/www/html/git$  chgrp -R www-data /var/www/html/gitchgrp: changing group of '/var/www/html/git': Operation not permitted
bash: gamut@gamutgurus:/var/www/html/git$: No such file or directory
gamut@gamutgurus:~/supriya$ gamut@gamutgurus:/var/www/html/git$ sudo chgrp -R www-data /var/www/html/git[sudo] password for gamut: 
bash: gamut@gamutgurus:/var/www/html/git$: No such file or directory
gamut@gamutgurus:~/supriya$ gamut@gamutgurus:/var/www/html/git$ cd git
bash: gamut@gamutgurus:/var/www/html/git$: No such file or directory
gamut@gamutgurus:~/supriya$ bash: cd: git: No such file or directory
No command 'bash:' found, did you mean:
 Command 'bash' from package 'bash' (main)
bash:: command not found
gamut@gamutgurus:~/supriya$ gamut@gamutgurus:/var/www/html/git$ cd .
bash: gamut@gamutgurus:/var/www/html/git$: No such file or directory
gamut@gamutgurus:~/supriya$ gamut@gamutgurus:/var/www/html/git$ mkdir git
bash: gamut@gamutgurus:/var/www/html/git$: No such file or directory
gamut@gamutgurus:~/supriya$ mkdir: cannot create directory ‘git’: Permission denied
No command 'mkdir:' found, did you mean:
 Command 'mkdir' from package 'coreutils' (main)
mkdir:: command not found
gamut@gamutgurus:~/supriya$ gamut@gamutgurus:/var/www/html/git$ git init --bared --shared supriya.git
bash: gamut@gamutgurus:/var/www/html/git$: No such file or directory
gamut@gamutgurus:~/supriya$ error: unknown option `bared'
> usage: git init [-q | --quiet] [--bare] [--template=<template-directory>] [--shared[=<permissions>]] [<directory>]
> 
>     --template <template-directory>
>                           directory from which templates will be used
>     --bare                create a bare repository
>     --shared[=<permissions>]
>                           specify that the git repository is to be shared amongst several users
>     -q, --quiet           be quiet
>     --separate-git-dir <gitdir>
>                           separate git dir from working tree
> 
> gamut@gamutgurus:/var/www/html/git$ mkdir supriya.git
> mkdir: cannot create directory ‘supriya.git’: Permission denied
> gamut@gamutgurus:/var/www/html/git$ git init --bared --shared supriya.git
> error: unknown option `bared'
> usage: git init [-q | --quiet] [--bare] [--template=<template-directory>] [--shared[=<permissions>]] [<directory>]
> 
>     --template <template-directory>
>                           directory from which templates will be used
>     --bare                create a bare repository
>     --shared[=<permissions>]
>                           specify that the git repository is to be shared amongst several users
>     -q, --quiet           be quiet
>     --separate-git-dir <gitdir>
>                           separate git dir from working tree
> 
0> gamut@gamutgurus:/var/www/html/git$ sudo mkdir supriya.git
> gamut@gamutgurus:/var/www/html/git$ git init --bared --shared
> error: unknown option `bared'
bash: command substitution: line 1: unexpected EOF while looking for matching `''
bash: command substitution: line 17: syntax error: unexpected end of file
error:: command not found
gamut@gamutgurus:~/supriya$ usage: git init [-q | --quiet] [--bare] [--template=<template-directory>] [--shared[=<permissions>]] [<directory>]
conf 
[sudo] password for gamut: 
gamut@gbash: template-directory: No such file or directory
usage:: command not found
gamut@gamutgurus:~/supriya$ 
agamut@gamutgurus:~/supriya$     --template <template-directory>
bash: syntax error near unexpected token `newline'
gamut@gamutgurus:~/supriya$                           directory from which templates will be used
directory: command not found
gamut@gamutgurus:~/supriya$     --bare                create a bare repository
--bare: command not found
gamut@gamutgurus:~/supriya$     --shared[=<permissions>]
bash: permissions: No such file or directory
gamut@gamutgurus:~/supriya$                           specify that the git repository is to be shared amongst several users
The program 'specify' is currently not installed. You can install it by typing:
sudo apt install spectacle
gamut@gamutgurus:~/supriya$     -q, --quiet           be quiet
-q,: command not found
gamut@gamutgurus:~/supriya$     --separate-git-dir <gitdir>
bash: syntax error near unexpected token `newline'
gamut@gamutgurus:~/supriya$                           separate git dir from working tree
separate: command not found
gamut@gamutgurus:~/supriya$ 
sgamut@gamutgurus:~/supriya$ gamut@gamutgurus:/var/www/html/git$ sudo git init -bared --shared
bash: gamut@gamutgurus:/var/www/html/git$: No such file or directory
gamut@gamutgurus:~/supriya$ error: unknown option `bared'
> usage: git init [-q | --quiet] [--bare] [--template=<template-directory>] [--shared[=<permissions>]] [<directory>]
> 
>     --template <template-directory>
>                           directory from which templates will be used
>     --bare                create a bare repository
>     --shared[=<permissions>]
>                           specify that the git repository is to be shared amongst several users
>     -q, --quiet           be quiet
>     --separate-git-dir <gitdir>
>                           separate git dir from working tree
> 
> gamut@gamutgurus:/var/www/html/git$ sudo git init --bare --shared
,> Initialized empty shared Git repository in /var/www/html/git/
> gamut@gamutgurus:/var/www/html/git$ sudo git init --bare --shared supriya.git
> [sudo] password for gamut: 
> Initialized empty shared Git repository in /var/www/html/git/supriya.git/
> gamut@gamutgurus:/var/www/html/git$ 
> gamut@gamutgurus:/var/www/html/git$ 
> gamut@gamutgurus:/var/www/html/git$ 
> gamut@gamutgurus:/var/www/html/git$ 
> gamut@gamutgurus:/var/www/html/git$ apache2.conf
> apache2.conf: command not found
> gamut@gamutgurus:/var/www/html/git$ cd ..
> gamut@gamutgurus:/var/www/html$ apache2.conf
> apache2.conf: command not found
> gamut@gamutgurus:/var/www/html$ cd 
> gamut@gamutgurus:~$ cd etc/apache2/sites-enabled/000-default.conf
> bash: cd: etc/apache2/sites-enabled/000-default.conf: No such file or directory
> gamut@gamutgurus:~$ sudo cd etc/apache2/sites-enabled/000-default.conf
> sudo: cd: command not found
> gamut@gamutgurus:~$ cd git
> bash: cd: git: No such file or directory
> gamut@gamutgurus:~$ cd var/www/html/git
> bash: cd: var/www/html/git: No such file or directory
> gamut@gamutgurus:~$ cd /var/www/html/git
> gamut@gamutgurus:/var/www/html/git$ ls
> branches  config  description  HEAD  hooks  info  objects  refs  supriya.git
> gamut@gamutgurus:/var/www/html/git$ vim config
> gamut@gamutgurus:/var/www/html/git$ cd supriya.git/
> gamut@gamutgurus:/var/www/html/git/supriya.git$ ls
> branches  config  description  HEAD  hooks  info  objects  refs
> gamut@gamutgurus:/var/www/html/git/supriya.git$ vim config 
> gamut@gamutgurus:/var/www/html/git/supriya.git$ cd 
> gamut@gamutgurus:~$ /etc/
> bash: /etc/: Is a directory
> gamut@gamutgurus:~$ /etc/ap
> apache2/    apparmor/   apport/     aptdaemon/  
> apm/        apparmor.d/ apt/        
> gamut@gamutgurus:~$ /etc/apache2
> bash: /etc/apache2: Is a directory
> gamut@gamutgurus:~$ cd /etc/ap
> apache2/    apparmor/   apport/     aptdaemon/  
> apm/        apparmor.d/ apt/        
> gamut@gamutgurus:~$ cd /etc/apache2
> gamut@gamutgurus:/etc/apache2$ ls
> apache2.conf    conf-enabled  magic           mods-enabled  sites-available
> conf-available  envvars       mods-available  ports.conf    sites-enabled
> gamut@gamutgurus:/etc/apache2$ cd sites-enabled/
> gamut@gamutgurus:/etc/apache2/sites-enabled$ ls
> 000-default.conf
> gamut@gamutgurus:/etc/apache2/sites-enabled$ vim 000-default.conf 
> 
c> [1]+  Stopped                 vim 000-default.conf
> gamut@gamutgurus:/etc/apache2/sites-enabled$ chmod 777 000-default.conf 
> chmod: changing permissions of '000-default.conf': Operation not permitted
> gamut@gamutgurus:/etc/apache2/sites-enabled$ chmod 755 000-default.conf 
> chmod: changing permissions of '000-default.conf': Operation not permitted
> gamut@gamutgurus:/etc/apache2/sites-enabled$ chmod -x+o 000-default.conf 
> chmod: changing permissions of '000-default.conf': Operation not permitted
> gamut@gamutgurus:/etc/apache2/sites-enabled$ vim 000-default.conf 
> 
> [2]+  Stopped                 vim 000-default.conf
> gamut@gamutgurus:/etc/apache2/sites-enabled$ sudo vim 000-default.conf 
> [sudo] password for gamut: 
> gamut@gamutgurus:/etc/apache2/sites-enabled$ sudo vim 000-default.conf 
> gamut@gamutgurus:/etc/apache2/sites-enabled$ vim 000-default.conf 
> 
> [3]+  Stopped                 vim 000-default.conf
> gamut@gamutgurus:/etc/apache2/sites-enabled$ sudo vim 000-default.conf 
> gamut@gamutgurus:/etc/apache2/sites-enabled$ cd 
> gamut@gamutgurus:~$ htpasswd –c /var/www/html/htpasswd gamut1
> Usage:
> htpasswd [-cimBdpsDv] [-C cost] passwordfile username
> htpasswd -b[cmBdpsDv] [-C cost] passwordfile username password
> 
> htpasswd -n[imBdps] [-C cost] username
> htpasswd -nb[mBdps] [-C cost] username password
>  -c  Create a new file.
>  -n  Don't update file; display results on stdout.
>  -b  Use the password from the command line rather than prompting for it.
>  -i  Read password from stdin without verification (for script usage).
>  -m  Force MD5 encryption of the password (default).
>  -B  Force bcrypt encryption of the password (very secure).
>  -C  Set the computing time used for the bcrypt algorithm
>      (higher is more secure but slower, default: 5, valid: 4 to 31).
>  -d  Force CRYPT encryption of the password (8 chars max, insecure).
>  -s  Force SHA encryption of the password (insecure).
>  -p  Do not encrypt the password (plaintext, insecure).
>  -D  Delete the specified user.
>  -v  Verify password for the specified user.
> On other systems than Windows and NetWare the '-p' flag will probably not work.
> The SHA algorithm does not use a salt and is less secure than the MD5 algorithm.
> gamut@gamutgurus:~$ sudo htpasswd –c /var/www/html/htpasswd gamut1
> Usage:
> htpasswd [-cimBdpsDv] [-C cost] passwordfile username
> htpasswd -b[cmBdpsDv] [-C cost] passwordfile username password
> 
> htpasswd -n[imBdps] [-C cost] username
> htpasswd -nb[mBdps] [-C cost] username password
>  -c  Create a new file.
>  -n  Don't update file; display results on stdout.
>  -b  Use the password from the command line rather than prompting for it.
>  -i  Read password from stdin without verification (for script usage).
>  -m  Force MD5 encryption of the password (default).
>  -B  Force bcrypt encryption of the password (very secure).
>  -C  Set the computing time used for the bcrypt algorithm
>      (higher is more secure but slower, default: 5, valid: 4 to 31).
>  -d  Force CRYPT encryption of the password (8 chars max, insecure).
>  -s  Force SHA encryption of the password (insecure).
>  -p  Do not encrypt the password (plaintext, insecure).
>  -D  Delete the specified user.
>  -v  Verify password for the specified user.
> On other systems than Windows and NetWare the '-p' flag will probably not work.
> The SHA algorithm does not use a salt and is less secure than the MD5 algorithm.
> gamut@gamutgurus:~$ htpasswd –c /var/www/html/htpasswd gamut1
> Usage:
> htpasswd [-cimBdpsDv] [-C cost] passwordfile username
> htpasswd -b[cmBdpsDv] [-C cost] passwordfile username password
> 
> htpasswd -n[imBdps] [-C cost] username
> htpasswd -nb[mBdps] [-C cost] username password
>  -c  Create a new file.
>  -n  Don't update file; display results on stdout.
>  -b  Use the password from the command line rather than prompting for it.
>  -i  Read password from stdin without verification (for script usage).
>  -m  Force MD5 encryption of the password (default).
>  -B  Force bcrypt encryption of the password (very secure).
>  -C  Set the computing time used for the bcrypt algorithm
>      (higher is more secure but slower, default: 5, valid: 4 to 31).
>  -d  Force CRYPT encryption of the password (8 chars max, insecure).
>  -s  Force SHA encryption of the password (insecure).
>  -p  Do not encrypt the password (plaintext, insecure).
>  -D  Delete the specified user.
>  -v  Verify password for the specified user.
> On other systems than Windows and NetWare the '-p' flag will probably not work.
> The SHA algorithm does not use a salt and is less secure than the MD5 algorithm.
> gamut@gamutgurus:~$ htpasswd -b[cmBdpsDv] [-C cost] passwordfile gamut gamut
> htpasswd: illegal option -- [
> Usage:
> htpasswd [-cimBdpsDv] [-C cost] passwordfile username
> htpasswd -b[cmBdpsDv] [-C cost] passwordfile username password
> 
> htpasswd -n[imBdps] [-C cost] username
)> htpasswd -nb[mBdps] [-C cost] username password
>  -c  Create a new file.
>  -n  Don't update file; display results on stdout.
>  -b  Use the password from the command line rather than prompting for it.
>  -i  Read password from stdin without verification (for script usage).
>  -m  Force MD5 encryption of the password (default).
>  -B  Force bcrypt encryption of the password (very secure).
>  -C  Set the computing time used for the bcrypt algorithm
>      (higher is more secure but slower, default: 5, valid: 4 to 31).
>  -d  Force CRYPT encryption of the password (8 chars max, insecure).
>  -s  Force SHA encryption of the password (insecure).
>  -p  Do not encrypt the password (plaintext, insecure).
>  -D  Delete the specified user.
>  -v  Verify password for the specified user.
> On other systems than Windows and NetWare the '-p' flag will probably not work.
> The SHA algorithm does not use a salt and is less secure than the MD5 algorithm.
> gamut@gamutgurus:~$ htpasswd -b[gamut] [-C 5] passwordfile gamut gamut
> htpasswd: illegal option -- [
> Usage:
> htpasswd [-cimBdpsDv] [-C cost] passwordfile username
> htpasswd -b[cmBdpsDv] [-C cost] passwordfile username password
> 
> htpasswd -n[imBdps] [-C cost] username
> htpasswd -nb[mBdps] [-C cost] username password
>  -c  Create a new file.
>  -n  Don't update file; display results on stdout.
>  -b  Use the password from the command line rather than prompting for it.
>  -i  Read password from stdin without verification (for script usage).
>  -m  Force MD5 encryption of the password (default).
>  -B  Force bcrypt encryption of the password (very secure).
>  -C  Set the computing time used for the bcrypt algorithm
>      (higher is more secure but slower, default: 5, valid: 4 to 31).
>  -d  Force CRYPT encryption of the password (8 chars max, insecure).
>  -s  Force SHA encryption of the password (insecure).
>  -p  Do not encrypt the password (plaintext, insecure).
>  -D  Delete the specified user.
>  -v  Verify password for the specified user.
> On other systems than Windows and NetWare the '-p' flag will probably not work.
> The SHA algorithm does not use a salt and is less secure than the MD5 algorithm.
> gamut@gamutgurus:~$ htpasswd –c /var/www/html/htpasswd gamut1 gamut
> Usage:
> htpasswd [-cimBdpsDv] [-C cost] passwordfile username
> htpasswd -b[cmBdpsDv] [-C cost] passwordfile username password
> 
> htpasswd -n[imBdps] [-C cost] username
> htpasswd -nb[mBdps] [-C cost] username password
>  -c  Create a new file.
>  -n  Don't update file; display results on stdout.
>  -b  Use the password from the command line rather than prompting for it.
>  -i  Read password from stdin without verification (for script usage).
>  -m  Force MD5 encryption of the password (default).
>  -B  Force bcrypt encryption of the password (very secure).
>  -C  Set the computing time used for the bcrypt algorithm
>      (higher is more secure but slower, default: 5, valid: 4 to 31).
>  -d  Force CRYPT encryption of the password (8 chars max, insecure).
>  -s  Force SHA encryption of the password (insecure).
>  -p  Do not encrypt the password (plaintext, insecure).
>  -D  Delete the specified user.
>  -v  Verify password for the specified user.
> On other systems than Windows and NetWare the '-p' flag will probably not work.
> The SHA algorithm does not use a salt and is less secure than the MD5 algorithm.
> gamut@gamutgurus:~$ htpasswd –c /var/www/html/htpasswd gamut gamut
> Usage:
> htpasswd [-cimBdpsDv] [-C cost] passwordfile username
> htpasswd -b[cmBdpsDv] [-C cost] passwordfile username password
> 
> htpasswd -n[imBdps] [-C cost] username
> htpasswd -nb[mBdps] [-C cost] username password
>  -c  Create a new file.
>  -n  Don't update file; display results on stdout.
>  -b  Use the password from the command line rather than prompting for it.
>  -i  Read password from stdin without verification (for script usage).
>  -m  Force MD5 encryption of the password (default).
>  -B  Force bcrypt encryption of the password (very secure).
>  -C  Set the computing time used for the bcrypt algorithm
>      (higher is more secure but slower, default: 5, valid: 4 to 31).
>  -d  Force CRYPT encryption of the password (8 chars max, insecure).
>  -s  Force SHA encryption of the password (insecure).
>  -p  Do not encrypt the password (plaintext, insecure).
>  -D  Delete the specified user.
>  -v  Verify password for the specified user.
> On other systems than Windows and NetWare the '-p' flag will probably not work.
> The SHA algorithm does not use a salt and is less secure than the MD5 algorithm.
> gamut@gamutgurus:~$ htpasswd –nb /var/www/html/htpasswd gamut gamut
> Usage:
> htpasswd [-cimBdpsDv] [-C cost] passwordfile username
> htpasswd -b[cmBdpsDv] [-C cost] passwordfile username password
> 
> htpasswd -n[imBdps] [-C cost] username
> htpasswd -nb[mBdps] [-C cost] username password
>  -c  Create a new file.
>  -n  Don't update file; display results on stdout.
>  -b  Use the password from the command line rather than prompting for it.
>  -i  Read password from stdin without verification (for script usage).
>  -m  Force MD5 encryption of the password (default).
>  -B  Force bcrypt encryption of the password (very secure).
>  -C  Set the computing time used for the bcrypt algorithm
>      (higher is more secure but slower, default: 5, valid: 4 to 31).
>  -d  Force CRYPT encryption of the password (8 chars max, insecure).
>  -s  Force SHA encryption of the password (insecure).
>  -p  Do not encrypt the password (plaintext, insecure).
>  -D  Delete the specified user.
>  -v  Verify password for the specified user.
> On other systems than Windows and NetWare the '-p' flag will probably not work.
> The SHA algorithm does not use a salt and is less secure than the MD5 algorithm.
> gamut@gamutgurus:~$ sudo htpasswd  /var/www/html/htpasswd gamut1
> htpasswd: cannot modify file /var/www/html/htpasswd; use '-c' to create it
> gamut@gamutgurus:~$ sudo htpasswd –c /var/www/html/htpasswd gamut gamut
> Usage:
> htpasswd [-cimBdpsDv] [-C cost] passwordfile username
> htpasswd -b[cmBdpsDv] [-C cost] passwordfile username password
> 
> htpasswd -n[imBdps] [-C cost] username
> htpasswd -nb[mBdps] [-C cost] username password
>  -c  Create a new file.
>  -n  Don't update file; display results on stdout.
>  -b  Use the password from the command line rather than prompting for it.
>  -i  Read password from stdin without verification (for script usage).
>  -m  Force MD5 encryption of the password (default).
>  -B  Force bcrypt encryption of the password (very secure).
>  -C  Set the computing time used for the bcrypt algorithm
>      (higher is more secure but slower, default: 5, valid: 4 to 31).
>  -d  Force CRYPT encryption of the password (8 chars max, insecure).
>  -s  Force SHA encryption of the password (insecure).
>  -p  Do not encrypt the password (plaintext, insecure).
>  -D  Delete the specified user.
>  -v  Verify password for the specified user.
> On other systems than Windows and NetWare the '-p' flag will probably not work.
> The SHA algorithm does not use a salt and is less secure than the MD5 algorithm.
> gamut@gamutgurus:~$ sudo htpasswd –c /var/www/html/htpasswd gamut1
> Usage:
> htpasswd [-cimBdpsDv] [-C cost] passwordfile username
> htpasswd -b[cmBdpsDv] [-C cost] passwordfile username password
> 
> htpasswd -n[imBdps] [-C cost] username
> htpasswd -nb[mBdps] [-C cost] username password
>  -c  Create a new file.
>  -n  Don't update file; display results on stdout.
>  -b  Use the password from the command line rather than prompting for it.
>  -i  Read password from stdin without verification (for script usage).
>  -m  Force MD5 encryption of the password (default).
>  -B  Force bcrypt encryption of the password (very secure).
>  -C  Set the computing time used for the bcrypt algorithm
>      (higher is more secure but slower, default: 5, valid: 4 to 31).
>  -d  Force CRYPT encryption of the password (8 chars max, insecure).
>  -s  Force SHA encryption of the password (insecure).
>  -p  Do not encrypt the password (plaintext, insecure).
>  -D  Delete the specified user.
>  -v  Verify password for the specified user.
> On other systems than Windows and NetWare the '-p' flag will probably not work.
> The SHA algorithm does not use a salt and is less secure than the MD5 algorithm.
> gamut@gamutgurus:~$ sudo vim 000
> 
> [4]+  Stopped                 sudo vim 000
> gamut@gamutgurus:~$ cd /var/www/html/git
> gamut@gamutgurus:/var/www/html/git$ ls
> branches  config  description  HEAD  hooks  info  objects  refs  supriya.git
> gamut@gamutgurus:/var/www/html/git$ sudo vim config
> gamut@gamutgurus:/var/www/html/git$ cd 
> gamut@gamutgurus:~$ /etc/apache2
> bash: /etc/apache2: Is a directory
> gamut@gamutgurus:~$ cd /etc/apache2
> gamut@gamutgurus:/etc/apache2$ cd sites-enabled/
> gamut@gamutgurus:/etc/apache2/sites-enabled$ ls
> 000-default.conf
> gamut@gamutgurus:/etc/apache2/sites-enabled$ sudo vim 000-default.conf 
> gamut@gamutgurus:/etc/apache2/sites-enabled$ cd 
> gamut@gamutgurus:~$ htpasswd -c /var/www/html/htpasswd gamut1
> htpasswd: cannot create file /var/www/html/htpasswd
> gamut@gamutgurus:~$ sudo htpasswd -c /var/www/html/htpasswd gamut1
> New password: 
> Re-type new password: 
> Adding password for user gamut1
> gamut@gamutgurus:~$ sudo htpasswd /var/www/html/htpasswd gamut1
> New password: 
> Re-type new password: 
> Updating password for user gamut1
> gamut@gamutgurus:~$ service apache2 restart
> gamut@gamutgurus:~$ git clone http://192.168.31.68/supriya.git
> Cloning into 'supriya'...
> fatal: repository 'http://192.168.31.68/supriya.git/' not found
> gamut@gamutgurus:~$ git clone http://192.168.31.68/git/supriya.git
> Cloning into 'supriya'...
> Username for 'http://192.168.31.68': gamut1
> Password for 'http://gamut1@192.168.31.68': 
> warning: You appear to have cloned an empty repository.
> Checking connectivity... done.
> gamut@gamutgurus:~$ ls
> apt-transport-https  Documents         Music                       subversion
> ca-certificates      Downloads         practice                    supriya
> commercial           examples.desktop  project                     Templates
> curl                 first             project.git                 Videos
> Desktop              initial           software-properties-common
> gamut@gamutgurus:~$ cd supriya.git
> bash: cd: supriya.git: No such file or directory
> gamut@gamutgurus:~$ cd supriya
> gamut@gamutgurus:~/supriya$ ls
> gamut@gamutgurus:~/supriya$ cd ..
> gamut@gamutgurus:~$ ls
> apt-transport-https  Documents         Music                       subversion
> ca-certificates      Downloads         practice                    supriya
> commercial           examples.desktop  project                     Templates
> curl                 first             project.git                 Videos
> Desktop              initial           software-properties-common
> gamut@gamutgurus:~$ cd supriya/
> gamut@gamutgurus:~/supriya$ ls
> gamut@gamutgurus:~/supriya$ ^C
> gamut@gamutgurus:~/supriya$ ^C
> gamut@gamutgurus:~/supriya$ ^C
> gamut@gamutgurus:~/supriya$ ^C
> gamut@gamutgurus:~/supriya$ ^C
> gamut@gamutgurus:~/supriya$ ^C
> gamut@gamutgurus:~/supriya$ ^C
> gamut@gamutgurus:~/supriya$ ^C
> gamut@gamutgurus:~/supriya$ ^C
> gamut@gamutgurus:~/supriya$ ^C
> gamut@gamutgurus:~/supriya$ ^C
> gamut@gamutgurus:~/supriya$ 
> ^C
gamut@gamutgurus:~/supriya$ cd ..
gamut@gamutgurus:~$ cd /var/www/html
gamut@gamutgurus:/var/www/html$ ls
git  htpasswd  index.html
gamut@gamutgurus:/var/www/html$ cd git
gamut@gamutgurus:/var/www/html/git$ ls
branches  config  description  HEAD  hooks  info  objects  refs  supriya.git
gamut@gamutgurus:/var/www/html/git$ cd 
gamut@gamutgurus:~$ cd /etc/apache2
gamut@gamutgurus:/etc/apache2$ cd sites-enabled/
gamut@gamutgurus:/etc/apache2/sites-enabled$ ls
000-default.conf
gamut@gamutgurus:/etc/apache2/sites-enabled$ sudo vim 000-default.conf 
[sudo] password for gamut: 
Sorry, try again.
[sudo] password for gamut: 
gamut@gamutgurus:/etc/apache2/sites-enabled$ error: unknown option `bared'
gamut@gamutgurus:/etc/apache2/sites-enabled$ gamut@gamutgurus:/var/www/html/git$gamut@gamutgurus:/etc/apache2/sites-enabled$ error: unknown option `bared'
usage: git init [-q | --quiet] [--bare] [--template=<template-directory>] [--shared[=<permissions>]] [<directory>]

    --template <template-directory>
                          directory from which templates will be used
    --bare                create a bare repository
    --shared[=<permissions>]
                          specify that the git repository is to be shared amongst several users
    -q, --quiet           be quiet
    --separate-git-dir <gitdir>
                          separate git dir from working tree

gamut@gamutgurus:/var/www/html/git$ sudo git init --bare --shared
Initialized empty shared Git repository in /var/www/html/git/
gamut@gamutgurus:/var/www/html/git$ sudo git init --bare --shared supriya.git
[sudo] password for gamut: 
Initialized empty shared Git repository in /var/www/html/git/supriya.git/
gamut@gamutgurus:/var/www/html/git$ 
gamut@gamutgurus:/var/www/html/git$ 
gamut@gamutgurus:/var/www/html/git$ 
gamut@gamutgurus:/var/www/html/git$ 
gamut@gamutgurus:/var/www/html/git$ apache2.conf
gamut@gamutgurus:~/supriya$ ^C/        software-properties-common  Videostesnhm.
gamut@gamutgurus:/etc/apache2/sites-enabled$ cd
gamut@gamutgurus:~$ sudo htpasswd -c /var/www/html/htpasswd gamut1
New password: 
Re-type new password: 
Adding password for user gamut1
gamut@gamutgurus:~$ sudo htpasswd  /var/www/html/htpasswd gamut1
New password: 
Re-type new password: 
Updating password for user gamut1
gamut@gamutgurus:~$ service apache2 restart
gamut@gamutgurus:~$ service apache2 status
● apache2.service - LSB: Apache2 web server
   Loaded: loaded (/etc/init.d/apache2; bad; vendor preset: enabled)
  Drop-In: /lib/systemd/system/apache2.service.d
           └─apache2-systemd.conf
   Active: active (running) since Thu 2018-01-04 16:12:14 IST; 21s ago
     Docs: man:systemd-sysv-generator(8)
  Process: 6654 ExecStop=/etc/init.d/apache2 stop (code=exited, status=0/SUCCESS
  Process: 6678 ExecStart=/etc/init.d/apache2 start (code=exited, status=0/SUCCE
    Tasks: 56
   Memory: 6.6M
      CPU: 70ms
   CGroup: /system.slice/apache2.service
           ├─6696 /usr/sbin/apache2 -k start
           ├─6699 /usr/sbin/apache2 -k start
           ├─6700 /usr/sbin/apache2 -k start
           └─6701 /usr/sbin/apache2 -k start

Jan 04 16:12:12 gamutgurus.com systemd[1]: Stopped LSB: Apache2 web server.
Jan 04 16:12:12 gamutgurus.com systemd[1]: Starting LSB: Apache2 web server...
Jan 04 16:12:12 gamutgurus.com apache2[6678]:  * Starting Apache httpd web serve
Jan 04 16:12:14 gamutgurus.com apache2[6678]:  *
Jan 04 16:12:14 gamutgurus.com systemd[1]: Started LSB: Apache2 web server.
gamut@gamutgurus:~$ pwd
/home/gamut
gamut@gamutgurus:~$ mkdir xyz
gamut@gamutgurus:~$ cd xyz/
gamut@gamutgurus:~/xyz$ git init
Initialized empty Git repository in /home/gamut/xyz/.git/
gamut@gamutgurus:~/xyz$ git clone http://192.168.31.68/git/supriya.git
Cloning into 'supriya'...
Username for 'http://192.168.31.68': gamut1
Password for 'http://gamut1@192.168.31.68': 
warning: You appear to have cloned an empty repository.
Checking connectivity... done.
gamut@gamutgurus:~/xyz$ ls
supriya
gamut@gamutgurus:~/xyz$ cd supriya/
gamut@gamutgurus:~/xyz/supriya$ ls
gamut@gamutgurus:~/xyz/supriya$ cd
gamut@gamutgurus:~$ cd /etc/apache2
gamut@gamutgurus:/etc/apache2$ ls
apache2.conf    conf-enabled  magic           mods-enabled  sites-available
conf-available  envvars       mods-available  ports.conf    sites-enabled
gamut@gamutgurus:/etc/apache2$ cd sites-enabled/
gamut@gamutgurus:/etc/apache2/sites-enabled$ ls
000-default.conf
gamut@gamutgurus:/etc/apache2/sites-enabled$ vim 000-default.conf 
gamut@gamutgurus:/etc/apache2/sites-enabled$ gamut@gamutgurus:~$ cd /var/www/html
         directory from which templgamut@gamutgurus:~$: command not found
gamut@gamutgurus:/etc/apache2/sites-enabled$ gamut@gamutgurus:/var/www/html$ mkdir git
bash: gamut@gamutgurus:/var/www/html$: No such file or directory
gamut@gamutgurus:/etc/apache2/sites-enabled$ mkdir: cannot create directory ‘git’: Permission denied
No command 'mkdir:' found, did you mean:
 Command 'mkdir' from package 'coreutils' (main)
mkdir:: command not found
gamut@gamutgurus:/etc/apache2/sites-enabled$ gamut@gamutgurus:/var/www/html$ sudo su
bash: gamut@gamutgurus:/var/www/html$: No such file or directory
gamut@gamutgurus:/etc/apache2/sites-enabled$ [sudo] password for gamut: 
[sudo]: command not found
gamut@gamutgurus:/etc/apache2/sites-enabled$ root@gamutgurus:/var/www/html# mkdir git
bash: root@gamutgurus:/var/www/html#: No such file or directory
gamut@gamutgurus:/etc/apache2/sites-enabled$ root@gamutgurus:/var/www/html# ls
bash: root@gamutgurus:/var/www/html#: No such file or directory
gamut@gamutgurus:/etc/apache2/sites-enabled$ git  index.html
git: 'index.html' is not a git command. See 'git --help'.
gamut@gamutgurus:/etc/apache2/sites-enabled$ root@gamutgurus:/var/www/html# sudo chgrp -R www-data /var/www/html/git
bash: root@gamutgurus:/var/www/html#: No such file or directory
gamut@gamutgurus:/etc/apache2/sites-enabled$ root@gamutgurus:/var/www/html#  chgrp -R www-data /var/www/html/git
bash: root@gamutgurus:/var/www/html#: No such file or directory
gamut@gamutgurus:/etc/apache2/sites-enabled$ root@gamutgurus:/var/www/html# sudo chgrp -R www-data /var/www/html/git
bash: root@gamutgurus:/var/www/html#: No such file or directory
gamut@gamutgurus:/etc/apache2/sites-enabled$ root@gamutgurus:/var/www/html# ssh username
bash: root@gamutgurus:/var/www/html#: No such file or directory
gamut@gamutgurus:/etc/apache2/sites-enabled$ ssh: Could not resolve hostname username: No address associated with hostname
No command 'ssh:' found, did you mean:
 Command 'ssh1' from package 'openssh-client-ssh1' (universe)
 Command 'ssh' from package 'openssh-client' (main)
 Command 'sshd' from package 'openssh-server' (main)
ssh:: command not found
gamut@gamutgurus:/etc/apache2/sites-enabled$ root@gamutgurus:/var/www/html# ssh username = "gamutgurus"
bash: root@gamutgurus:/var/www/html#: No such file or directory
gamut@gamutgurus:/etc/apache2/sites-enabled$ ssh: Could not resolve hostname username: No address associated with hostname
No command 'ssh:' found, did you mean:
 Command 'ssh' from package 'openssh-client' (main)
 Command 'ssh1' from package 'openssh-client-ssh1' (universe)
 Command 'sshd' from package 'openssh-server' (main)
ssh:: command not found
gamut@gamutgurus:/etc/apache2/sites-enabled$ root@gamutgurus:/var/www/html# ls-ld webapps/
bash: root@gamutgurus:/var/www/html#: No such file or directory
gamut@gamutgurus:/etc/apache2/sites-enabled$ ls-ld: command not found
ls-ld:: command not found
gamut@gamutgurus:/etc/apache2/sites-enabled$ root@gamutgurus:/var/www/html# ls -ld webapps/
bash: root@gamutgurus:/var/www/html#: No such file or directory
gamut@gamutgurus:/etc/apache2/sites-enabled$ ls: cannot access 'webapps/': No such file or directory
No command 'ls:' found, did you mean:
 Command 'lsh' from package 'lsh-client' (universe)
 Command 'lsx' from package 'suckless-tools' (universe)
 Command 'lsw' from package 'suckless-tools' (universe)
 Command 'ls' from package 'coreutils' (main)
ls:: command not found
gamut@gamutgurus:/etc/apache2/sites-enabled$ root@gamutgurus:/var/www/html# chmod 777 -R apache2-tomcat-8.5.11
bash: root@gamutgurus:/var/www/html#: No such file or directory
gamut@gamutgurus:/etc/apache2/sites-enabled$ chmod: cannot access 'apache2-tomcat-8.5.11': No such file or directory
No command 'chmod:' found, did you mean:
 Command 'chmod' from package 'coreutils' (main)
chmod:: command not found
gamut@gamutgurus:/etc/apache2/sites-enabled$ root@gamutgurus:/var/www/html# exitbash: root@gamutgurus:/var/www/html#: No such file or directory
gamut@gamutgurus:/etc/apache2/sites-enabled$ exit
exit
There are stopped jobs.
gamut@gamutgurus:/etc/apache2/sites-enabled$ gamut@gamutgurus:/var/www/html$ ls
bash: gamut@gamutgurus:/var/www/html$: No such file or directory
gamut@gamutgurus:/etc/apache2/sites-enabled$ git  index.html
git: 'index.html' is not a git command. See 'git --help'.
gamut@gamutgurus:/etc/apache2/sites-enabled$ gamut@gamutgurus:/var/www/html$ cd gir
bash: gamut@gamutgurus:/var/www/html$: No such file or directory
gamut@gamutgurus:/etc/apache2/sites-enabled$ bash: cd: gir: No such file or directory
No command 'bash:' found, did you mean:
 Command 'bash' from package 'bash' (main)
bash:: command not found
gamut@gamutgurus:/etc/apache2/sites-enabled$ gamut@gamutgurus:/var/www/html$ cd git
bash: gamut@gamutgurus:/var/www/html$: No such file or directory
gamut@gamutgurus:/etc/apache2/sites-enabled$ gamut@gamutgurus:/var/www/html/git$  chgrp -R www-data /var/www/html/gitchgrp: changing group of '/var/www/html/git': Operation not permitted
bash: gamut@gamutgurus:/var/www/html/git$: No such file or directory
gamut@gamutgurus:/etc/apache2/sites-enabled$ gamut@gamutgurus:/var/www/html/git$ sudo chgrp -R www-data /var/www/html/git[sudo] password for gamut: 
bash: gamut@gamutgurus:/var/www/html/git$: No such file or directory
gamut@gamutgurus:/etc/apache2/sites-enabled$ gamut@gamutgurus:/var/www/html/git$ cd git
bash: gamut@gamutgurus:/var/www/html/git$: No such file or directory
gamut@gamutgurus:/etc/apache2/sites-enabled$ bash: cd: git: No such file or directory
No command 'bash:' found, did you mean:
 Command 'bash' from package 'bash' (main)
bash:: command not found
gamut@gamutgurus:/etc/apache2/sites-enabled$ gamut@gamutgurus:/var/www/html/git$ cd .
git$ vim config
bash: gamut@gamutgurus:/var/www/html/git$: No such file or directory
gamut@gamutgurus:/etc/apache2/sites-enabled$ gamut@gamutgurus:/var/www/html/git$ mkdir git
bash: gamut@gamutgurus:/var/www/html/git$: No such file or directory
gamut@gamutgurus:/etc/apache2/sites-enabled$ mkdir: cannot create directory ‘git’: Permission denied
No command 'mkdir:' found, did you mean:
 Command 'mkdir' from package 'coreutils' (main)
mkdir:: command not found
gamut@gamutgurus:/etc/apache2/sites-enabled$ gamut@gamutgurus:/var/www/html/git$ git init --bared --shared supriya.git
bash: gamut@gamutgurus:/var/www/html/git$: No such file or directory
gamut@gamutgurus:/etc/apache2/sites-enabled$ error: unknown option `bared'
> usage: git init [-q | --quiet] [--bare] [--template=<template-directory>] [--shared[=<permissions>]] [<directory>]
> 
>     --template <template-directory>
>                           directory from which templates will be used
>     --bare                create a bare repository
>     --shared[=<permissions>]
>                           specify that the git repository is to be shared amongst several users
>     -q, --quiet           be quiet
>     --separate-git-dir <gitdir>
>                           separate git dir from working tree
> 
> gamut@gamutgurus:/var/www/html/git$ mkdir supriya.git
> mkdir: cannot create directory ‘supriya.git’: Permission denied
> gamut@gamutgurus:/var/www/html/git$ git init --bared --shared supriya.git
> error: unknown option `bared'
> usage: git init [-q | --quiet] [--bare] [--template=<template-directory>] [--shared[=<permissions>]] [<directory>]
> 
>     --template <template-directory>
>                           directory from which templates will be used
>     --bare                create a bare repository
>     --shared[=<permissions>]
>                           specify that the git repository is to be shared amongst several users
>     -q, --quiet           be quiet
>     --separate-git-dir <gitdir>
>                           separate git dir from working tree
> 
> gamut@gamutgurus:/var/www/html/git$ sudo mkdir supriya.git
> gamut@gamutgurus:/var/www/html/git$ git init --bared --shared
> error: unknown option `bared'
bash: command substitution: line 1: unexpected EOF while looking for matching `''
bash: command substitution: line 17: syntax error: unexpected end of file
error:: command not found
gamut@gamutgurus:/etc/apache2/sites-enabled$ usage: git init [-q | --quiet] [--bare] [--template=<template-directory>] [--shared[=<permissions>]] [<directory>]
bash: template-directory: No such file or directory
usage:: command not found
gamut@gamutgurus:/etc/apache2/sites-enabled$ 
agamut@gamutgurus:/etc/apache2/sites-enabled$     --template <template-directorybash: syntax error near unexpected token `newline'
gamut@gamutgurus:/etc/apache2/sites-enabled$                           directory from which templates will be used
directory: command not found
gamut@gamutgurus:/etc/apache2/sites-enabled$     --bare                create a bare repository
--bare: command not found
gamut@gamutgurus:/etc/apache2/sites-enabled$     --shared[=<permissions>]
bash: permissions: No such file or directory
gamut@gamutgurus:/etc/apache2/sites-enabled$                           specify that the git repository is to be shared amongst several users
The program 'specify' is currently not installed. You can install it by typing:
sudo apt install spectacle
gamut@gamutgurus:/etc/apache2/sites-enabled$     -q, --quiet           be quiet
-q,: command not found
gamut@gamutgurus:/etc/apache2/sites-enabled$     --separate-git-dir <gitdir>
bash: syntax error near unexpected token `newline'
gamut@gamutgurus:/etc/apache2/sites-enabled$                           separate git dir from working tree
separate: command not found
gamut@gamutgurus:/etc/apache2/sites-enabled$ 
sgamut@gamutgurus:/etc/apache2/sites-enabled$ gamut@gamutgurus:/var/www/html/git sudo git init --bared --shared
bash: gamut@gamutgurus:/var/www/html/git$: No such file or directory
gamut@gamutgurus:/etc/apache2/sites-enabled$ error: unknown option `bared'
> usage: git init [-q | --quiet] [--bare] [--template=<template-directory>] [--shared[=<permissions>]] [<directory>]
> 
>     --template <template-directory>
>                           directory from which templates will be used
>     --bare                create a bare repository
i>     --shared[=<permissions>]
>                           specify that the git repository is to be shared amongst several users
>     -q, --quiet           be quiet
>     --separate-git-dir <gitdir>
>                           separate git dir from working tree
> 
> gamut@gamutgurus:/var/www/html/git$ sudo git init --bare --shared
> Initialized empty shared Git repository in /var/www/html/git/
> gamut@gamutgurus:/var/www/html/git$ sudo git init --bare --shared supriya.git
> [sudo] password for gamut: 
> Initialized empty shared Git repository in /var/www/html/git/supriya.git/
> gamut@gamutgurus:/var/www/html/git$ 
> gamut@gamutgurus:/var/www/html/git$ 
> gamut@gamutgurus:/var/www/html/git$ 
> gamut@gamutgurus:/var/www/html/git$ 
> gamut@gamutgurus:/var/www/html/git$ apache2.conf
> apache2.conf: command not found
> gamut@gamutgurus:/var/www/html/git$ cd ..
> gamut@gamutgurus:/var/www/html$ apache2.conf
> apache2.conf: command not found
> gamut@gamutgurus:/var/www/html$ cd 
> gamut@gamutgurus:~$ cd etc/apache2/sites-enabled/000-default.conf
> bash: cd: etc/apache2/sites-enabled/000-default.conf: No such file or directory
> gamut@gamutgurus:~$ sudo cd etc/apache2/sites-enabled/000-default.conf
> sudo: cd: command not found
> gamut@gamutgurus:~$ cd git
> bash: cd: git: No such file or directory
> gamut@gamutgurus:~$ cd var/www/html/git
> bash: cd: var/www/html/git: No such file or directory
> gamut@gamutgurus:~$ cd /var/www/html/git
> gamut@gamutgurus:/var/www/html/git$ ls
> branches  config  description  HEAD  hooks  info  objects  refs  supriya.git
> gamut@gamutgurus:/var/www/html/git$ vim config
> gamut@gamutgurus:/var/www/html/git$ cd supriya.git/
> gamut@gamutgurus:/var/www/html/git/supriya.git$ ls
> branches  config  description  HEAD  hooks  info  objects  refs
> gamut@gamutgurus:/var/www/html/git/supriya.git$ vim config 
> gamut@gamutgurus:/var/www/html/git/supriya.git$ cd 
> gamut@gamutgurus:~$ /etc/
> bash: /etc/: Is a directory
> gamut@gamutgurus:~$ /etc/ap
> apache2/    apparmor/   apport/     aptdaemon/  
> apm/        apparmor.d/ apt/        
> gamut@gamutgurus:~$ /etc/apache2
> bash: /etc/apache2: Is a directory
> gamut@gamutgurus:~$ cd /etc/ap
> apache2/    apparmor/   apport/     aptdaemon/  
> apm/        apparmor.d/ apt/        
n > gamut@gamutgurus:~$ cd /etc/apache2
> gamut@gamutgurus:/etc/apache2$ ls
> apache2.conf    conf-enabled  magic           mods-enabled  sites-available
> conf-available  envvars       mods-available  ports.conf    sites-enabled
> gamut@gamutgurus:/etc/apache2$ cd sites-enabled/
> gamut@gamutgurus:/etc/apache2/sites-enabled$ ls
> 000-default.conf
> gamut@gamutgurus:/etc/apache2/sites-enabled$ vim 000-default.conf 
> 
> [1]+  Stopped                 vim 000-default.conf
> gamut@gamutgurus:/etc/apache2/sites-enabled$ chmod 777 000-default.conf 
> chmod: changing permissions of '000-default.conf': Operation not permitted
> gamut@gamutgurus:/etc/apache2/sites-enabled$ chmod 755 000-default.conf 
> chmod: changing permissions of '000-default.conf': Operation not permitted
> gamut@gamutgurus:/etc/apache2/sites-enabled$ chmod -x+o 000-default.conf 
> chmod: changing permissions of '000-default.conf': Operation not permitted
> gamut@gamutgurus:/etc/apache2/sites-enabled$ vim 000-default.conf 
> 
> [2]+  Stopped                 vim 000-default.conf
> gamut@gamutgurus:/etc/apache2/sites-enabled$ sudo vim 000-default.conf 
a> [sudo] password for gamut: 
> gamut@gamutgurus:/etc/apache2/sites-enabled$ sudo vim 000-default.conf 
> gamut@gamutgurus:/etc/apache2/sites-enabled$ vim 000-default.conf 
> 
> [3]+  Stopped                 vim 000-default.conf
> gamut@gamutgurus:/etc/apache2/sites-enabled$ sudo vim 000-default.conf 
> gamut@gamutgurus:/etc/apache2/sites-enabled$ cd 
> gamut@gamutgurus:~$ htpasswd –c /var/www/html/htpasswd gamut1
> Usage:
> 000-default.conf htpasswd [-cimBdpsDv] [-C cost] passwordfile username
> 000-default.conf htpasswd -b[cmBdpsDv] [-C cost] passwordfile username password
> 
> 000-default.conf htpasswd -n[imBdps] [-C cost] username
> 000-default.conf htpasswd -nb[mBdps] [-C cost] username password
>  -c  Create a new file.
>  -n  Don't update file; display results on stdout.
>  -b  Use the password from the command line rather than prompting for it.
>  -i  Read password from stdin without verification (for script usage).
>  -m  Force MD5 encryption of the password (default).
>  -B  Force bcrypt encryption of the password (very secure).
>  -C  Set the computing time used for the bcrypt algorithm
>      (higher is more secure but slower, default: 5, valid: 4 to 31).
>  -d  Force CRYPT encryption of the password (8 chars max, insecure).
>  -s  Force SHA encryption of the password (insecure).
>  -p  Do not encrypt the password (plaintext, insecure).
>  -D  Delete the specified user.
>  -v  Verify password for the specified user.
> On other systems than Windows and NetWare the '-p' flag will probably not work.
> The SHA algorithm does not use a salt and is less secure than the MD5 algorithm.
> gamut@gamutgurus:~$ sudo htpasswd –c /var/www/html/htpasswd gamut1
> Usage:
> 000-default.conf htpasswd [-cimBdpsDv] [-C cost] passwordfile username
> 000-default.conf htpasswd -b[cmBdpsDv] [-C cost] passwordfile username password
> 
 > 000-default.conf htpasswd -n[imBdps] [-C cost] username
> 000-default.conf htpasswd -nb[mBdps] [-C cost] username password
>  -c  Create a new file.
>  -n  Don't update file; display results on stdout.
>  -b  Use the password from the command line rather than prompting for it.
>  -i  Read password from stdin without verification (for script usage).
->  -m  Force MD5 encryption of the password (default).
>  -B  Force bcrypt encryption of the password (very secure).
>  -C  Set the computing time used for the bcrypt algorithm
>      (higher is more secure but slower, default: 5, valid: 4 to 31).
>  -d  Force CRYPT encryption of the password (8 chars max, insecure).
>  -s  Force SHA encryption of the password (insecure).
>  -p  Do not encrypt the password (plaintext, insecure).
>  -D  Delete the specified user.
>  -v  Verify password for the specified user.
> On other systems than Windows and NetWare the '-p' flag will probably not work.
> The SHA algorithm does not use a salt and is less secure than the MD5 algorithm.
> gamut@gamutgurus:~$ htpasswd –c /var/www/html/htpasswd gamut1
> Usage:
> 000-default.conf htpasswd [-cimBdpsDv] [-C cost] passwordfile username
> 000-default.conf htpasswd -b[cmBdpsDv] [-C cost] passwordfile username password
> 
> 000-default.conf htpasswd -n[imBdps] [-C cost] username
> 000-default.conf htpasswd -nb[mBdps] [-C cost] username password
>  -c  Create a new file.
>  -n  Don't update file; display results on stdout.
>  -b  Use the password from the command line rather than prompting for it.
>  -i  Read password from stdin without verification (for script usage).
>  -m  Force MD5 encryption of the password (default).
>  -B  Force bcrypt encryption of the password (very secure).
>  -C  Set the computing time used for the bcrypt algorithm
>      (higher is more secure but slower, default: 5, valid: 4 to 31).
>  -d  Force CRYPT encryption of the password (8 chars max, insecure).
>  -s  Force SHA encryption of the password (insecure).
>  -p  Do not encrypt the password (plaintext, insecure).
>  -D  Delete the specified user.
>  -v  Verify password for the specified user.
> On other systems than Windows and NetWare the '-p' flag will probably not work.
> The SHA algorithm does not use a salt and is less secure than the MD5 algorithm.
> gamut@gamutgurus:~$ htpasswd -b[cmBdpsDv] [-C cost] passwordfile gamut gamut
> htpasswd: illegal option -- [
> Usage:
> 000-default.conf htpasswd [-cimBdpsDv] [-C cost] passwordfile username
> 000-default.conf htpasswd -b[cmBdpsDv] [-C cost] passwordfile username password
> 
> 000-default.conf htpasswd -n[imBdps] [-C cost] username
> 000-default.conf htpasswd -nb[mBdps] [-C cost] username password
>  -c  Create a new file.
>  -n  Don't update file; display results on stdout.
>  -b  Use the password from the command line rather than prompting for it.
>  -i  Read password from stdin without verification (for script usage).
>  -m  Force MD5 encryption of the password (default).
>  -B  Force bcrypt encryption of the password (very secure).
>  -C  Set the computing time used for the bcrypt algorithm
>      (higher is more secure but slower, default: 5, valid: 4 to 31).
>  -d  Force CRYPT encryption of the password (8 chars max, insecure).
>  -s  Force SHA encryption of the password (insecure).
>  -p  Do not encrypt the password (plaintext, insecure).
>  -D  Delete the specified user.
>  -v  Verify password for the specified user.
> On other systems than Windows and NetWare the '-p' flag will probably not work.
> The SHA algorithm does not use a salt and is less secure than the MD5 algorithm.
> gamut@gamutgurus:~$ htpasswd -b[gamut] [-C 5] passwordfile gamut gamut
> htpasswd: illegal option -- [
> Usage:
> 000-default.conf htpasswd [-cimBdpsDv] [-C cost] passwordfile username
> 000-default.conf htpasswd -b[cmBdpsDv] [-C cost] passwordfile username password
> 
> 000-default.conf htpasswd -n[imBdps] [-C cost] username
> 000-default.conf htpasswd -nb[mBdps] [-C cost] username password
>  -c  Create a new file.
>  -n  Don't update file; display results on stdout.
>  -b  Use the password from the command line rather than prompting for it.
>  -i  Read password from stdin without verification (for script usage).
>  -m  Force MD5 encryption of the password (default).
>  -B  Force bcrypt encryption of the password (very secure).
>  -C  Set the computing time used for the bcrypt algorithm
>      (higher is more secure but slower, default: 5, valid: 4 to 31).
>  -d  Force CRYPT encryption of the password (8 chars max, insecure).
>  -s  Force SHA encryption of the password (insecure).
>  -p  Do not encrypt the password (plaintext, insecure).
>  -D  Delete the specified user.
>  -v  Verify password for the specified user.
> On other systems than Windows and NetWare the '-p' flag will probably not work.
> The SHA algorithm does not use a salt and is less secure than the MD5 algorithm.
> gamut@gamutgurus:~$ htpasswd –c /var/www/html/htpasswd gamut1 gamut
> Usage:
> 000-default.conf htpasswd [-cimBdpsDv] [-C cost] passwordfile username
> 000-default.conf htpasswd -b[cmBdpsDv] [-C cost] passwordfile username password
> 
> 000-default.conf htpasswd -n[imBdps] [-C cost] username
> 000-default.conf htpasswd -nb[mBdps] [-C cost] username password
>  -c  Create a new file.
>  -n  Don't update file; display results on stdout.
>  -b  Use the password from the command line rather than prompting for it.
>  -i  Read password from stdin without verification (for script usage).
>  -m  Force MD5 encryption of the password (default).
>  -B  Force bcrypt encryption of the password (very secure).
>  -C  Set the computing time used for the bcrypt algorithm
>      (higher is more secure but slower, default: 5, valid: 4 to 31).
>  -d  Force CRYPT encryption of the password (8 chars max, insecure).
>  -s  Force SHA encryption of the password (insecure).
>  -p  Do not encrypt the password (plaintext, insecure).
>  -D  Delete the specified user.
>  -v  Verify password for the specified user.
> On other systems than Windows and NetWare the '-p' flag will probably not work.
> The SHA algorithm does not use a salt and is less secure than the MD5 algorithm.
> gamut@gamutgurus:~$ htpasswd –c /var/www/html/htpasswd gamut gamut
> Usage:
> 000-default.conf htpasswd [-cimBdpsDv] [-C cost] passwordfile username
> 000-default.conf htpasswd -b[cmBdpsDv] [-C cost] passwordfile username password
> 
> 000-default.conf htpasswd -n[imBdps] [-C cost] username
> 000-default.conf htpasswd -nb[mBdps] [-C cost] username password
>  -c  Create a new file.
>  -n  Don't update file; display results on stdout.
>  -b  Use the password from the command line rather than prompting for it.
>  -i  Read password from stdin without verification (for script usage).
>  -m  Force MD5 encryption of the password (default).
>  -B  Force bcrypt encryption of the password (very secure).
>  -C  Set the computing time used for the bcrypt algorithm
>      (higher is more secure but slower, default: 5, valid: 4 to 31).
>  -d  Force CRYPT encryption of the password (8 chars max, insecure).
>  -s  Force SHA encryption of the password (insecure).
>  -p  Do not encrypt the password (plaintext, insecure).
>  -D  Delete the specified user.
>  -v  Verify password for the specified user.
> On other systems than Windows and NetWare the '-p' flag will probably not work.
> The SHA algorithm does not use a salt and is less secure than the MD5 algorithm.
> gamut@gamutgurus:~$ htpasswd –nb /var/www/html/htpasswd gamut gamut
> Usage:
> 000-default.conf htpasswd [-cimBdpsDv] [-C cost] passwordfile username
> 000-default.conf htpasswd -b[cmBdpsDv] [-C cost] passwordfile username password
> 
> 000-default.conf htpasswd -n[imBdps] [-C cost] username
> 000-default.conf htpasswd -nb[mBdps] [-C cost] username password
>  -c  Create a new file.
>  -n  Don't update file; display results on stdout.
>  -b  Use the password from the command line rather than prompting for it.
>  -i  Read password from stdin without verification (for script usage).
>  -m  Force MD5 encryption of the password (default).
>  -B  Force bcrypt encryption of the password (very secure).
>  -C  Set the computing time used for the bcrypt algorithm
>      (higher is more secure but slower, default: 5, valid: 4 to 31).
>  -d  Force CRYPT encryption of the password (8 chars max, insecure).
>  -s  Force SHA encryption of the password (insecure).
>  -p  Do not encrypt the password (plaintext, insecure).
>  -D  Delete the specified user.
>  -v  Verify password for the specified user.
> On other systems than Windows and NetWare the '-p' flag will probably not work.
> The SHA algorithm does not use a salt and is less secure than the MD5 algorithm.
> gamut@gamutgurus:~$ sudo htpasswd  /var/www/html/htpasswd gamut1
> htpasswd: cannot modify file /var/www/html/htpasswd; use '-c' to create it
> gamut@gamutgurus:~$ sudo htpasswd –c /var/www/html/htpasswd gamut gamut
> Usage:
> 000-default.conf htpasswd [-cimBdpsDv] [-C cost] passwordfile username
> 000-default.conf htpasswd -b[cmBdpsDv] [-C cost] passwordfile username password
> 
> 000-default.conf htpasswd -n[imBdps] [-C cost] username
> 000-default.conf htpasswd -nb[mBdps] [-C cost] username password
>  -c  Create a new file.
>  -n  Don't update file; display results on stdout.
>  -b  Use the password from the command line rather than prompting for it.
>  -i  Read password from stdin without verification (for script usage).
>  -m  Force MD5 encryption of the password (default).
>  -B  Force bcrypt encryption of the password (very secure).
>  -C  Set the computing time used for the bcrypt algorithm
>      (higher is more secure but slower, default: 5, valid: 4 to 31).
>  -d  Force CRYPT encryption of the password (8 chars max, insecure).
>  -s  Force SHA encryption of the password (insecure).
>  -p  Do not encrypt the password (plaintext, insecure).
>  -D  Delete the specified user.
>  -v  Verify password for the specified user.
> On other systems than Windows and NetWare the '-p' flag will probably not work.
> The SHA algorithm does not use a salt and is less secure than the MD5 algorithm.
> gamut@gamutgurus:~$ sudo htpasswd –c /var/www/html/htpasswd gamut1
> Usage:
> 000-default.conf htpasswd [-cimBdpsDv] [-C cost] passwordfile username
> 000-default.conf htpasswd -b[cmBdpsDv] [-C cost] passwordfile username password
> 
> 000-default.conf htpasswd -n[imBdps] [-C cost] username
> 000-default.conf htpasswd -nb[mBdps] [-C cost] username password
>  -c  Create a new file.
>  -n  Don't update file; display results on stdout.
>  -b  Use the password from the command line rather than prompting for it.
>  -i  Read password from stdin without verification (for script usage).
>  -m  Force MD5 encryption of the password (default).
>  -B  Force bcrypt encryption of the password (very secure).
>  -C  Set the computing time used for the bcrypt algorithm
>      (higher is more secure but slower, default: 5, valid: 4 to 31).
>  -d  Force CRYPT encryption of the password (8 chars max, insecure).
>  -s  Force SHA encryption of the password (insecure).
>  -p  Do not encrypt the password (plaintext, insecure).
>  -D  Delete the specified user.
>  -v  Verify password for the specified user.
> On other systems than Windows and NetWare the '-p' flag will probably not work.
> The SHA algorithm does not use a salt and is less secure than the MD5 algorithm.
> gamut@gamutgurus:~$ sudo vim 000
> 
> [4]+  Stopped                 sudo vim 000
> gamut@gamutgurus:~$ cd /var/www/html/git
> gamut@gamutgurus:/var/www/html/git$ ls
> branches  config  description  HEAD  hooks  info  objects  refs  supriya.git
> gamut@gamutgurus:/var/www/html/git$ sudo vim config
> gamut@gamutgurus:/var/www/html/git$ cd 
> gamut@gamutgurus:~$ /etc/apache2
> bash: /etc/apache2: Is a directory
> gamut@gamutgurus:~$ cd /etc/apache2
> gamut@gamutgurus:/etc/apache2$ cd sites-enabled/
> gamut@gamutgurus:/etc/apache2/sites-enabled$ ls
> 000-default.conf
> gamut@gamutgurus:/etc/apache2/sites-enabled$ sudo vim 000-default.conf 
> gamut@gamutgurus:/etc/apache2/sites-enabled$ cd 
> gamut@gamutgurus:~$ htpasswd -c /var/www/html/htpasswd gamut1
> htpasswd: cannot create file /var/www/html/htpasswd
> gamut@gamutgurus:~$ sudo htpasswd -c /var/www/html/htpasswd gamut1
> New password: 
> Re-type new password: 
> Adding password for user gamut1
> gamut@gamutgurus:~$ sudo htpasswd /var/www/html/htpasswd gamut1
> New password: 
> Re-type new password: 
> Updating password for user gamut1
sito> gamut@gamutgurus:~$ service apache2 restart
> gamut@gamutgurus:~$ git clone http://192.168.31.68/supriya.git
> Cloning into 'supriya'...
> fatal: repository 'http://192.168.31.68/supriya.git/' not found
> gamut@gamutgurus:~$ git clone http://192.168.31.68/git/supriya.git
> Cloning into 'supriya'...
> Username for 'http://192.168.31.68': gamut1
> Password for 'http://gamut1@192.168.31.68': 
> warning: You appear to have cloned an empty repository.
> Checking connectivity... done.
> gamut@gamutgurus:~$ ls
> apt-transport-https  Documents         Music                       subversion
> ca-certificates      Downloads         practice                    supriya
> commercial           examples.desktop  project                     Templates
> curl                 first             project.git                 Videos
> Desktop              initial           software-properties-common
> gamut@gamutgurus:~$ cd supriya.git
> bash: cd: supriya.git: No such file or directory
> gamut@gamutgurus:~$ cd supriya
> gamut@gamutgurus:~/supriya$ ls
> gamut@gamutgurus:~/supriya$ cd ..
> gamut@gamutgurus:~$ ls
> apt-transport-https  Documents         Music                       subversion
> ca-certificates      Downloads         practice                    supriya
> commercial           examples.desktop  project                     Templates
> curl                 first             project.git                 Videos
> Desktop              initial           software-properties-common
> gamut@gamutgurus:~$ cd supriya/
> gamut@gamutgurus:~/supriya$ ls
> gamut@gamutgurus:~/supriya$ ^C
> gamut@gamutgurus:~/supriya$ ^C
> gamut@gamutgurus:~/supriya$ ^C
> gamut@gamutgurus:~/supriya$ ^C
> gamut@gamutgurus:~/supriya$ ^C
> gamut@gamutgurus:~/supriya$ ^C
> gamut@gamutgurus:~/supriya$ ^C
> gamut@gamutgurus:~/supriya$ ^C
> gamut@gamutgurus:~/supriya$ ^C
> gamut@gamutgurus:~/supriya$ ^C
> gamut@gamutgurus:~/supriya$ ^C
> gamut@gamutgurus:~/supriya$ 
> gamut@gamutgurus:~$ cd /var/www/html
> gamut@gamutgurus:/var/www/html$ mkdir git
> mkdir: cannot create directory ‘git’: Permission denied
> gamut@gamutgurus:/var/www/html$ sudo su
> [sudo] password for gamut: 
> root@gamutgurus:/var/www/html# mkdir git
> root@gamutgurus:/var/www/html# ls
> git  index.html
> root@gamutgurus:/var/www/html# sudo chgrp -R www-data /var/www/html/git
> root@gamutgurus:/var/www/html#  chgrp -R www-data /var/www/html/git
> root@gamutgurus:/var/www/html# sudo chgrp -R www-data /var/www/html/git
> root@gamutgurus:/var/www/html# ssh username
> ssh: Could not resolve hostname username: No address associated with hostname
> root@gamutgurus:/var/www/html# ssh username = "gamutgurus"
> ssh: Could not resolve hostname username: No address associated with hostname
> root@gamutgurus:/var/www/html# ls-ld webapps/
> ls-ld: command not found
> root@gamutgurus:/var/www/html# ls -ld webapps/
> ls: cannot access 'webapps/': No such file or directory
> root@gamutgurus:/var/www/html# chmod 777 -R apache2-tomcat-8.5.11
> chmod: cannot access 'apache2-tomcat-8.5.11': No such file or directory
> root@gamutgurus:/var/www/html# exit
> exit
> gamut@gamutgurus:/var/www/html$ ls
> git  index.html
> gamut@gamutgurus:/var/www/html$ cd gir
> bash: cd: gir: No such file or directory
> gamut@gamutgurus:/var/www/html$ cd git
> gamut@gamutgurus:/var/www/html/git$  chgrp -R www-data /var/www/html/gitchgrp: changing group of '/var/www/html/git': Operation not permitted
> gamut@gamutgurus:/var/www/html/git$ sudo chgrp -R www-data /var/www/html/git[sudo] password for gamut: 
> gamut@gamutgurus:/var/www/html/git$ cd git
> bash: cd: git: No such file or directory
> gamut@gamutgurus:/var/www/html/git$ cd .
> gamut@gamutgurus:/var/www/html/git$ mkdir git
> mkdir: cannot create directory ‘git’: Permission denied
> gamut@gamutgurus:/var/www/html/git$ git init --bared --shared supriya.git
> error: unknown option `bared'
> usage: git init [-q | --quiet] [--bare] [--template=<template-directory>] [--shared[=<permissions>]] [<directory>]
> 
r>     --template <template-directory>
>                           directory from which templates will be used
>     --bare                create a bare repository
>     --shared[=<permissions>]
>                           specify that the git repository is to be shared amongst several users
>     -q, --quiet           be quiet
>     --separate-git-dir <gitdir>
>                           separate git dir from working tree
> 
> gamut@gamutgurus:/var/www/html/git$ mkdir supriya.git
> mkdir: cannot create directory ‘supriya.git’: Permission denied
> gamut@gamutgurus:/var/www/html/git$ git init --bared --shared supriya.git
> error: unknown option `bared'
bash: bared
usage: git init [-q | --quiet] [--bare] [--template=<template-directory>] [--shared[=<permissions>]] [<directory>]

    --template <template-directory>
                          directory from which templates will be used
    --bare                create a bare repository
    --shared[=<permissions>]
                          specify that the git repository is to be shared amongst several users
    -q, --quiet           be quiet
    --separate-git-dir <gitdir>
                          separate git dir from working tree

gamut@gamutgurus:/var/www/html/git$ sudo git init --bare --shared
Initialized empty shared Git repository in /var/www/html/git/
gamut@gamutgurus:/var/www/html/git$ sudo git init --bare --shared supriya.git
[sudo] password for gamut: 
Initialized empty shared Git repository in /var/www/html/git/supriya.git/
gamut@gamutgurus:/var/www/html/git$ 
gamut@gamutgurus:/var/www/html/git$ 
gamut@gamutgurus:/var/www/html/git$ 
gamut@gamutgurus:/var/www/html/git$ 
gamut@gamutgurus:/var/www/html/git$ apache2.conf
apache2.conf: command not found
gamut@gamutgurus:/var/www/html/git$ cd ..
gamut@gamutgurus:/var/www/html$ apache2.conf
apache2.conf: command not found
gamut@gamutgurus:/var/www/html$ cd 
gamut@gamutgurus:~$ cd etc/apache2/sites-enabled/000-default.conf
bash: cd: etc/apache2/sites-enabled/000-default.conf: No such file or directory
gamut@gamutgurus:~$ sudo cd etc/apache2/sites-enabled/000-default.conf
sudo: cd: command not found
gamut@gamutgurus:~$ cd git
bash: cd: git: No such file or directory
gamut@gamutgurus:~$ cd var/www/html/git
bash: cd: var/www/html/git: No such file or directory
gamut@gamutgurus:~$ cd /var/www/html/git
gamut@gamutgurus:/var/www/html/git$ ls
branches  config  description  HEAD  hooks  info  objects  refs  supriya.git
gamut@gamutgurus:/var/www/html/git$ vim config
gamut@gamutgurus:/var/www/html/git$ cd supriya.git/
gamut@gamutgurus:/var/www/html/git/supriya.git$ ls
branches  config  description  HEAD  hooks  info  objects  refs
gamut@gamutgurus:/var/www/html/git/supriya.git$ vim config 
gamut@gamutgurus:/var/www/html/git/supriya.git$ cd 
gamut@gamutgurus:~$ /etc/
bash: /etc/: Is a directory
gamut@gamutgurus:~$ /etc/ap
apache2/    apparmor/   apport/     aptdaemon/  
apm/        apparmor.d/ apt/        
gamut@gamutgurus:~$ /etc/apache2
bash: /etc/apache2: Is a directory
gamut@gamutgurus:~$ cd /etc/ap
apache2/    apparmor/   apport/     aptdaemon/  
apm/        apparmor.d/ apt/        
gamut@gamutgurus:~$ cd /etc/apache2
gamut@gamutgurus:/etc/apache2$ ls
apache2.conf    conf-enabled  magic           mods-enabled  sites-available
conf-available  envvars       mods-available  ports.conf    sites-enabled
gamut@gamutgurus:/etc/apache2$ cd sites-enabled/
gamut@gamutgurus:/etc/apache2/sites-enabled$ ls
000-default.conf
gamut@gamutgurus:/etc/apache2/sites-enabled$ vim 000-default.conf 

[1]+  Stopped                 vim 000-default.conf
gamut@gamutgurus:/etc/apache2/sites-enabled$ chmod 777 000-default.conf 
chmod: changing permissions of 000-default.conf: Operation not permitted
gamut@gamutgurus:/etc/apache2/sites-enabled$ chmod 755 000-default.conf 
chmod: changing permissions of 000-default.conf: Operation not permitted
gamut@gamutgurus:/etc/apache2/sites-enabled$ chmod -x+o 000-default.conf 
chmod: changing permissions of 000-default.conf: Operation not permitted
gamut@gamutgurus:/etc/apache2/sites-enabled$ vim 000-default.conf 

[2]+  Stopped                 vim 000-default.conf
gamut@gamutgurus:/etc/apache2/sites-enabled$ sudo vim 000-default.conf 
[sudo] password for gamut: 
gamut@gamutgurus:/etc/apache2/sites-enabled$ sudo vim 000-default.conf 
gamut@gamutgurus:/etc/apache2/sites-enabled$ vim 000-default.conf 

[3]+  Stopped                 vim 000-default.conf
gamut@gamutgurus:/etc/apache2/sites-enabled$ sudo vim 000-default.conf 
gamut@gamutgurus:/etc/apache2/sites-enabled$ cd 
gamut@gamutgurus:~$ htpasswd –c /var/www/html/htpasswd gamut1
Usage:
000-default.conf htpasswd [-cimBdpsDv] [-C cost] passwordfile username
000-default.conf htpasswd -b[cmBdpsDv] [-C cost] passwordfile username password

000-default.conf htpasswd -n[imBdps] [-C cost] username
000-default.conf htpasswd -nb[mBdps] [-C cost] username password
 -c  Create a new file.
 -n  Dont: File name too long
display: unable to open image `results': No such file or directory @ error/blob.c/OpenBlob/2712.
display: no decode delegate for this image format `' @ error/constitute.c/ReadImage/501.
display: unable to open image `on': No such file or directory @ error/blob.c/OpenBlob/2712.
display: no decode delegate for this image format `' @ error/constitute.c/ReadImage/501.
display: unable to open image `stdout.': No such file or directory @ error/blob.c/OpenBlob/2712.
display: no decode delegate for this image format `' @ error/constitute.c/ReadImage/501.
-b: command not found
bash: command substitution: line 92: syntax error near unexpected token `('
bash: command substitution: line 92: ` -i  Read password from stdin without verification (for script usage).'
error:: command not found
gamut@gamutgurus:/etc/apache2/sites-enabled$ usage: git init [-q | --quiet] [--bare] [--template=<template-directory>] [--shared[=<permissions>]] [<directory>]
bash: template-directory: No such file or directory
usage:: command not found
gamut@gamutgurus:/etc/apache2/sites-enabled$ 
tgamut@gamutgurus:/etc/apache2/sites-enabled$     --template <template-directorybash: syntax error near unexpected token `newline'
gamut@gamutgurus:/etc/apache2/sites-enabled$                           directory from which templates will be used
directory: command not found
gamut@gamutgurus:/etc/apache2/sites-enabled$     --bare                create a bare repository
--bare: command not found
gamut@gamutgurus:/etc/apache2/sites-enabled$     --shared[=<permissions>]
bash: permissions: No such file or directory
gamut@gamutgurus:/etc/apache2/sites-enabled$                           specify that the git repository is to be shared amongst several users
The program 'specify' is currently not installed. You can install it by typing:
sudo apt install spectacle
gamut@gamutgurus:/etc/apache2/sites-enabled$     -q, --quiet           be quiet
-q,: command not found
gamut@gamutgurus:/etc/apache2/sites-enabled$     --separate-git-dir <gitdir>
bash: syntax error near unexpected token `newline'
gamut@gamutgurus:/etc/apache2/sites-enabled$                           separate git dir from working tree
separate: command not found
gamut@gamutgurus:/etc/apache2/sites-enabled$ 
0gamut@gamutgurus:/etc/apache2/sites-enabled$ gamut@gamutgurus:/var/www/html/git sudo mkdir supriya.git
bash: gamut@gamutgurus:/var/www/html/git$: No such file or directory
gamut@gamutgurus:/etc/apache2/sites-enabled$ gamut@gamutgurus:/var/www/html/git$ git init --bared --shared
bash: gamut@gamutgurus:/var/www/html/git$: No such file or directory
gamut@gamutgurus:/etc/apache2/sites-enabled$ error: unknown option `bared'
> usage: git init [-q | --quiet] [--bare] [--template=<template-directory>] [--shared[=<permissions>]] [<directory>]
> 
>     --template <template-directory>
>                           directory from which templates will be used
>     --bare                create a bare repository
>     --shared[=<permissions>]
>                           specify that the git repository is to be shared amongst several users
>     -q, --quiet           be quiet
>     --separate-git-dir <gitdir>
>                           separate git dir from working tree
> 
> gamut@gamutgurus:/var/www/html/git$ sudo git init --bared --shared
> error: unknown option `bared'
> usage: git init [-q | --quiet] [--bare] [--template=<template-directory>] [--shared[=<permissions>]] [<directory>]
> 
>     --template <template-directory>
>                           directory from which templates will be used
>     --bare                create a bare repository
>     --shared[=<permissions>]
>                           specify that the git repository is to be shared amongst several users
>     -q, --quiet           be quiet
>     --separate-git-dir <gitdir>
>                           separate git dir from working tree
> 
4> gamut@gamutgurus:/var/www/html/git$ sudo git init --bare --shared
> Initialized empty shared Git repository in /var/www/html/git/
> gamut@gamutgurus:/var/www/html/git$ sudo git init --bare --shared supriya.git
> [sudo] password for gamut: 
> Initialized empty shared Git repository in /var/www/html/git/supriya.git/
> gamut@gamutgurus:/var/www/html/git$ 
> gamut@gamutgurus:/var/www/html/git$ 
> gamut@gamutgurus:/var/www/html/git$ 
> gamut@gamutgurus:/var/www/html/git$ 
> gamut@gamutgurus:/var/www/html/git$ apache2.conf
> apache2.conf: command not found
> gamut@gamutgurus:/var/www/html/git$ cd ..
> gamut@gamutgurus:/var/www/html$ apache2.conf
> apache2.conf: command not found
> gamut@gamutgurus:/var/www/html$ cd 
> gamut@gamutgurus:~$ cd etc/apache2/sites-enabled/000-default.conf
> bash: cd: etc/apache2/sites-enabled/000-default.conf: No such file or directory
> gamut@gamutgurus:~$ sudo cd etc/apache2/sites-enabled/000-default.conf
> sudo: cd: command not found
> gamut@gamutgurus:~$ cd git
> bash: cd: git: No such file or directory
> gamut@gamutgurus:~$ cd var/www/html/git
> bash: cd: var/www/html/git: No such file or directory
> gamut@gamutgurus:~$ cd /var/www/html/git
> gamut@gamutgurus:/var/www/html/git$ ls
> branches  config  description  HEAD  hooks  info  objects  refs  supriya.git
> gamut@gamutgurus:/var/www/html/git$ vim config
> gamut@gamutgurus:/var/www/html/git$ cd supriya.git/
> gamut@gamutgurus:/var/www/html/git/supriya.git$ ls
> branches  config  description  HEAD  hooks  info  objects  refs
> gamut@gamutgurus:/var/www/html/git/supriya.git$ vim config 
> gamut@gamutgurus:/var/www/html/git/supriya.git$ cd 
> gamut@gamutgurus:~$ /etc/
> bash: /etc/: Is a directory
> gamut@gamutgurus:~$ /etc/ap
> apache2/    apparmor/   apport/     aptdaemon/  
> apm/        apparmor.d/ apt/        
> gamut@gamutgurus:~$ /etc/apache2
> bash: /etc/apache2: Is a directory
> gamut@gamutgurus:~$ cd /etc/ap
> apache2/    apparmor/   apport/     aptdaemon/  
> apm/        apparmor.d/ apt/        
> gamut@gamutgurus:~$ cd /etc/apache2
> gamut@gamutgurus:/etc/apache2$ ls
> apache2.conf    conf-enabled  magic           mods-enabled  sites-available
> conf-available  envvars       mods-available  ports.conf    sites-enabled
> gamut@gamutgurus:/etc/apache2$ cd sites-enabled/
> gamut@gamutgurus:/etc/apache2/sites-enabled$ ls
> 000-default.conf
> gamut@gamutgurus:/etc/apache2/sites-enabled$ vim 000-default.conf 
> 
c> [1]+  Stopped                 vim 000-default.conf
> gamut@gamutgurus:/etc/apache2/sites-enabled$ chmod 777 000-default.conf 
> chmod: changing permissions of '000-default.conf': Operation not permitted
> gamut@gamutgurus:/etc/apache2/sites-enabled$ chmod 755 000-default.conf 
> chmod: changing permissions of '000-default.conf': Operation not permitted
> gamut@gamutgurus:/etc/apache2/sites-enabled$ chmod -x+o 000-default.conf 
> chmod: changing permissions of '000-default.conf': Operation not permitted
> gamut@gamutgurus:/etc/apache2/sites-enabled$ vim 000-default.conf 
> 
> [2]+  Stopped                 vim 000-default.conf
> gamut@gamutgurus:/etc/apache2/sites-enabled$ sudo vim 000-default.conf 
> [sudo] password for gamut: 
> gamut@gamutgurus:/etc/apache2/sites-enabled$ sudo vim 000-default.conf 
> gamut@gamutgurus:/etc/apache2/sites-enabled$ vim 000-default.conf 
> 
> [3]+  Stopped                 vim 000-default.conf
> gamut@gamutgurus:/etc/apache2/sites-enabled$ sudo vim 000-default.conf 
> gamut@gamutgurus:/etc/apache2/sites-enabled$ cd 
> gamut@gamutgurus:~$ htpasswd –c /var/www/html/htpasswd gamut1
> Usage:
> 000-default.conf htpasswd [-cimBdpsDv] [-C cost] passwordfile username
> 000-default.conf htpasswd -b[cmBdpsDv] [-C cost] passwordfile username password
> 
> 000-default.conf htpasswd -n[imBdps] [-C cost] username
> 000-default.conf htpasswd -nb[mBdps] [-C cost] username password
>  -c  Create a new file.
>  -n  Don't update file; display results on stdout.
bash: command substitution: line 1: unexpected EOF while looking for matching `''
bash: command substitution: line 15: syntax error: unexpected end of file
error:: command not found
display: unable to open image `results': No such file or directory @ error/blob.c/OpenBlob/2712.
display: no decode delegate for this image format `' @ error/constitute.c/ReadImage/501.
display: unable to open image `on': No such file or directory @ error/blob.c/OpenBlob/2712.
display: no decode delegate for this image format `' @ error/constitute.c/ReadImage/501.
display: unable to open image `stdout.': No such file or directory @ error/blob.c/OpenBlob/2712.
display: no decode delegate for this image format `' @ error/constitute.c/ReadImage/501.
gamut@gamutgurus:/etc/apache2/sites-enabled$  -b  Use the password from the command line rather than prompting for it.
-b: command not found
gamut@gamutgurus:/etc/apache2/sites-enabled$  -i  Read password from stdin without verification (for script usage).
bash: syntax error near unexpected token `('
gamut@gamutgurus:/etc/apache2/sites-enabled$  -m  Force MD5 encryption of the password (default).
bash: syntax error near unexpected token `('
gamut@gamutgurus:/etc/apache2/sites-enabled$  -B  Force bcrypt encryption of the password (very secure).
bash: syntax error near unexpected token `('
gamut@gamutgurus:/etc/apache2/sites-enabled$  -C  Set the computing time used for the bcrypt algorithm
-C: command not found
gamut@gamutgurus:/etc/apache2/sites-enabled$      (higher is more secure but slower, default: 5, valid: 4 to 31).
bash: syntax error near unexpected token `.'
gamut@gamutgurus:/etc/apache2/sites-enabled$  -d  Force CRYPT encryption of the password (8 chars max, insecure).
bash: syntax error near unexpected token `('
gamut@gamutgurus:/etc/apache2/sites-enabled$  -s  Force SHA encryption of the password (insecure).
bash: syntax error near unexpected token `('
gamut@gamutgurus:/etc/apache2/sites-enabled$  -p  Do not encrypt the password (plaintext, insecure).
bash: syntax error near unexpected token `('
gamut@gamutgurus:/etc/apache2/sites-enabled$  -D  Delete the specified user.
-D: command not found
gamut@gamutgurus:/etc/apache2/sites-enabled$  -v  Verify password for the specified user.
-v: command not found
gamut@gamutgurus:/etc/apache2/sites-enabled$ On other systems than Windows and NetWare the '-p' flag will probably not work.
On: command not found
gamut@gamutgurus:/etc/apache2/sites-enabled$ The SHA algorithm does not use a salt and is less secure than the MD5 algorithm.
No command 'The' found, did you mean:
 Command 'the' from package 'the' (universe)
The: command not found
gamut@gamutgurus:/etc/apache2/sites-enabled$ gamut@gamutgurus:~$ sudo htpasswd –c /var/www/html/htpasswd gamut1
gamut@gamutgurus:~$: command not found
gamut@gamutgurus:/etc/apache2/sites-enabled$ Usage:
Usage:: command not found
gamut@gamutgurus:/etc/apache2/sites-enabled$ htpasswd [-cimBdpsDv] [-C cost] passwordfile username
Usage:
	htpasswd [-cimBdpsDv] [-C cost] passwordfile username
	htpasswd -b[cmBdpsDv] [-C cost] passwordfile username password

	htpasswd -n[imBdps] [-C cost] username
	htpasswd -nb[mBdps] [-C cost] username password
 -c  Create a new file.
 -n  Don't update file; display results on stdout.
 -b  Use the password from the command line rather than prompting for it.
 -i  Read password from stdin without verification (for script usage).
 -m  Force MD5 encryption of the password (default).
 -B  Force bcrypt encryption of the password (very secure).
 -C  Set the computing time used for the bcrypt algorithm
     (higher is more secure but slower, default: 5, valid: 4 to 31).
 -d  Force CRYPT encryption of the password (8 chars max, insecure).
 -s  Force SHA encryption of the password (insecure).
 -p  Do not encrypt the password (plaintext, insecure).
 -D  Delete the specified user.
 -v  Verify password for the specified user.
On other systems than Windows and NetWare the '-p' flag will probably not work.
The SHA algorithm does not use a salt and is less secure than the MD5 algorithm.
gamut@gamutgurus:/etc/apache2/sites-enabled$ htpasswd -b[cmBdpsDv] [-C cost] passwordfile username password
htpasswd: illegal option -- [
Usage:
	htpasswd [-cimBdpsDv] [-C cost] passwordfile username
	htpasswd -b[cmBdpsDv] [-C cost] passwordfile username password

	htpasswd -n[imBdps] [-C cost] username
	htpasswd -nb[mBdps] [-C cost] username password
 -c  Create a new file.
 -n  Don't update file; display results on stdout.
 -b  Use the password from the command line rather than prompting for it.
 -i  Read password from stdin without verification (for script usage).
 -m  Force MD5 encryption of the password (default).
 -B  Force bcrypt encryption of the password (very secure).
 -C  Set the computing time used for the bcrypt algorithm
     (higher is more secure but slower, default: 5, valid: 4 to 31).
 -d  Force CRYPT encryption of the password (8 chars max, insecure).
 -s  Force SHA encryption of the password (insecure).
 -p  Do not encrypt the password (plaintext, insecure).
 -D  Delete the specified user.
 -v  Verify password for the specified user.
On other systems than Windows and NetWare the '-p' flag will probably not work.
The SHA algorithm does not use a salt and is less secure than the MD5 algorithm.
gamut@gamutgurus:/etc/apache2/sites-enabled$ 
 gamut@gamutgurus:/etc/apache2/sites-enabled$ htpasswd -n[imBdps] [-C cost] userame
htpasswd: illegal option -- [
Usage:
	htpasswd [-cimBdpsDv] [-C cost] passwordfile username
	htpasswd -b[cmBdpsDv] [-C cost] passwordfile username password

	htpasswd -n[imBdps] [-C cost] username
	htpasswd -nb[mBdps] [-C cost] username password
 -c  Create a new file.
 -n  Don't update file; display results on stdout.
 -b  Use the password from the command line rather than prompting for it.
 -i  Read password from stdin without verification (for script usage).
 -m  Force MD5 encryption of the password (default).
 -B  Force bcrypt encryption of the password (very secure).
 -C  Set the computing time used for the bcrypt algorithm
     (higher is more secure but slower, default: 5, valid: 4 to 31).
 -d  Force CRYPT encryption of the password (8 chars max, insecure).
 -s  Force SHA encryption of the password (insecure).
 -p  Do not encrypt the password (plaintext, insecure).
 -D  Delete the specified user.
 -v  Verify password for the specified user.
On other systems than Windows and NetWare the '-p' flag will probably not work.
The SHA algorithm does not use a salt and is less secure than the MD5 algorithm.
gamut@gamutgurus:/etc/apache2/sites-enabled$ htpasswd -nb[mBdps] [-C cost] username password
htpasswd: illegal option -- [
Usage:
	htpasswd [-cimBdpsDv] [-C cost] passwordfile username
	htpasswd -b[cmBdpsDv] [-C cost] passwordfile username password

	htpasswd -n[imBdps] [-C cost] username
	htpasswd -nb[mBdps] [-C cost] username password
 -c  Create a new file.
 -n  Don't update file; display results on stdout.
 -b  Use the password from the command line rather than prompting for it.
 -i  Read password from stdin without verification (for script usage).
 -m  Force MD5 encryption of the password (default).
 -B  Force bcrypt encryption of the password (very secure).
 -C  Set the computing time used for the bcrypt algorithm
     (higher is more secure but slower, default: 5, valid: 4 to 31).
 -d  Force CRYPT encryption of the password (8 chars max, insecure).
 -s  Force SHA encryption of the password (insecure).
 -p  Do not encrypt the password (plaintext, insecure).
 -D  Delete the specified user.
 -v  Verify password for the specified user.
On other systems than Windows and NetWare the '-p' flag will probably not work.
The SHA algorithm does not use a salt and is less secure than the MD5 algorithm.
gamut@gamutgurus:/etc/apache2/sites-enabled$  -c  Create a new file.
-c: command not found
gamut@gamutgurus:/etc/apache2/sites-enabled$  -n  Don't update file; display results on stdout.
>  -b  Use the password from the command line rather than prompting for it.
>  -i  Read password from stdin without verification (for script usage).
>  -m  Force MD5 encryption of the password (default).
>  -B  Force bcrypt encryption of the password (very secure).
>  -C  Set the computing time used for the bcrypt algorithm
>      (higher is more secure but slower, default: 5, valid: 4 to 31).
>  -d  Force CRYPT encryption of the password (8 chars max, insecure).
>  -s  Force SHA encryption of the password (insecure).
>  -p  Do not encrypt the password (plaintext, insecure).
>  -D  Delete the specified user.
>  -v  Verify password for the specified user.
> On other systems than Windows and NetWare the '-p' flag will probably not work.
> The SHA algorithm does not use a salt and is less secure than the MD5 algorithm.
> gamut@gamutgurus:~$ htpasswd –c /var/www/html/htpasswd gamut1
> Usage:
> 000-default.conf htpasswd [-cimBdpsDv] [-C cost] passwordfile username
> 000-default.conf htpasswd -b[cmBdpsDv] [-C cost] passwordfile username password
> 
> 000-default.conf htpasswd -n[imBdps] [-C cost] username
> 000-default.conf htpasswd -nb[mBdps] [-C cost] username password
>  -c  Create a new file.
>  -n  Don't update file; display results on stdout.
-n: command not found
display: unable to open image `results': No such file or directory @ error/blob.c/OpenBlob/2712.
display: no decode delegate for this image format `' @ error/constitute.c/ReadImage/501.
display: unable to open image `on': No such file or directory @ error/blob.c/OpenBlob/2712.
display: no decode delegate for this image format `' @ error/constitute.c/ReadImage/501.
display: unable to open image `stdout.': No such file or directory @ error/blob.c/OpenBlob/2712.
display: no decode delegate for this image format `' @ error/constitute.c/ReadImage/501.
gamut@gamutgurus:/etc/apache2/sites-enabled$  -b  Use the password from the command line rather than prompting for it.
-b: command not found
gamut@gamutgurus:/etc/apache2/sites-enabled$  -i  Read password from stdin without verification (for script usage).
bash: syntax error near unexpected token `('
gamut@gamutgurus:/etc/apache2/sites-enabled$  -m  Force MD5 encryption of the password (default).
bash: syntax error near unexpected token `('
gamut@gamutgurus:/etc/apache2/sites-enabled$  -B  Force bcrypt encryption of the password (very secure).
bash: syntax error near unexpected token `('
gamut@gamutgurus:/etc/apache2/sites-enabled$  -C  Set the computing time used for the bcrypt algorithm
-C: command not found
gamut@gamutgurus:/etc/apache2/sites-enabled$      (higher is more secure but slower, default: 5, valid: 4 to 31).
bash: syntax error near unexpected token `.'
gamut@gamutgurus:/etc/apache2/sites-enabled$  -d  Force CRYPT encryption of the password (8 chars max, insecure).
bash: syntax error near unexpected token `('
gamut@gamutgurus:/etc/apache2/sites-enabled$  -s  Force SHA encryption of the password (insecure).
bash: syntax error near unexpected token `('
gamut@gamutgurus:/etc/apache2/sites-enabled$  -p  Do not encrypt the password (plaintext, insecure).
ssword
 -c  Create a nbash: syntax error near unexpected token `('
gamut@gamutgurus:/etc/apache2/sites-enabled$  -D  Delete the specified user.
-D: command not found
gamut@gamutgurus:/etc/apache2/sites-enabled$  -v  Verify password for the specified user.
-v: command not found
gamut@gamutgurus:/etc/apache2/sites-enabled$ On other systems than Windows and NetWare the '-p' flag will probably not work.
mOn: command not found
gamut@gamutgurus:/etc/apache2/sites-enabled$ The SHA algorithm does not use a salt and is less secure than the MD5 algorithm.
No command 'The' found, did you mean:
 Command 'the' from package 'the' (universe)
The: command not found
gamut@gamutgurus:/etc/apache2/sites-enabled$ gamut@gamutgurus:~$ htpasswd -b[cmBdpsDv] [-C cost] passwordfile gamut gamut
gamut@gamutgurus:~$: command not found
gamut@gamutgurus:/etc/apache2/sites-enabled$ htpasswd: illegal option -- [
No command 'htpasswd:' found, did you mean:
 Command 'htpasswd' from package 'apache2-utils' (main)
htpasswd:: command not found
gamut@gamutgurus:/etc/apache2/sites-enabled$ Usage:
Usage:: command not found
gamut@gamutgurus:/etc/apache2/sites-enabled$ htpasswd [-cimBdpsDv] [-C cost] passwordfile username
Usage:
	htpasswd [-cimBdpsDv] [-C cost] passwordfile username
	htpasswd -b[cmBdpsDv] [-C cost] passwordfile username password

	htpasswd -n[imBdps] [-C cost] username
	htpasswd -nb[mBdps] [-C cost] username password
 -c  Create a new file.
 -n  Don't update file; display results on stdout.
 -b  Use the password from the command line rather than prompting for it.
 -i  Read password from stdin without verification (for script usage).
 -m  Force MD5 encryption of the password (default).
 -B  Force bcrypt encryption of the password (very secure).
 -C  Set the computing time used for the bcrypt algorithm
     (higher is more secure but slower, default: 5, valid: 4 to 31).
 -d  Force CRYPT encryption of the password (8 chars max, insecure).
 -s  Force SHA encryption of the password (insecure).
 -p  Do not encrypt the password (plaintext, insecure).
 -D  Delete the specified user.
 -v  Verify password for the specified user.
On other systems than Windows and NetWare the '-p' flag will probably not work.
The SHA algorithm does not use a salt and is less secure than the MD5 algorithm.
gamut@gamutgurus:/etc/apache2/sites-enabled$ htpasswd -b[cmBdpsDv] [-C cost] passwordfile username password
htpasswd: illegal option -- [
Usage:
	htpasswd [-cimBdpsDv] [-C cost] passwordfile username
	htpasswd -b[cmBdpsDv] [-C cost] passwordfile username password

	htpasswd -n[imBdps] [-C cost] username
	htpasswd -nb[mBdps] [-C cost] username password
 -c  Create a new file.
 -n  Don't update file; display results on stdout.
 -b  Use the password from the command line rather than prompting for it.
 -i  Read password from stdin without verification (for script usage).
 -m  Force MD5 encryption of the password (default).
 -B  Force bcrypt encryption of the password (very secure).
 -C  Set the computing time used for the bcrypt algorithm
     (higher is more secure but slower, default: 5, valid: 4 to 31).
 -d  Force CRYPT encryption of the password (8 chars max, insecure).
 -s  Force SHA encryption of the password (insecure).
 -p  Do not encrypt the password (plaintext, insecure).
 -D  Delete the specified user.
 -v  Verify password for the specified user.
On other systems than Windows and NetWare the '-p' flag will probably not work.
The SHA algorithm does not use a salt and is less secure than the MD5 algorithm.
gamut@gamutgurus:/etc/apache2/sites-enabled$ 
gamut@gamutgurus:/etc/apache2/sites-enabled$ htpasswd -n[imBdps] [-C cost] username
htpasswd: illegal option -- [
Usage:
	htpasswd [-cimBdpsDv] [-C cost] passwordfile username
	htpasswd -b[cmBdpsDv] [-C cost] passwordfile username password

	htpasswd -n[imBdps] [-C cost] username
	htpasswd -nb[mBdps] [-C cost] username password
 -c  Create a new file.
 -n  Don't update file; display results on stdout.
 -b  Use the password from the command line rather than prompting for it.
 -i  Read password from stdin without verification (for script usage).
 -m  Force MD5 encryption of the password (default).
 -B  Force bcrypt encryption of the password (very secure).
 -C  Set the computing time used for the bcrypt algorithm
     (higher is more secure but slower, default: 5, valid: 4 to 31).
 -d  Force CRYPT encryption of the password (8 chars max, insecure).
 -s  Force SHA encryption of the password (insecure).
 -p  Do not encrypt the password (plaintext, insecure).
 -D  Delete the specified user.
 -v  Verify password for the specified user.
On other systems than Windows and NetWare the '-p' flag will probably not work.
The SHA algorithm does not use a salt and is less secure than the MD5 algorithm.
gamut@gamutgurus:/etc/apache2/sites-enabled$ htpasswd -nb[mBdps] [-C cost] username password
htpasswd: illegal option -- [
Usage:
	htpasswd [-cimBdpsDv] [-C cost] passwordfile username
	htpasswd -b[cmBdpsDv] [-C cost] passwordfile username password

	htpasswd -n[imBdps] [-C cost] username
	htpasswd -nb[mBdps] [-C cost] username password
 -c  Create a new file.
 -n  Don't update file; display results on stdout.
 -b  Use the password from the command line rather than prompting for it.
 -i  Read password from stdin without verification (for script usage).
 -m  Force MD5 encryption of the password (default).
 -B  Force bcrypt encryption of the password (very secure).
 -C  Set the computing time used for the bcrypt algorithm
     (higher is more secure but slower, default: 5, valid: 4 to 31).
 -d  Force CRYPT encryption of the password (8 chars max, insecure).
 -s  Force SHA encryption of the password (insecure).
 -p  Do not encrypt the password (plaintext, insecure).
 -D  Delete the specified user.
 -v  Verify password for the specified user.
On other systems than Windows and NetWare the '-p' flag will probably not work.
The SHA algorithm does not use a salt and is less secure than the MD5 algorithm.
gamut@gamutgurus:/etc/apache2/sites-enabled$  -c  Create a new file.
-c: command not found
gamut@gamutgurus:/etc/apache2/sites-enabled$  -n  Don't update file; display results on stdout.
>  -b  Use the password from the command line rather than prompting for it.
>  -i  Read password from stdin without verification (for script usage).
>  -m  Force MD5 encryption of the password (default).
>  -B  Force bcrypt encryption of the password (very secure).
>  -C  Set the computing time used for the bcrypt algorithm
>      (higher is more secure but slower, default: 5, valid: 4 to 31).
>  -d  Force CRYPT encryption of the password (8 chars max, insecure).
>  -s  Force SHA encryption of the password (insecure).
>  -p  Do not encrypt the password (plaintext, insecure).
>  -D  Delete the specified user.
>  -v  Verify password for the specified user.
> On other systems than Windows and NetWare the '-p' flag will probably not work.
> The SHA algorithm does not use a salt and is less secure than the MD5 algorithm.
> gamut@gamutgurus:~$ htpasswd -b[gamut] [-C 5] passwordfile gamut gamut
> htpasswd: illegal option -- [
> Usage:
> 000-default.conf htpasswd [-cimBdpsDv] [-C cost] passwordfile username
> 000-default.conf htpasswd -b[cmBdpsDv] [-C cost] passwordfile username password
> 
> 000-default.conf htpasswd -n[imBdps] [-C cost] username
> 000-default.conf htpasswd -nb[mBdps] [-C cost] username password
>  -c  Create a new file.
>  -n  Don't update file; display results on stdout.
-n: command not found
display: unable to open image `results': No such file or directory @ error/blob.c/OpenBlob/2712.
display: no decode delegate for this image format `' @ error/constitute.c/ReadImage/501.
display: unable to open image `on': No such file or directory @ error/blob.c/OpenBlob/2712.
display: no decode delegate for this image format `' @ error/constitute.c/ReadImage/501.
display: unable to open image `stdout.': No such file or directory @ error/blob.c/OpenBlob/2712.
display: no decode delegate for this image format `' @ error/constitute.c/ReadImage/501.gamut@gamutgurus:~$ cd /var/www/html
gamut@gamutgurus:/var/www/html$ mkdir git
mkdir: cannot create directory ‘git’: Permission denied
gamut@gamutgurus:/var/www/html$ sudo su
[sudo] password for gamut: 
root@gamutgurus:/var/www/html# mkdir git
root@gamutgurus:/var/www/html# ls
git  index.html
root@gamutgurus:/var/www/html# sudo chgrp -R www-data /var/www/html/git
root@gamutgurus:/var/www/html#  chgrp -R www-data /var/www/html/git
root@gamutgurus:/var/www/html# sudo chgrp -R www-data /var/www/html/git
root@gamutgurus:/var/www/html# ssh username
ssh: Could not resolve hostname username: No address associated with hostname
root@gamutgurus:/var/www/html# ssh username = "gamutgurus"
ssh: Could not resolve hostname username: No address associated with hostname
root@gamutgurus:/var/www/html# ls-ld webapps/
ls-ld: command not found
root@gamutgurus:/var/www/html# ls -ld webapps/
ls: cannot access 'webapps/': No such file or directory
root@gamutgurus:/var/www/html# chmod 777 -R apache2-tomcat-8.5.11
chmod: cannot access 'apache2-tomcat-8.5.11': No such file or directory
root@gamutgurus:/var/www/html# exit
exit
gamut@gamutgurus:/var/www/html$ ls
git  index.html
gamut@gamutgurus:/var/www/html$ cd gir
bash: cd: gir: No such file or directory
gamut@gamutgurus:/var/www/html$ cd git
gamut@gamutgurus:/var/www/html/git$  chgrp -R www-data /var/www/html/gitchgrp: changing group of '/var/www/html/git': Operation not permitted
gamut@gamutgurus:/var/www/html/git$ sudo chgrp -R www-data /var/www/html/git[sudo] password for gamut: 
gamut@gamutgurus:/var/www/html/git$ cd git
bash: cd: git: No such file or directory
gamut@gamutgurus:/var/www/html/git$ cd .
gamut@gamutgurus:/var/www/html/git$ mkdir git
mkdir: cannot create directory ‘git’: Permission denied
gamut@gamutgurus:/var/www/html/git$ git init --bared --shared supriya.git
error: unknown option `bared'
usage: git init [-q | --quiet] [--bare] [--template=<template-directory>] [--shared[=<permissions>]] [<directory>]

    --template <template-directory>
                          directory from which templates will be used
    --bare                create a bare repository
    --shared[=<permissions>]
                          specify that the git repository is to be shared amongst several users
    -q, --quiet           be quiet
    --separate-git-dir <gitdir>
                          separate git dir from working tree

gamut@gamutgurus:/var/www/html/git$ mkdir supriya.git
mkdir: cannot create directory ‘supriya.git’: Permission denied
gamut@gamutgurus:/var/www/html/git$ git init --bared --shared supriya.git
error: unknown option `bared'
usage: git init [-q | --quiet] [--bare] [--template=<template-directory>] [--shared[=<permissions>]] [<directory>]

    --template <template-directory>
                          directory from which templates will be used
    --bare                create a bare repository
    --shared[=<permissions>]
                          specify that the git repository is to be shared amongst several users
    -q, --quiet           be quiet
    --separate-git-dir <gitdir>
                          separate git dir from working tree

gamut@gamutgurus:/var/www/html/git$ sudo mkdir supriya.git
gamut@gamutgurus:/var/www/html/git$ git init --bared --shared
error: unknown option `bared'
usage: git init [-q | --quiet] [--bare] [--template=<template-directory>] [--shared[=<permissions>]] [<directory>]

    --template <template-directory>
                          directory from which templates will be used
    --bare                create a bare repository
    --shared[=<permissions>]
                          specify that the git repository is to be shared amongst several users
    -q, --quiet           be quiet
    --separate-git-dir <gitdir>
                          separate git dir from working tree

gamut@gamutgurus:/var/www/html/git$ sudo git init --bared --shared
error: unknown option `bared'
usage: git init [-q | --quiet] [--bare] [--template=<template-directory>] [--shared[=<permissions>]] [<directory>]

    --template <template-directory>
                          directory from which templates will be used
    --bare                create a bare repository
    --shared[=<permissions>]
                          specify that the git repository is to be shared amongst several users
    -q, --quiet           be quiet
    --separate-git-dir <gitdir>
                          separate git dir from working tree

gamut@gamutgurus:/var/www/html/git$ sudo git init --bare --shared
Initialized empty shared Git repository in /var/www/html/git/
gamut@gamutgurus:/var/www/html/git$ sudo git init --bare --shared supriya.git
[sudo] password for gamut: 
Initialized empty shared Git repository in /var/www/html/git/supriya.git/
gamut@gamutgurus:/var/www/html/git$ 
gamut@gamutgurus:/var/www/html/git$ 
gamut@gamutgurus:/var/www/html/git$ 
gamut@gamutgurus:/var/www/html/git$ 
gamut@gamutgurus:/var/www/html/git$ apache2.conf
apache2.conf: command not found
gamut@gamutgurus:/var/www/html/git$ cd ..
gamut@gamutgurus:/var/www/html$ apache2.conf
apache2.conf: command not found
gamut@gamutgurus:/var/www/html$ cd 
gamut@gamutgurus:~$ cd etc/apache2/sites-enabled/000-default.conf
bash: cd: etc/apache2/sites-enabled/000-default.conf: No such file or directory
gamut@gamutgurus:~$ sudo cd etc/apache2/sites-enabled/000-default.conf
sudo: cd: command not found
gamut@gamutgurus:~$ cd git
bash: cd: git: No such file or directory
gamut@gamutgurus:~$ cd var/www/html/git
bash: cd: var/www/html/git: No such file or directory
gamut@gamutgurus:~$ cd /var/www/html/git
gamut@gamutgurus:/var/www/html/git$ ls
branches  config  description  HEAD  hooks  info  objects  refs  supriya.git
gamut@gamutgurus:/var/www/html/git$ vim config
gamut@gamutgurus:/var/www/html/git$ cd supriya.git/
gamut@gamutgurus:/var/www/html/git/supriya.git$ ls
branches  config  description  HEAD  hooks  info  objects  refs
gamut@gamutgurus:/var/www/html/git/supriya.git$ vim config 
gamut@gamutgurus:/var/www/html/git/supriya.git$ cd 
gamut@gamutgurus:~$ /etc/
bash: /etc/: Is a directory
gamut@gamutgurus:~$ /etc/ap
apache2/    apparmor/   apport/     aptdaemon/  
apm/        apparmor.d/ apt/        
gamut@gamutgurus:~$ /etc/apache2
bash: /etc/apache2: Is a directory
gamut@gamutgurus:~$ cd /etc/ap
apache2/    apparmor/   apport/     aptdaemon/  
apm/        apparmor.d/ apt/        
gamut@gamutgurus:~$ cd /etc/apache2
gamut@gamutgurus:/etc/apache2$ ls
apache2.conf    conf-enabled  magic           mods-enabled  sites-available
conf-available  envvars       mods-available  ports.conf    sites-enabled
gamut@gamutgurus:/etc/apache2$ cd sites-enabled/
gamut@gamutgurus:/etc/apache2/sites-enabled$ ls
000-default.conf
gamut@gamutgurus:/etc/apache2/sites-enabled$ vim 000-default.conf 

[1]+  Stopped                 vim 000-default.conf
gamut@gamutgurus:/etc/apache2/sites-enabled$ chmod 777 000-default.conf 
chmod: changing permissions of '000-default.conf': Operation not permitted
gamut@gamutgurus:/etc/apache2/sites-enabled$ chmod 755 000-default.conf 
chmod: changing permissions of '000-default.conf': Operation not permitted
gamut@gamutgurus:/etc/apache2/sites-enabled$ chmod -x+o 000-default.conf 
chmod: changing permissions of '000-default.conf': Operation not permitted
gamut@gamutgurus:/etc/apache2/sites-enabled$ vim 000-default.conf 

[2]+  Stopped                 vim 000-default.conf
gamut@gamutgurus:/etc/apache2/sites-enabled$ sudo vim 000-default.conf 
[sudo] password for gamut: 
gamut@gamutgurus:/etc/apache2/sites-enabled$ sudo vim 000-default.conf 
gamut@gamutgurus:/etc/apache2/sites-enabled$ vim 000-default.conf 

[3]+  Stopped                 vim 000-default.conf
gamut@gamutgurus:/etc/apache2/sites-enabled$ sudo vim 000-default.conf 
gamut@gamutgurus:/etc/apache2/sites-enabled$ cd 
gamut@gamutgurus:~$ htpasswd –c /var/www/html/htpasswd gamut1
Usage:
	htpasswd [-cimBdpsDv] [-C cost] passwordfile username
	htpasswd -b[cmBdpsDv] [-C cost] passwordfile username password

	htpasswd -n[imBdps] [-C cost] username
	htpasswd -nb[mBdps] [-C cost] username password
 -c  Create a new file.
 -n  Don't update file; display results on stdout.
 -b  Use the password from the command line rather than prompting for it.
 -i  Read password from stdin without verification (for script usage).
 -m  Force MD5 encryption of the password (default).
 -B  Force bcrypt encryption of the password (very secure).
 -C  Set the computing time used for the bcrypt algorithm
     (higher is more secure but slower, default: 5, valid: 4 to 31).
 -d  Force CRYPT encryption of the password (8 chars max, insecure).
 -s  Force SHA encryption of the password (insecure).
 -p  Do not encrypt the password (plaintext, insecure).
 -D  Delete the specified user.
 -v  Verify password for the specified user.
On other systems than Windows and NetWare the '-p' flag will probably not work.
The SHA algorithm does not use a salt and is less secure than the MD5 algorithm.
gamut@gamutgurus:~$ sudo htpasswd –c /var/www/html/htpasswd gamut1
Usage:
	htpasswd [-cimBdpsDv] [-C cost] passwordfile username
	htpasswd -b[cmBdpsDv] [-C cost] passwordfile username password

	htpasswd -n[imBdps] [-C cost] username
	htpasswd -nb[mBdps] [-C cost] username password
 -c  Create a new file.
 -n  Don't update file; display results on stdout.
 -b  Use the password from the command line rather than prompting for it.
 -i  Read password from stdin without verification (for script usage).
 -m  Force MD5 encryption of the password (default).
 -B  Force bcrypt encryption of the password (very secure).
 -C  Set the computing time used for the bcrypt algorithm
     (higher is more secure but slower, default: 5, valid: 4 to 31).
 -d  Force CRYPT encryption of the password (8 chars max, insecure).
 -s  Force SHA encryption of the password (insecure).
 -p  Do not encrypt the password (plaintext, insecure).
 -D  Delete the specified user.
 -v  Verify password for the specified user.
On other systems than Windows and NetWare the '-p' flag will probably not work.
The SHA algorithm does not use a salt and is less secure than the MD5 algorithm.
gamut@gamutgurus:~$ htpasswd –c /var/www/html/htpasswd gamut1
Usage:
	htpasswd [-cimBdpsDv] [-C cost] passwordfile username
	htpasswd -b[cmBdpsDv] [-C cost] passwordfile username password

	htpasswd -n[imBdps] [-C cost] username
	htpasswd -nb[mBdps] [-C cost] username password
 -c  Create a new file.
 -n  Don't update file; display results on stdout.
 -b  Use the password from the command line rather than prompting for it.
 -i  Read password from stdin without verification (for script usage).
 -m  Force MD5 encryption of the password (default).
 -B  Force bcrypt encryption of the password (very secure).
 -C  Set the computing time used for the bcrypt algorithm
     (higher is more secure but slower, default: 5, valid: 4 to 31).
 -d  Force CRYPT encryption of the password (8 chars max, insecure).
 -s  Force SHA encryption of the password (insecure).
 -p  Do not encrypt the password (plaintext, insecure).
 -D  Delete the specified user.
 -v  Verify password for the specified user.
On other systems than Windows and NetWare the '-p' flag will probably not work.
The SHA algorithm does not use a salt and is less secure than the MD5 algorithm.
gamut@gamutgurus:~$ htpasswd -b[cmBdpsDv] [-C cost] passwordfile gamut gamut
htpasswd: illegal option -- [
Usage:
	htpasswd [-cimBdpsDv] [-C cost] passwordfile username
	htpasswd -b[cmBdpsDv] [-C cost] passwordfile username password

	htpasswd -n[imBdps] [-C cost] username
	htpasswd -nb[mBdps] [-C cost] username password
 -c  Create a new file.
 -n  Don't update file; display results on stdout.
 -b  Use the password from the command line rather than prompting for it.
 -i  Read password from stdin without verification (for script usage).
 -m  Force MD5 encryption of the password (default).
 -B  Force bcrypt encryption of the password (very secure).
 -C  Set the computing time used for the bcrypt algorithm
     (higher is more secure but slower, default: 5, valid: 4 to 31).
 -d  Force CRYPT encryption of the password (8 chars max, insecure).
 -s  Force SHA encryption of the password (insecure).
 -p  Do not encrypt the password (plaintext, insecure).
 -D  Delete the specified user.
 -v  Verify password for the specified user.
On other systems than Windows and NetWare the '-p' flag will probably not work.
The SHA algorithm does not use a salt and is less secure than the MD5 algorithm.
gamut@gamutgurus:~$ htpasswd -b[gamut] [-C 5] passwordfile gamut gamut
htpasswd: illegal option -- [
Usage:
	htpasswd [-cimBdpsDv] [-C cost] passwordfile username
	htpasswd -b[cmBdpsDv] [-C cost] passwordfile username password

	htpasswd -n[imBdps] [-C cost] username
	htpasswd -nb[mBdps] [-C cost] username password
 -c  Create a new file.
 -n  Don't update file; display results on stdout.
 -b  Use the password from the command line rather than prompting for it.
 -i  Read password from stdin without verification (for script usage).
 -m  Force MD5 encryption of the password (default).
 -B  Force bcrypt encryption of the password (very secure).
 -C  Set the computing time used for the bcrypt algorithm
     (higher is more secure but slower, default: 5, valid: 4 to 31).
 -d  Force CRYPT encryption of the password (8 chars max, insecure).
 -s  Force SHA encryption of the password (insecure).
 -p  Do not encrypt the password (plaintext, insecure).
 -D  Delete the specified user.
 -v  Verify password for the specified user.
On other systems than Windows and NetWare the '-p' flag will probably not work.
The SHA algorithm does not use a salt and is less secure than the MD5 algorithm.
gamut@gamutgurus:~$ htpasswd –c /var/www/html/htpasswd gamut1 gamut
Usage:
	htpasswd [-cimBdpsDv] [-C cost] passwordfile username
	htpasswd -b[cmBdpsDv] [-C cost] passwordfile username password

	htpasswd -n[imBdps] [-C cost] username
	htpasswd -nb[mBdps] [-C cost] username password
 -c  Create a new file.
 -n  Don't update file; display results on stdout.
 -b  Use the password from the command line rather than prompting for it.
 -i  Read password from stdin without verification (for script usage).
 -m  Force MD5 encryption of the password (default).
 -B  Force bcrypt encryption of the password (very secure).
 -C  Set the computing time used for the bcrypt algorithm
     (higher is more secure but slower, default: 5, valid: 4 to 31).
 -d  Force CRYPT encryption of the password (8 chars max, insecure).
 -s  Force SHA encryption of the password (insecure).
 -p  Do not encrypt the password (plaintext, insecure).
 -D  Delete the specified user.
 -v  Verify password for the specified user.
On other systems than Windows and NetWare the '-p' flag will probably not work.
The SHA algorithm does not use a salt and is less secure than the MD5 algorithm.
gamut@gamutgurus:~$ htpasswd –c /var/www/html/htpasswd gamut gamut
Usage:
	htpasswd [-cimBdpsDv] [-C cost] passwordfile username
	htpasswd -b[cmBdpsDv] [-C cost] passwordfile username password

	htpasswd -n[imBdps] [-C cost] username
	htpasswd -nb[mBdps] [-C cost] username password
 -c  Create a new file.
 -n  Don't update file; display results on stdout.
 -b  Use the password from the command line rather than prompting for it.
 -i  Read password from stdin without verification (for script usage).
 -m  Force MD5 encryption of the password (default).
 -B  Force bcrypt encryption of the password (very secure).
 -C  Set the computing time used for the bcrypt algorithm
     (higher is more secure but slower, default: 5, valid: 4 to 31).
 -d  Force CRYPT encryption of the password (8 chars max, insecure).
 -s  Force SHA encryption of the password (insecure).
 -p  Do not encrypt the password (plaintext, insecure).
 -D  Delete the specified user.
 -v  Verify password for the specified user.
On other systems than Windows and NetWare the '-p' flag will probably not work.
The SHA algorithm does not use a salt and is less secure than the MD5 algorithm.
gamut@gamutgurus:~$ htpasswd –nb /var/www/html/htpasswd gamut gamut
Usage:
	htpasswd [-cimBdpsDv] [-C cost] passwordfile username
	htpasswd -b[cmBdpsDv] [-C cost] passwordfile username password

	htpasswd -n[imBdps] [-C cost] username
	htpasswd -nb[mBdps] [-C cost] username password
 -c  Create a new file.
 -n  Don't update file; display results on stdout.
 -b  Use the password from the command line rather than prompting for it.
 -i  Read password from stdin without verification (for script usage).
 -m  Force MD5 encryption of the password (default).
 -B  Force bcrypt encryption of the password (very secure).
 -C  Set the computing time used for the bcrypt algorithm
     (higher is more secure but slower, default: 5, valid: 4 to 31).
 -d  Force CRYPT encryption of the password (8 chars max, insecure).
 -s  Force SHA encryption of the password (insecure).
 -p  Do not encrypt the password (plaintext, insecure).
 -D  Delete the specified user.
 -v  Verify password for the specified user.
On other systems than Windows and NetWare the '-p' flag will probably not work.
The SHA algorithm does not use a salt and is less secure than the MD5 algorithm.
gamut@gamutgurus:~$ sudo htpasswd  /var/www/html/htpasswd gamut1
htpasswd: cannot modify file /var/www/html/htpasswd; use '-c' to create it
gamut@gamutgurus:~$ sudo htpasswd –c /var/www/html/htpasswd gamut gamut
Usage:
	htpasswd [-cimBdpsDv] [-C cost] passwordfile username
	htpasswd -b[cmBdpsDv] [-C cost] passwordfile username password

	htpasswd -n[imBdps] [-C cost] username
	htpasswd -nb[mBdps] [-C cost] username password
 -c  Create a new file.
 -n  Don't update file; display results on stdout.
 -b  Use the password from the command line rather than prompting for it.
 -i  Read password from stdin without verification (for script usage).
 -m  Force MD5 encryption of the password (default).
 -B  Force bcrypt encryption of the password (very secure).
 -C  Set the computing time used for the bcrypt algorithm
     (higher is more secure but slower, default: 5, valid: 4 to 31).
 -d  Force CRYPT encryption of the password (8 chars max, insecure).
 -s  Force SHA encryption of the password (insecure).
 -p  Do not encrypt the password (plaintext, insecure).
 -D  Delete the specified user.
 -v  Verify password for the specified user.
On other systems than Windows and NetWare the '-p' flag will probably not work.
The SHA algorithm does not use a salt and is less secure than the MD5 algorithm.
gamut@gamutgurus:~$ sudo htpasswd –c /var/www/html/htpasswd gamut1
Usage:
	htpasswd [-cimBdpsDv] [-C cost] passwordfile username
	htpasswd -b[cmBdpsDv] [-C cost] passwordfile username password

	htpasswd -n[imBdps] [-C cost] username
	htpasswd -nb[mBdps] [-C cost] username password
 -c  Create a new file.
 -n  Don't update file; display results on stdout.
 -b  Use the password from the command line rather than prompting for it.
 -i  Read password from stdin without verification (for script usage).
 -m  Force MD5 encryption of the password (default).
 -B  Force bcrypt encryption of the password (very secure).
 -C  Set the computing time used for the bcrypt algorithm
     (higher is more secure but slower, default: 5, valid: 4 to 31).
 -d  Force CRYPT encryption of the password (8 chars max, insecure).
 -s  Force SHA encryption of the password (insecure).
 -p  Do not encrypt the password (plaintext, insecure).
 -D  Delete the specified user.
 -v  Verify password for the specified user.
On other systems than Windows and NetWare the '-p' flag will probably not work.
The SHA algorithm does not use a salt and is less secure than the MD5 algorithm.
gamut@gamutgurus:~$ sudo vim 000

[4]+  Stopped                 sudo vim 000
gamut@gamutgurus:~$ cd /var/www/html/git
gamut@gamutgurus:/var/www/html/git$ ls
branches  config  description  HEAD  hooks  info  objects  refs  supriya.git
gamut@gamutgurus:/var/www/html/git$ sudo vim config
gamut@gamutgurus:/var/www/html/git$ cd 
gamut@gamutgurus:~$ /etc/apache2
bash: /etc/apache2: Is a directory
gamut@gamutgurus:~$ cd /etc/apache2
gamut@gamutgurus:/etc/apache2$ cd sites-enabled/
gamut@gamutgurus:/etc/apache2/sites-enabled$ ls
000-default.conf
gamut@gamutgurus:/etc/apache2/sites-enabled$ sudo vim 000-default.conf 
gamut@gamutgurus:/etc/apache2/sites-enabled$ cd 
gamut@gamutgurus:~$ htpasswd -c /var/www/html/htpasswd gamut1
htpasswd: cannot create file /var/www/html/htpasswd
gamut@gamutgurus:~$ sudo htpasswd -c /var/www/html/htpasswd gamut1
New password: 
Re-type new password: 
Adding password for user gamut1
gamut@gamutgurus:~$ sudo htpasswd /var/www/html/htpasswd gamut1
New password: 
Re-type new password: 
Updating password for user gamut1
gamut@gamutgurus:~$ service apache2 restart
gamut@gamutgurus:~$ git clone http://192.168.31.68/supriya.git
Cloning into 'supriya'...
fatal: repository 'http://192.168.31.68/supriya.git/' not found
gamut@gamutgurus:~$ git clone http://192.168.31.68/git/supriya.git
Cloning into 'supriya'...
Username for 'http://192.168.31.68': gamut1
Password for 'http://gamut1@192.168.31.68': 
warning: You appear to have cloned an empty repository.
Checking connectivity... done.
gamut@gamutgurus:~$ ls
apt-transport-https  Documents         Music                       subversion
ca-certificates      Downloads         practice                    supriya
commercial           examples.desktop  project                     Templates
curl                 first             project.git                 Videos
Desktop              initial           software-properties-common
gamut@gamutgurus:~$ cd supriya.git
bash: cd: supriya.git: No such file or directory
gamut@gamutgurus:~$ cd supriya
gamut@gamutgurus:~/supriya$ ls
gamut@gamutgurus:~/supriya$ cd ..
gamut@gamutgurus:~$ ls
apt-transport-https  Documents         Music                       subversion
ca-certificates      Downloads         practice                    supriya
commercial           examples.desktop  project                     Templates
curl                 first             project.git                 Videos
Desktop              initial           software-properties-common
gamut@gamutgurus:~$ cd supriya/
gamut@gamutgurus:~/supriya$ ls
gamut@gamutgurus:~/supriya$ ^C
gamut@gamutgurus:~/supriya$ ^C
gamut@gamutgurus:~/supriya$ ^C
gamut@gamutgurus:~/supriya$ ^C
gamut@gamutgurus:~/supriya$ ^C
gamut@gamutgurus:~/supriya$ ^C
gamut@gamutgurus:~/supriya$ ^C
gamut@gamutgurus:~/supriya$ ^C
gamut@gamutgurus:~/supriya$ ^C
gamut@gamutgurus:~/supriya$ ^C
gamut@gamutgurus:~/supriya$ ^C
gamut@gamutgurus:~/supriya$ 
gamut@gamutgurus:~/supriya$ 
gamut@gamutgurus:~/supriya$ 
gamut@gamutgurus:~/supriya$ vim file_imp
gamut@gamutgurus:~/supriya$ l
file_imp
gamut@gamutgurus:~/supriya$ ls
file_imp
gamut@gamutgurus:~/supriya$ cd ..
gamut@gamutgurus:~$ cd ..
gamut@gamutgurus:/home$ ls
gamut
gamut@gamutgurus:/home$ cd gamut/
gamut@gamutgurus:~$ ls
apt-transport-https  Documents         Music                       subversion
ca-certificates      Downloads         practice                    supriya
commercial           examples.desktop  project                     Templates
curl                 first             project.git                 Videos
Desktop              initial           software-properties-common
gamut@gamutgurus:~$ cd supriya/
gamut@gamutgurus:~/supriya$ ls
file_imp
gamut@gamutgurus:~/supriya$ gamut@gamutgurus:~$ cd /var/www/html
gamut@gamutgurus:~$: command not found
gamut@gamutgurus:~/supriya$ gamut@gamutgurus:/var/www/html$ mkdir git
bash: gamut@gamutgurus:/var/www/html$: No such file or directory
gamut@gamutgurus:~/supriya$ mkdir: cannot create directory ‘git’: Permission denied
No command 'mkdir:' found, did you mean:
 Command 'mkdir' from package 'coreutils' (main)
mkdir:: command not found
gamut@gamutgurus:~/supriya$ gamut@gamutgurus:/var/www/html$ sudo su
bash: gamut@gamutgurus:/var/www/html$: No such file or directory
gamut@gamutgurus:~/supriya$ [sudo] password for gamut: 
[sudo]: command not found
gamut@gamutgurus:~/supriya$ root@gamutgurus:/var/www/html# mkdir git
bash: root@gamutgurus:/var/www/html#: No such file or directory
gamut@gamutgurus:~/supriya$ root@gamutgurus:/var/www/html# ls
bash: root@gamutgurus:/var/www/html#: No such file or directory
gamut@gamutgurus:~/supriya$ git  index.html
git: 'index.html' is not a git command. See 'git --help'.
gamut@gamutgurus:~/supriya$ root@gamutgurus:/var/www/html# sudo chgrp -R www-data /var/www/html/git
bash: root@gamutgurus:/var/www/html#: No such file or directory
gamut@gamutgurus:~/supriya$ root@gamutgurus:/var/www/html#  chgrp -R www-data /var/www/html/git
bash: root@gamutgurus:/var/www/html#: No such file or directory
gamut@gamutgurus:~/supriya$ root@gamutgurus:/var/www/html# sudo chgrp -R www-data /var/www/html/git
bash: root@gamutgurus:/var/www/html#: No such file or directory
gamut@gamutgurus:~/supriya$ root@gamutgurus:/var/www/html# ssh username
bash: root@gamutgurus:/var/www/html#: No such file or directory
gamut@gamutgurus:~/supriya$ ssh: Could not resolve hostname username: No address associated with hostname
No command 'ssh:' found, did you mean:
 Command 'ssh' from package 'openssh-client' (main)
 Command 'ssh1' from package 'openssh-client-ssh1' (universe)
 Command 'sshd' from package 'openssh-server' (main)
ssh:: command not found
gamut@gamutgurus:~/supriya$ root@gamutgurus:/var/www/html# ssh username = "gamutgurus"
bash: root@gamutgurus:/var/www/html#: No such file or directory
gamut@gamutgurus:~/supriya$ ssh: Could not resolve hostname username: No address associated with hostname
No command 'ssh:' found, did you mean:
 Command 'ssh1' from package 'openssh-client-ssh1' (universe)
 Command 'sshd' from package 'openssh-server' (main)
 Command 'ssh' from package 'openssh-client' (main)
ssh:: command not found
gamut@gamutgurus:~/supriya$ root@gamutgurus:/var/www/html# ls-ld webapps/
bash: root@gamutgurus:/var/www/html#: No such file or directory
gamut@gamutgurus:~/supriya$ ls-ld: command not found
ls-ld:: command not found
gamut@gamutgurus:~/supriya$ root@gamutgurus:/var/www/html# ls -ld webapps/
bash: root@gamutgurus:/var/www/html#: No such file or directory
gamut@gamutgurus:~/supriya$ ls: cannot access 'webapps/': No such file or directory
No command 'ls:' found, did you mean:
 Command 'lsh' from package 'lsh-client' (universe)
 Command 'ls' from package 'coreutils' (main)
 Command 'lsw' from package 'suckless-tools' (universe)
 Command 'lsx' from package 'suckless-tools' (universe)
ls:: command not found
gamut@gamutgurus:~/supriya$ root@gamutgurus:/var/www/html# chmod 777 -R apache2-tomcat-8.5.11
bash: root@gamutgurus:/var/www/html#: No such file or directory
gamut@gamutgurus:~/supriya$ chmod: cannot access 'apache2-tomcat-8.5.11': No such file or directory
No command 'chmod:' found, did you mean:
 Command 'chmod' from package 'coreutils' (main)
chmod:: command not found
gamut@gamutgurus:~/supriya$ root@gamutgurus:/var/www/html# exit
bash: root@gamutgurus:/var/www/html#: No such file or directory
gamut@gamutgurus:~/supriya$ exit
exit
There are stopped jobs.
gamut@gamutgurus:~/supriya$ gamut@gamutgurus:/var/www/html$ ls
bash: gamut@gamutgurus:/var/www/html$: No such file or directory
gamut@gamutgurus:~/supriya$ git  index.html
git: 'index.html' is not a git command. See 'git --help'.
gamut@gamutgurus:~/supriya$ gamut@gamutgurus:/var/www/html$ cd gir
bash: gamut@gamutgurus:/var/www/html$: No such file or directory
gamut@gamutgurus:~/supriya$ bash: cd: gir: No such file or directory
No command 'bash:' found, did you mean:
 Command 'bash' from package 'bash' (main)
bash:: command not found
gamut@gamutgurus:~/supriya$ gamut@gamutgurus:/var/www/html$ cd git
bash: gamut@gamutgurus:/var/www/html$: No such file or directory
gamut@gamutgurus:~/supriya$ gamut@gamutgurus:/var/www/html/git$  chgrp -R www-data /var/www/html/gitchgrp: changing group of '/var/www/html/git': Operation not permitted
bash: gamut@gamutgurus:/var/www/html/git$: No such file or directory
gamut@gamutgurus:~/supriya$ gamut@gamutgurus:/var/www/html/git$ sudo chgrp -R www-data /var/www/html/git[sudo] password for gamut: 
bash: gamut@gamutgurus:/var/www/html/git$: No such file or directory
gamut@gamutgurus:~/supriya$ gamut@gamutgurus:/var/www/html/git$ cd git
bash: gamut@gamutgurus:/var/www/html/git$: No such file or directory
gamut@gamutgurus:~/supriya$ bash: cd: git: No such file or directory
No command 'bash:' found, did you mean:
 Command 'bash' from package 'bash' (main)
bash:: command not found
gamut@gamutgurus:~/supriya$ gamut@gamutgurus:/var/www/html/git$ cd .
bash: gamut@gamutgurus:/var/www/html/git$: No such file or directory
gamut@gamutgurus:~/supriya$ gamut@gamutgurus:/var/www/html/git$ mkdir git
bash: gamut@gamutgurus:/var/www/html/git$: No such file or directory
gamut@gamutgurus:~/supriya$ mkdir: cannot create directory ‘git’: Permission denied
No command 'mkdir:' found, did you mean:
 Command 'mkdir' from package 'coreutils' (main)
mkdir:: command not found
gamut@gamutgurus:~/supriya$ gamut@gamutgurus:/var/www/html/git$ git init --bared --shared supriya.git
bash: gamut@gamutgurus:/var/www/html/git$: No such file or directory
gamut@gamutgurus:~/supriya$ error: unknown option `bared'
> usage: git init [-q | --quiet] [--bare] [--template=<template-directory>] [--shared[=<permissions>]] [<directory>]
> 
>     --template <template-directory>
>                           directory from which templates will be used
>     --bare                create a bare repository
>     --shared[=<permissions>]
>                           specify that the git repository is to be shared amongst several users
>     -q, --quiet           be quiet
>     --separate-git-dir <gitdir>
>                           separate git dir from working tree
> 
> gamut@gamutgurus:/var/www/html/git$ mkdir supriya.git
> mkdir: cannot create directory ‘supriya.git’: Permission denied
> gamut@gamutgurus:/var/www/html/git$ git init --bared --shared supriya.git
> error: unknown option `bared'
> usage: git init [-q | --quiet] [--bare] [--template=<template-directory>] [--shared[=<permissions>]] [<directory>]
> 
>     --template <template-directory>
>                           directory from which templates will be used
>     --bare                create a bare repository
>     --shared[=<permissions>]
>                           specify that the git repository is to be shared amongst several users
>     -q, --quiet           be quiet
>     --separate-git-dir <gitdir>
>                           separate git dir from working tree
> 
0> gamut@gamutgurus:/var/www/html/git$ sudo mkdir supriya.git
> gamut@gamutgurus:/var/www/html/git$ git init --bared --shared
> error: unknown option `bared'
bash: command substitution: line 1: unexpected EOF while looking for matching `''
bash: command substitution: line 17: syntax error: unexpected end of file
error:: command not found
gamut@gamutgurus:~/supriya$ usage: git init [-q | --quiet] [--bare] [--template=<template-directory>] [--shared[=<permissions>]] [<directory>]
conf 
[sudo] password for gamut: 
gamut@gbash: template-directory: No such file or directory
usage:: command not found
gamut@gamutgurus:~/supriya$ 
agamut@gamutgurus:~/supriya$     --template <template-directory>
bash: syntax error near unexpected token `newline'
gamut@gamutgurus:~/supriya$                           directory from which templates will be used
directory: command not found
gamut@gamutgurus:~/supriya$     --bare                create a bare repository
--bare: command not found
gamut@gamutgurus:~/supriya$     --shared[=<permissions>]
bash: permissions: No such file or directory
gamut@gamutgurus:~/supriya$                           specify that the git repository is to be shared amongst several users
The program 'specify' is currently not installed. You can install it by typing:
sudo apt install spectacle
gamut@gamutgurus:~/supriya$     -q, --quiet           be quiet
-q,: command not found
gamut@gamutgurus:~/supriya$     --separate-git-dir <gitdir>
bash: syntax error near unexpected token `newline'
gamut@gamutgurus:~/supriya$                           separate git dir from working tree
separate: command not found
gamut@gamutgurus:~/supriya$ 
sgamut@gamutgurus:~/supriya$ gamut@gamutgurus:/var/www/html/git$ sudo git init -bared --shared
bash: gamut@gamutgurus:/var/www/html/git$: No such file or directory
gamut@gamutgurus:~/supriya$ error: unknown option `bared'
> usage: git init [-q | --quiet] [--bare] [--template=<template-directory>] [--shared[=<permissions>]] [<directory>]
> 
>     --template <template-directory>
>                           directory from which templates will be used
>     --bare                create a bare repository
>     --shared[=<permissions>]
>                           specify that the git repository is to be shared amongst several users
>     -q, --quiet           be quiet
>     --separate-git-dir <gitdir>
>                           separate git dir from working tree
> 
> gamut@gamutgurus:/var/www/html/git$ sudo git init --bare --shared
,> Initialized empty shared Git repository in /var/www/html/git/
> gamut@gamutgurus:/var/www/html/git$ sudo git init --bare --shared supriya.git
> [sudo] password for gamut: 
> Initialized empty shared Git repository in /var/www/html/git/supriya.git/
> gamut@gamutgurus:/var/www/html/git$ 
> gamut@gamutgurus:/var/www/html/git$ 
> gamut@gamutgurus:/var/www/html/git$ 
> gamut@gamutgurus:/var/www/html/git$ 
> gamut@gamutgurus:/var/www/html/git$ apache2.conf
> apache2.conf: command not found
> gamut@gamutgurus:/var/www/html/git$ cd ..
> gamut@gamutgurus:/var/www/html$ apache2.conf
> apache2.conf: command not found
> gamut@gamutgurus:/var/www/html$ cd 
> gamut@gamutgurus:~$ cd etc/apache2/sites-enabled/000-default.conf
> bash: cd: etc/apache2/sites-enabled/000-default.conf: No such file or directory
> gamut@gamutgurus:~$ sudo cd etc/apache2/sites-enabled/000-default.conf
> sudo: cd: command not found
> gamut@gamutgurus:~$ cd git
> bash: cd: git: No such file or directory
> gamut@gamutgurus:~$ cd var/www/html/git
> bash: cd: var/www/html/git: No such file or directory
> gamut@gamutgurus:~$ cd /var/www/html/git
> gamut@gamutgurus:/var/www/html/git$ ls
> branches  config  description  HEAD  hooks  info  objects  refs  supriya.git
> gamut@gamutgurus:/var/www/html/git$ vim config
> gamut@gamutgurus:/var/www/html/git$ cd supriya.git/
> gamut@gamutgurus:/var/www/html/git/supriya.git$ ls
> branches  config  description  HEAD  hooks  info  objects  refs
> gamut@gamutgurus:/var/www/html/git/supriya.git$ vim config 
> gamut@gamutgurus:/var/www/html/git/supriya.git$ cd 
> gamut@gamutgurus:~$ /etc/
> bash: /etc/: Is a directory
> gamut@gamutgurus:~$ /etc/ap
> apache2/    apparmor/   apport/     aptdaemon/  
> apm/        apparmor.d/ apt/        
> gamut@gamutgurus:~$ /etc/apache2
> bash: /etc/apache2: Is a directory
> gamut@gamutgurus:~$ cd /etc/ap
> apache2/    apparmor/   apport/     aptdaemon/  
> apm/        apparmor.d/ apt/        
> gamut@gamutgurus:~$ cd /etc/apache2
> gamut@gamutgurus:/etc/apache2$ ls
> apache2.conf    conf-enabled  magic           mods-enabled  sites-available
> conf-available  envvars       mods-available  ports.conf    sites-enabled
> gamut@gamutgurus:/etc/apache2$ cd sites-enabled/
> gamut@gamutgurus:/etc/apache2/sites-enabled$ ls
> 000-default.conf
> gamut@gamutgurus:/etc/apache2/sites-enabled$ vim 000-default.conf 
> 
c> [1]+  Stopped                 vim 000-default.conf
> gamut@gamutgurus:/etc/apache2/sites-enabled$ chmod 777 000-default.conf 
> chmod: changing permissions of '000-default.conf': Operation not permitted
> gamut@gamutgurus:/etc/apache2/sites-enabled$ chmod 755 000-default.conf 
> chmod: changing permissions of '000-default.conf': Operation not permitted
> gamut@gamutgurus:/etc/apache2/sites-enabled$ chmod -x+o 000-default.conf 
> chmod: changing permissions of '000-default.conf': Operation not permitted
> gamut@gamutgurus:/etc/apache2/sites-enabled$ vim 000-default.conf 
> 
> [2]+  Stopped                 vim 000-default.conf
> gamut@gamutgurus:/etc/apache2/sites-enabled$ sudo vim 000-default.conf 
> [sudo] password for gamut: 
> gamut@gamutgurus:/etc/apache2/sites-enabled$ sudo vim 000-default.conf 
> gamut@gamutgurus:/etc/apache2/sites-enabled$ vim 000-default.conf 
> 
> [3]+  Stopped                 vim 000-default.conf
> gamut@gamutgurus:/etc/apache2/sites-enabled$ sudo vim 000-default.conf 
> gamut@gamutgurus:/etc/apache2/sites-enabled$ cd 
> gamut@gamutgurus:~$ htpasswd –c /var/www/html/htpasswd gamut1
> Usage:
> htpasswd [-cimBdpsDv] [-C cost] passwordfile username
> htpasswd -b[cmBdpsDv] [-C cost] passwordfile username password
> 
> htpasswd -n[imBdps] [-C cost] username
> htpasswd -nb[mBdps] [-C cost] username password
>  -c  Create a new file.
>  -n  Don't update file; display results on stdout.
>  -b  Use the password from the command line rather than prompting for it.
>  -i  Read password from stdin without verification (for script usage).
>  -m  Force MD5 encryption of the password (default).
>  -B  Force bcrypt encryption of the password (very secure).
>  -C  Set the computing time used for the bcrypt algorithm
>      (higher is more secure but slower, default: 5, valid: 4 to 31).
>  -d  Force CRYPT encryption of the password (8 chars max, insecure).
>  -s  Force SHA encryption of the password (insecure).
>  -p  Do not encrypt the password (plaintext, insecure).
>  -D  Delete the specified user.
>  -v  Verify password for the specified user.
> On other systems than Windows and NetWare the '-p' flag will probably not work.
> The SHA algorithm does not use a salt and is less secure than the MD5 algorithm.
> gamut@gamutgurus:~$ sudo htpasswd –c /var/www/html/htpasswd gamut1
> Usage:
> htpasswd [-cimBdpsDv] [-C cost] passwordfile username
> htpasswd -b[cmBdpsDv] [-C cost] passwordfile username password
> 
> htpasswd -n[imBdps] [-C cost] username
> htpasswd -nb[mBdps] [-C cost] username password
>  -c  Create a new file.
>  -n  Don't update file; display results on stdout.
>  -b  Use the password from the command line rather than prompting for it.
>  -i  Read password from stdin without verification (for script usage).
>  -m  Force MD5 encryption of the password (default).
>  -B  Force bcrypt encryption of the password (very secure).
>  -C  Set the computing time used for the bcrypt algorithm
>      (higher is more secure but slower, default: 5, valid: 4 to 31).
>  -d  Force CRYPT encryption of the password (8 chars max, insecure).
>  -s  Force SHA encryption of the password (insecure).
>  -p  Do not encrypt the password (plaintext, insecure).
>  -D  Delete the specified user.
>  -v  Verify password for the specified user.
> On other systems than Windows and NetWare the '-p' flag will probably not work.
> The SHA algorithm does not use a salt and is less secure than the MD5 algorithm.
> gamut@gamutgurus:~$ htpasswd –c /var/www/html/htpasswd gamut1
> Usage:
> htpasswd [-cimBdpsDv] [-C cost] passwordfile username
> htpasswd -b[cmBdpsDv] [-C cost] passwordfile username password
> 
> htpasswd -n[imBdps] [-C cost] username
> htpasswd -nb[mBdps] [-C cost] username password
>  -c  Create a new file.
>  -n  Don't update file; display results on stdout.
>  -b  Use the password from the command line rather than prompting for it.
>  -i  Read password from stdin without verification (for script usage).
>  -m  Force MD5 encryption of the password (default).
>  -B  Force bcrypt encryption of the password (very secure).
>  -C  Set the computing time used for the bcrypt algorithm
>      (higher is more secure but slower, default: 5, valid: 4 to 31).
>  -d  Force CRYPT encryption of the password (8 chars max, insecure).
>  -s  Force SHA encryption of the password (insecure).
>  -p  Do not encrypt the password (plaintext, insecure).
>  -D  Delete the specified user.
>  -v  Verify password for the specified user.
> On other systems than Windows and NetWare the '-p' flag will probably not work.
> The SHA algorithm does not use a salt and is less secure than the MD5 algorithm.
> gamut@gamutgurus:~$ htpasswd -b[cmBdpsDv] [-C cost] passwordfile gamut gamut
> htpasswd: illegal option -- [
> Usage:
> htpasswd [-cimBdpsDv] [-C cost] passwordfile username
> htpasswd -b[cmBdpsDv] [-C cost] passwordfile username password
> 
> htpasswd -n[imBdps] [-C cost] username
)> htpasswd -nb[mBdps] [-C cost] username password
>  -c  Create a new file.
>  -n  Don't update file; display results on stdout.
>  -b  Use the password from the command line rather than prompting for it.
>  -i  Read password from stdin without verification (for script usage).
>  -m  Force MD5 encryption of the password (default).
>  -B  Force bcrypt encryption of the password (very secure).
>  -C  Set the computing time used for the bcrypt algorithm
>      (higher is more secure but slower, default: 5, valid: 4 to 31).
>  -d  Force CRYPT encryption of the password (8 chars max, insecure).
>  -s  Force SHA encryption of the password (insecure).
>  -p  Do not encrypt the password (plaintext, insecure).
>  -D  Delete the specified user.
>  -v  Verify password for the specified user.
> On other systems than Windows and NetWare the '-p' flag will probably not work.
> The SHA algorithm does not use a salt and is less secure than the MD5 algorithm.
> gamut@gamutgurus:~$ htpasswd -b[gamut] [-C 5] passwordfile gamut gamut
> htpasswd: illegal option -- [
> Usage:
> htpasswd [-cimBdpsDv] [-C cost] passwordfile username
> htpasswd -b[cmBdpsDv] [-C cost] passwordfile username password
> 
> htpasswd -n[imBdps] [-C cost] username
> htpasswd -nb[mBdps] [-C cost] username password
>  -c  Create a new file.
>  -n  Don't update file; display results on stdout.
>  -b  Use the password from the command line rather than prompting for it.
>  -i  Read password from stdin without verification (for script usage).
>  -m  Force MD5 encryption of the password (default).
>  -B  Force bcrypt encryption of the password (very secure).
>  -C  Set the computing time used for the bcrypt algorithm
>      (higher is more secure but slower, default: 5, valid: 4 to 31).
>  -d  Force CRYPT encryption of the password (8 chars max, insecure).
>  -s  Force SHA encryption of the password (insecure).
>  -p  Do not encrypt the password (plaintext, insecure).
>  -D  Delete the specified user.
>  -v  Verify password for the specified user.
> On other systems than Windows and NetWare the '-p' flag will probably not work.
> The SHA algorithm does not use a salt and is less secure than the MD5 algorithm.
> gamut@gamutgurus:~$ htpasswd –c /var/www/html/htpasswd gamut1 gamut
> Usage:
> htpasswd [-cimBdpsDv] [-C cost] passwordfile username
> htpasswd -b[cmBdpsDv] [-C cost] passwordfile username password
> 
> htpasswd -n[imBdps] [-C cost] username
> htpasswd -nb[mBdps] [-C cost] username password
>  -c  Create a new file.
>  -n  Don't update file; display results on stdout.
>  -b  Use the password from the command line rather than prompting for it.
>  -i  Read password from stdin without verification (for script usage).
>  -m  Force MD5 encryption of the password (default).
>  -B  Force bcrypt encryption of the password (very secure).
>  -C  Set the computing time used for the bcrypt algorithm
>      (higher is more secure but slower, default: 5, valid: 4 to 31).
>  -d  Force CRYPT encryption of the password (8 chars max, insecure).
>  -s  Force SHA encryption of the password (insecure).
>  -p  Do not encrypt the password (plaintext, insecure).
>  -D  Delete the specified user.
>  -v  Verify password for the specified user.
> On other systems than Windows and NetWare the '-p' flag will probably not work.
> The SHA algorithm does not use a salt and is less secure than the MD5 algorithm.
> gamut@gamutgurus:~$ htpasswd –c /var/www/html/htpasswd gamut gamut
> Usage:
> htpasswd [-cimBdpsDv] [-C cost] passwordfile username
> htpasswd -b[cmBdpsDv] [-C cost] passwordfile username password
> 
> htpasswd -n[imBdps] [-C cost] username
> htpasswd -nb[mBdps] [-C cost] username password
>  -c  Create a new file.
>  -n  Don't update file; display results on stdout.
>  -b  Use the password from the command line rather than prompting for it.
>  -i  Read password from stdin without verification (for script usage).
>  -m  Force MD5 encryption of the password (default).
>  -B  Force bcrypt encryption of the password (very secure).
>  -C  Set the computing time used for the bcrypt algorithm
>      (higher is more secure but slower, default: 5, valid: 4 to 31).
>  -d  Force CRYPT encryption of the password (8 chars max, insecure).
>  -s  Force SHA encryption of the password (insecure).
>  -p  Do not encrypt the password (plaintext, insecure).
>  -D  Delete the specified user.
>  -v  Verify password for the specified user.
> On other systems than Windows and NetWare the '-p' flag will probably not work.
> The SHA algorithm does not use a salt and is less secure than the MD5 algorithm.
> gamut@gamutgurus:~$ htpasswd –nb /var/www/html/htpasswd gamut gamut
> Usage:
> htpasswd [-cimBdpsDv] [-C cost] passwordfile username
> htpasswd -b[cmBdpsDv] [-C cost] passwordfile username password
> 
> htpasswd -n[imBdps] [-C cost] username
> htpasswd -nb[mBdps] [-C cost] username password
>  -c  Create a new file.
>  -n  Don't update file; display results on stdout.
>  -b  Use the password from the command line rather than prompting for it.
>  -i  Read password from stdin without verification (for script usage).
>  -m  Force MD5 encryption of the password (default).
>  -B  Force bcrypt encryption of the password (very secure).
>  -C  Set the computing time used for the bcrypt algorithm
>      (higher is more secure but slower, default: 5, valid: 4 to 31).
>  -d  Force CRYPT encryption of the password (8 chars max, insecure).
>  -s  Force SHA encryption of the password (insecure).
>  -p  Do not encrypt the password (plaintext, insecure).
>  -D  Delete the specified user.
>  -v  Verify password for the specified user.
> On other systems than Windows and NetWare the '-p' flag will probably not work.
> The SHA algorithm does not use a salt and is less secure than the MD5 algorithm.
> gamut@gamutgurus:~$ sudo htpasswd  /var/www/html/htpasswd gamut1
> htpasswd: cannot modify file /var/www/html/htpasswd; use '-c' to create it
> gamut@gamutgurus:~$ sudo htpasswd –c /var/www/html/htpasswd gamut gamut
> Usage:
> htpasswd [-cimBdpsDv] [-C cost] passwordfile username
> htpasswd -b[cmBdpsDv] [-C cost] passwordfile username password
> 
> htpasswd -n[imBdps] [-C cost] username
> htpasswd -nb[mBdps] [-C cost] username password
>  -c  Create a new file.
>  -n  Don't update file; display results on stdout.
>  -b  Use the password from the command line rather than prompting for it.
>  -i  Read password from stdin without verification (for script usage).
>  -m  Force MD5 encryption of the password (default).
>  -B  Force bcrypt encryption of the password (very secure).
>  -C  Set the computing time used for the bcrypt algorithm
>      (higher is more secure but slower, default: 5, valid: 4 to 31).
>  -d  Force CRYPT encryption of the password (8 chars max, insecure).
>  -s  Force SHA encryption of the password (insecure).
>  -p  Do not encrypt the password (plaintext, insecure).
>  -D  Delete the specified user.
>  -v  Verify password for the specified user.
> On other systems than Windows and NetWare the '-p' flag will probably not work.
> The SHA algorithm does not use a salt and is less secure than the MD5 algorithm.
> gamut@gamutgurus:~$ sudo htpasswd –c /var/www/html/htpasswd gamut1
> Usage:
> htpasswd [-cimBdpsDv] [-C cost] passwordfile username
> htpasswd -b[cmBdpsDv] [-C cost] passwordfile username password
> 
> htpasswd -n[imBdps] [-C cost] username
> htpasswd -nb[mBdps] [-C cost] username password
>  -c  Create a new file.
>  -n  Don't update file; display results on stdout.
>  -b  Use the password from the command line rather than prompting for it.
>  -i  Read password from stdin without verification (for script usage).
>  -m  Force MD5 encryption of the password (default).
>  -B  Force bcrypt encryption of the password (very secure).
>  -C  Set the computing time used for the bcrypt algorithm
>      (higher is more secure but slower, default: 5, valid: 4 to 31).
>  -d  Force CRYPT encryption of the password (8 chars max, insecure).
>  -s  Force SHA encryption of the password (insecure).
>  -p  Do not encrypt the password (plaintext, insecure).
>  -D  Delete the specified user.
>  -v  Verify password for the specified user.
> On other systems than Windows and NetWare the '-p' flag will probably not work.
> The SHA algorithm does not use a salt and is less secure than the MD5 algorithm.
> gamut@gamutgurus:~$ sudo vim 000
> 
> [4]+  Stopped                 sudo vim 000
> gamut@gamutgurus:~$ cd /var/www/html/git
> gamut@gamutgurus:/var/www/html/git$ ls
> branches  config  description  HEAD  hooks  info  objects  refs  supriya.git
> gamut@gamutgurus:/var/www/html/git$ sudo vim config
> gamut@gamutgurus:/var/www/html/git$ cd 
> gamut@gamutgurus:~$ /etc/apache2
> bash: /etc/apache2: Is a directory
> gamut@gamutgurus:~$ cd /etc/apache2
> gamut@gamutgurus:/etc/apache2$ cd sites-enabled/
> gamut@gamutgurus:/etc/apache2/sites-enabled$ ls
> 000-default.conf
> gamut@gamutgurus:/etc/apache2/sites-enabled$ sudo vim 000-default.conf 
> gamut@gamutgurus:/etc/apache2/sites-enabled$ cd 
> gamut@gamutgurus:~$ htpasswd -c /var/www/html/htpasswd gamut1
> htpasswd: cannot create file /var/www/html/htpasswd
> gamut@gamutgurus:~$ sudo htpasswd -c /var/www/html/htpasswd gamut1
> New password: 
> Re-type new password: 
> Adding password for user gamut1
> gamut@gamutgurus:~$ sudo htpasswd /var/www/html/htpasswd gamut1
> New password: 
> Re-type new password: 
> Updating password for user gamut1
> gamut@gamutgurus:~$ service apache2 restart
> gamut@gamutgurus:~$ git clone http://192.168.31.68/supriya.git
> Cloning into 'supriya'...
> fatal: repository 'http://192.168.31.68/supriya.git/' not found
> gamut@gamutgurus:~$ git clone http://192.168.31.68/git/supriya.git
> Cloning into 'supriya'...
> Username for 'http://192.168.31.68': gamut1
> Password for 'http://gamut1@192.168.31.68': 
> warning: You appear to have cloned an empty repository.
> Checking connectivity... done.
> gamut@gamutgurus:~$ ls
> apt-transport-https  Documents         Music                       subversion
> ca-certificates      Downloads         practice                    supriya
> commercial           examples.desktop  project                     Templates
> curl                 first             project.git                 Videos
> Desktop              initial           software-properties-common
> gamut@gamutgurus:~$ cd supriya.git
> bash: cd: supriya.git: No such file or directory
> gamut@gamutgurus:~$ cd supriya
> gamut@gamutgurus:~/supriya$ ls
> gamut@gamutgurus:~/supriya$ cd ..
> gamut@gamutgurus:~$ ls
> apt-transport-https  Documents         Music                       subversion
> ca-certificates      Downloads         practice                    supriya
> commercial           examples.desktop  project                     Templates
> curl                 first             project.git                 Videos
> Desktop              initial           software-properties-common
> gamut@gamutgurus:~$ cd supriya/
> gamut@gamutgurus:~/supriya$ ls
> gamut@gamutgurus:~/supriya$ ^C
> gamut@gamutgurus:~/supriya$ ^C
> gamut@gamutgurus:~/supriya$ ^C
> gamut@gamutgurus:~/supriya$ ^C
> gamut@gamutgurus:~/supriya$ ^C
> gamut@gamutgurus:~/supriya$ ^C
> gamut@gamutgurus:~/supriya$ ^C
> gamut@gamutgurus:~/supriya$ ^C
> gamut@gamutgurus:~/supriya$ ^C
> gamut@gamutgurus:~/supriya$ ^C
> gamut@gamutgurus:~/supriya$ ^C
> gamut@gamutgurus:~/supriya$ 
> ^C
gamut@gamutgurus:~/supriya$ cd ..
gamut@gamutgurus:~$ cd /var/www/html
gamut@gamutgurus:/var/www/html$ ls
git  htpasswd  index.html
gamut@gamutgurus:/var/www/html$ cd git
gamut@gamutgurus:/var/www/html/git$ ls
branches  config  description  HEAD  hooks  info  objects  refs  supriya.git
gamut@gamutgurus:/var/www/html/git$ cd 
gamut@gamutgurus:~$ cd /etc/apache2
gamut@gamutgurus:/etc/apache2$ cd sites-enabled/
gamut@gamutgurus:/etc/apache2/sites-enabled$ ls
000-default.conf
gamut@gamutgurus:/etc/apache2/sites-enabled$ sudo vim 000-default.conf 
[sudo] password for gamut: 
Sorry, try again.
[sudo] password for gamut: 
gamut@gamutgurus:/etc/apache2/sites-enabled$ error: unknown option `bared'
gamut@gamutgurus:/etc/apache2/sites-enabled$ gamut@gamutgurus:/var/www/html/git$gamut@gamutgurus:/etc/apache2/sites-enabled$ error: unknown option `bared'
usage: git init [-q | --quiet] [--bare] [--template=<template-directory>] [--shared[=<permissions>]] [<directory>]

    --template <template-directory>
                          directory from which templates will be used
    --bare                create a bare repository
    --shared[=<permissions>]
                          specify that the git repository is to be shared amongst several users
    -q, --quiet           be quiet
    --separate-git-dir <gitdir>
                          separate git dir from working tree

gamut@gamutgurus:/var/www/html/git$ sudo git init --bare --shared
Initialized empty shared Git repository in /var/www/html/git/
gamut@gamutgurus:/var/www/html/git$ sudo git init --bare --shared supriya.git
[sudo] password for gamut: 
Initialized empty shared Git repository in /var/www/html/git/supriya.git/
gamut@gamutgurus:/var/www/html/git$ 
gamut@gamutgurus:/var/www/html/git$ 
gamut@gamutgurus:/var/www/html/git$ 
gamut@gamutgurus:/var/www/html/git$ 
gamut@gamutgurus:/var/www/html/git$ apache2.conf
gamut@gamutgurus:~/supriya$ ^C/        software-properties-common  Videostesnhm.
gamut@gamutgurus:/etc/apache2/sites-enabled$ cd
gamut@gamutgurus:~$ sudo htpasswd -c /var/www/html/htpasswd gamut1
New password: 
Re-type new password: 
Adding password for user gamut1
gamut@gamutgurus:~$ sudo htpasswd  /var/www/html/htpasswd gamut1
New password: 
Re-type new password: 
Updating password for user gamut1
gamut@gamutgurus:~$ service apache2 restart
gamut@gamutgurus:~$ service apache2 status
● apache2.service - LSB: Apache2 web server
   Loaded: loaded (/etc/init.d/apache2; bad; vendor preset: enabled)
  Drop-In: /lib/systemd/system/apache2.service.d
           └─apache2-systemd.conf
   Active: active (running) since Thu 2018-01-04 16:12:14 IST; 21s ago
     Docs: man:systemd-sysv-generator(8)
  Process: 6654 ExecStop=/etc/init.d/apache2 stop (code=exited, status=0/SUCCESS
  Process: 6678 ExecStart=/etc/init.d/apache2 start (code=exited, status=0/SUCCE
    Tasks: 56
   Memory: 6.6M
      CPU: 70ms
   CGroup: /system.slice/apache2.service
           ├─6696 /usr/sbin/apache2 -k start
           ├─6699 /usr/sbin/apache2 -k start
           ├─6700 /usr/sbin/apache2 -k start
           └─6701 /usr/sbin/apache2 -k start

Jan 04 16:12:12 gamutgurus.com systemd[1]: Stopped LSB: Apache2 web server.
Jan 04 16:12:12 gamutgurus.com systemd[1]: Starting LSB: Apache2 web server...
Jan 04 16:12:12 gamutgurus.com apache2[6678]:  * Starting Apache httpd web serve
Jan 04 16:12:14 gamutgurus.com apache2[6678]:  *
Jan 04 16:12:14 gamutgurus.com systemd[1]: Started LSB: Apache2 web server.
gamut@gamutgurus:~$ pwd
/home/gamut
gamut@gamutgurus:~$ mkdir xyz
gamut@gamutgurus:~$ cd xyz/
gamut@gamutgurus:~/xyz$ git init
Initialized empty Git repository in /home/gamut/xyz/.git/
gamut@gamutgurus:~/xyz$ git clone http://192.168.31.68/git/supriya.git
Cloning into 'supriya'...
Username for 'http://192.168.31.68': gamut1
Password for 'http://gamut1@192.168.31.68': 
warning: You appear to have cloned an empty repository.
Checking connectivity... done.
gamut@gamutgurus:~/xyz$ ls
supriya
gamut@gamutgurus:~/xyz$ cd supriya/
gamut@gamutgurus:~/xyz/supriya$ ls
gamut@gamutgurus:~/xyz/supriya$ cd
gamut@gamutgurus:~$ cd /etc/apache2
gamut@gamutgurus:/etc/apache2$ ls
apache2.conf    conf-enabled  magic           mods-enabled  sites-available
conf-available  envvars       mods-available  ports.conf    sites-enabled
gamut@gamutgurus:/etc/apache2$ cd sites-enabled/
gamut@gamutgurus:/etc/apache2/sites-enabled$ ls
000-default.conf
gamut@gamutgurus:/etc/apache2/sites-enabled$ vim 000-default.conf 
gamut@gamutgurus:/etc/apache2/sites-enabled$ gamut@gamutgurus:~$ cd /var/www/html
         directory from which templgamut@gamutgurus:~$: command not found
gamut@gamutgurus:/etc/apache2/sites-enabled$ gamut@gamutgurus:/var/www/html$ mkdir git
bash: gamut@gamutgurus:/var/www/html$: No such file or directory
gamut@gamutgurus:/etc/apache2/sites-enabled$ mkdir: cannot create directory ‘git’: Permission denied
No command 'mkdir:' found, did you mean:
 Command 'mkdir' from package 'coreutils' (main)
mkdir:: command not found
gamut@gamutgurus:/etc/apache2/sites-enabled$ gamut@gamutgurus:/var/www/html$ sudo su
bash: gamut@gamutgurus:/var/www/html$: No such file or directory
gamut@gamutgurus:/etc/apache2/sites-enabled$ [sudo] password for gamut: 
[sudo]: command not found
gamut@gamutgurus:/etc/apache2/sites-enabled$ root@gamutgurus:/var/www/html# mkdir git
bash: root@gamutgurus:/var/www/html#: No such file or directory
gamut@gamutgurus:/etc/apache2/sites-enabled$ root@gamutgurus:/var/www/html# ls
bash: root@gamutgurus:/var/www/html#: No such file or directory
gamut@gamutgurus:/etc/apache2/sites-enabled$ git  index.html
git: 'index.html' is not a git command. See 'git --help'.
gamut@gamutgurus:/etc/apache2/sites-enabled$ root@gamutgurus:/var/www/html# sudo chgrp -R www-data /var/www/html/git
bash: root@gamutgurus:/var/www/html#: No such file or directory
gamut@gamutgurus:/etc/apache2/sites-enabled$ root@gamutgurus:/var/www/html#  chgrp -R www-data /var/www/html/git
bash: root@gamutgurus:/var/www/html#: No such file or directory
gamut@gamutgurus:/etc/apache2/sites-enabled$ root@gamutgurus:/var/www/html# sudo chgrp -R www-data /var/www/html/git
bash: root@gamutgurus:/var/www/html#: No such file or directory
gamut@gamutgurus:/etc/apache2/sites-enabled$ root@gamutgurus:/var/www/html# ssh username
bash: root@gamutgurus:/var/www/html#: No such file or directory
gamut@gamutgurus:/etc/apache2/sites-enabled$ ssh: Could not resolve hostname username: No address associated with hostname
No command 'ssh:' found, did you mean:
 Command 'ssh1' from package 'openssh-client-ssh1' (universe)
 Command 'ssh' from package 'openssh-client' (main)
 Command 'sshd' from package 'openssh-server' (main)
ssh:: command not found
gamut@gamutgurus:/etc/apache2/sites-enabled$ root@gamutgurus:/var/www/html# ssh username = "gamutgurus"
bash: root@gamutgurus:/var/www/html#: No such file or directory
gamut@gamutgurus:/etc/apache2/sites-enabled$ ssh: Could not resolve hostname username: No address associated with hostname
No command 'ssh:' found, did you mean:
 Command 'ssh' from package 'openssh-client' (main)
 Command 'ssh1' from package 'openssh-client-ssh1' (universe)
 Command 'sshd' from package 'openssh-server' (main)
ssh:: command not found
gamut@gamutgurus:/etc/apache2/sites-enabled$ root@gamutgurus:/var/www/html# ls-ld webapps/
bash: root@gamutgurus:/var/www/html#: No such file or directory
gamut@gamutgurus:/etc/apache2/sites-enabled$ ls-ld: command not found
ls-ld:: command not found
gamut@gamutgurus:/etc/apache2/sites-enabled$ root@gamutgurus:/var/www/html# ls -ld webapps/
bash: root@gamutgurus:/var/www/html#: No such file or directory
gamut@gamutgurus:/etc/apache2/sites-enabled$ ls: cannot access 'webapps/': No such file or directory
No command 'ls:' found, did you mean:
 Command 'lsh' from package 'lsh-client' (universe)
 Command 'lsx' from package 'suckless-tools' (universe)
 Command 'lsw' from package 'suckless-tools' (universe)
 Command 'ls' from package 'coreutils' (main)
ls:: command not found
gamut@gamutgurus:/etc/apache2/sites-enabled$ root@gamutgurus:/var/www/html# chmod 777 -R apache2-tomcat-8.5.11
bash: root@gamutgurus:/var/www/html#: No such file or directory
gamut@gamutgurus:/etc/apache2/sites-enabled$ chmod: cannot access 'apache2-tomcat-8.5.11': No such file or directory
No command 'chmod:' found, did you mean:
 Command 'chmod' from package 'coreutils' (main)
chmod:: command not found
gamut@gamutgurus:/etc/apache2/sites-enabled$ root@gamutgurus:/var/www/html# exitbash: root@gamutgurus:/var/www/html#: No such file or directory
gamut@gamutgurus:/etc/apache2/sites-enabled$ exit
exit
There are stopped jobs.
gamut@gamutgurus:/etc/apache2/sites-enabled$ gamut@gamutgurus:/var/www/html$ ls
bash: gamut@gamutgurus:/var/www/html$: No such file or directory
gamut@gamutgurus:/etc/apache2/sites-enabled$ git  index.html
git: 'index.html' is not a git command. See 'git --help'.
gamut@gamutgurus:/etc/apache2/sites-enabled$ gamut@gamutgurus:/var/www/html$ cd gir
bash: gamut@gamutgurus:/var/www/html$: No such file or directory
gamut@gamutgurus:/etc/apache2/sites-enabled$ bash: cd: gir: No such file or directory
No command 'bash:' found, did you mean:
 Command 'bash' from package 'bash' (main)
bash:: command not found
gamut@gamutgurus:/etc/apache2/sites-enabled$ gamut@gamutgurus:/var/www/html$ cd git
bash: gamut@gamutgurus:/var/www/html$: No such file or directory
gamut@gamutgurus:/etc/apache2/sites-enabled$ gamut@gamutgurus:/var/www/html/git$  chgrp -R www-data /var/www/html/gitchgrp: changing group of '/var/www/html/git': Operation not permitted
bash: gamut@gamutgurus:/var/www/html/git$: No such file or directory
gamut@gamutgurus:/etc/apache2/sites-enabled$ gamut@gamutgurus:/var/www/html/git$ sudo chgrp -R www-data /var/www/html/git[sudo] password for gamut: 
bash: gamut@gamutgurus:/var/www/html/git$: No such file or directory
gamut@gamutgurus:/etc/apache2/sites-enabled$ gamut@gamutgurus:/var/www/html/git$ cd git
bash: gamut@gamutgurus:/var/www/html/git$: No such file or directory
gamut@gamutgurus:/etc/apache2/sites-enabled$ bash: cd: git: No such file or directory
No command 'bash:' found, did you mean:
 Command 'bash' from package 'bash' (main)
bash:: command not found
gamut@gamutgurus:/etc/apache2/sites-enabled$ gamut@gamutgurus:/var/www/html/git$ cd .
git$ vim config
bash: gamut@gamutgurus:/var/www/html/git$: No such file or directory
gamut@gamutgurus:/etc/apache2/sites-enabled$ gamut@gamutgurus:/var/www/html/git$ mkdir git
bash: gamut@gamutgurus:/var/www/html/git$: No such file or directory
gamut@gamutgurus:/etc/apache2/sites-enabled$ mkdir: cannot create directory ‘git’: Permission denied
No command 'mkdir:' found, did you mean:
 Command 'mkdir' from package 'coreutils' (main)
mkdir:: command not found
gamut@gamutgurus:/etc/apache2/sites-enabled$ gamut@gamutgurus:/var/www/html/git$ git init --bared --shared supriya.git
bash: gamut@gamutgurus:/var/www/html/git$: No such file or directory
gamut@gamutgurus:/etc/apache2/sites-enabled$ error: unknown option `bared'
> usage: git init [-q | --quiet] [--bare] [--template=<template-directory>] [--shared[=<permissions>]] [<directory>]
> 
>     --template <template-directory>
>                           directory from which templates will be used
>     --bare                create a bare repository
>     --shared[=<permissions>]
>                           specify that the git repository is to be shared amongst several users
>     -q, --quiet           be quiet
>     --separate-git-dir <gitdir>
>                           separate git dir from working tree
> 
> gamut@gamutgurus:/var/www/html/git$ mkdir supriya.git
> mkdir: cannot create directory ‘supriya.git’: Permission denied
> gamut@gamutgurus:/var/www/html/git$ git init --bared --shared supriya.git
> error: unknown option `bared'
> usage: git init [-q | --quiet] [--bare] [--template=<template-directory>] [--shared[=<permissions>]] [<directory>]
> 
>     --template <template-directory>
>                           directory from which templates will be used
>     --bare                create a bare repository
>     --shared[=<permissions>]
>                           specify that the git repository is to be shared amongst several users
>     -q, --quiet           be quiet
>     --separate-git-dir <gitdir>
>                           separate git dir from working tree
> 
> gamut@gamutgurus:/var/www/html/git$ sudo mkdir supriya.git
> gamut@gamutgurus:/var/www/html/git$ git init --bared --shared
> error: unknown option `bared'
bash: command substitution: line 1: unexpected EOF while looking for matching `''
bash: command substitution: line 17: syntax error: unexpected end of file
error:: command not found
gamut@gamutgurus:/etc/apache2/sites-enabled$ usage: git init [-q | --quiet] [--bare] [--template=<template-directory>] [--shared[=<permissions>]] [<directory>]
bash: template-directory: No such file or directory
usage:: command not found
gamut@gamutgurus:/etc/apache2/sites-enabled$ 
agamut@gamutgurus:/etc/apache2/sites-enabled$     --template <template-directorybash: syntax error near unexpected token `newline'
gamut@gamutgurus:/etc/apache2/sites-enabled$                           directory from which templates will be used
directory: command not found
gamut@gamutgurus:/etc/apache2/sites-enabled$     --bare                create a bare repository
--bare: command not found
gamut@gamutgurus:/etc/apache2/sites-enabled$     --shared[=<permissions>]
bash: permissions: No such file or directory
gamut@gamutgurus:/etc/apache2/sites-enabled$                           specify that the git repository is to be shared amongst several users
The program 'specify' is currently not installed. You can install it by typing:
sudo apt install spectacle
gamut@gamutgurus:/etc/apache2/sites-enabled$     -q, --quiet           be quiet
-q,: command not found
gamut@gamutgurus:/etc/apache2/sites-enabled$     --separate-git-dir <gitdir>
bash: syntax error near unexpected token `newline'
gamut@gamutgurus:/etc/apache2/sites-enabled$                           separate git dir from working tree
separate: command not found
gamut@gamutgurus:/etc/apache2/sites-enabled$ 
sgamut@gamutgurus:/etc/apache2/sites-enabled$ gamut@gamutgurus:/var/www/html/git sudo git init --bared --shared
bash: gamut@gamutgurus:/var/www/html/git$: No such file or directory
gamut@gamutgurus:/etc/apache2/sites-enabled$ error: unknown option `bared'
> usage: git init [-q | --quiet] [--bare] [--template=<template-directory>] [--shared[=<permissions>]] [<directory>]
> 
>     --template <template-directory>
>                           directory from which templates will be used
>     --bare                create a bare repository
i>     --shared[=<permissions>]
>                           specify that the git repository is to be shared amongst several users
>     -q, --quiet           be quiet
>     --separate-git-dir <gitdir>
>                           separate git dir from working tree
> 
> gamut@gamutgurus:/var/www/html/git$ sudo git init --bare --shared
> Initialized empty shared Git repository in /var/www/html/git/
> gamut@gamutgurus:/var/www/html/git$ sudo git init --bare --shared supriya.git
> [sudo] password for gamut: 
> Initialized empty shared Git repository in /var/www/html/git/supriya.git/
> gamut@gamutgurus:/var/www/html/git$ 
> gamut@gamutgurus:/var/www/html/git$ 
> gamut@gamutgurus:/var/www/html/git$ 
> gamut@gamutgurus:/var/www/html/git$ 
> gamut@gamutgurus:/var/www/html/git$ apache2.conf
> apache2.conf: command not found
> gamut@gamutgurus:/var/www/html/git$ cd ..
> gamut@gamutgurus:/var/www/html$ apache2.conf
> apache2.conf: command not found
> gamut@gamutgurus:/var/www/html$ cd 
> gamut@gamutgurus:~$ cd etc/apache2/sites-enabled/000-default.conf
> bash: cd: etc/apache2/sites-enabled/000-default.conf: No such file or directory
> gamut@gamutgurus:~$ sudo cd etc/apache2/sites-enabled/000-default.conf
> sudo: cd: command not found
> gamut@gamutgurus:~$ cd git
> bash: cd: git: No such file or directory
> gamut@gamutgurus:~$ cd var/www/html/git
> bash: cd: var/www/html/git: No such file or directory
> gamut@gamutgurus:~$ cd /var/www/html/git
> gamut@gamutgurus:/var/www/html/git$ ls
> branches  config  description  HEAD  hooks  info  objects  refs  supriya.git
> gamut@gamutgurus:/var/www/html/git$ vim config
> gamut@gamutgurus:/var/www/html/git$ cd supriya.git/
> gamut@gamutgurus:/var/www/html/git/supriya.git$ ls
> branches  config  description  HEAD  hooks  info  objects  refs
> gamut@gamutgurus:/var/www/html/git/supriya.git$ vim config 
> gamut@gamutgurus:/var/www/html/git/supriya.git$ cd 
> gamut@gamutgurus:~$ /etc/
> bash: /etc/: Is a directory
> gamut@gamutgurus:~$ /etc/ap
> apache2/    apparmor/   apport/     aptdaemon/  
> apm/        apparmor.d/ apt/        
> gamut@gamutgurus:~$ /etc/apache2
> bash: /etc/apache2: Is a directory
> gamut@gamutgurus:~$ cd /etc/ap
> apache2/    apparmor/   apport/     aptdaemon/  
> apm/        apparmor.d/ apt/        
n > gamut@gamutgurus:~$ cd /etc/apache2
> gamut@gamutgurus:/etc/apache2$ ls
> apache2.conf    conf-enabled  magic           mods-enabled  sites-available
> conf-available  envvars       mods-available  ports.conf    sites-enabled
> gamut@gamutgurus:/etc/apache2$ cd sites-enabled/
> gamut@gamutgurus:/etc/apache2/sites-enabled$ ls
> 000-default.conf
> gamut@gamutgurus:/etc/apache2/sites-enabled$ vim 000-default.conf 
> 
> [1]+  Stopped                 vim 000-default.conf
> gamut@gamutgurus:/etc/apache2/sites-enabled$ chmod 777 000-default.conf 
> chmod: changing permissions of '000-default.conf': Operation not permitted
> gamut@gamutgurus:/etc/apache2/sites-enabled$ chmod 755 000-default.conf 
> chmod: changing permissions of '000-default.conf': Operation not permitted
> gamut@gamutgurus:/etc/apache2/sites-enabled$ chmod -x+o 000-default.conf 
> chmod: changing permissions of '000-default.conf': Operation not permitted
> gamut@gamutgurus:/etc/apache2/sites-enabled$ vim 000-default.conf 
> 
> [2]+  Stopped                 vim 000-default.conf
> gamut@gamutgurus:/etc/apache2/sites-enabled$ sudo vim 000-default.conf 
a> [sudo] password for gamut: 
> gamut@gamutgurus:/etc/apache2/sites-enabled$ sudo vim 000-default.conf 
> gamut@gamutgurus:/etc/apache2/sites-enabled$ vim 000-default.conf 
> 
> [3]+  Stopped                 vim 000-default.conf
> gamut@gamutgurus:/etc/apache2/sites-enabled$ sudo vim 000-default.conf 
> gamut@gamutgurus:/etc/apache2/sites-enabled$ cd 
> gamut@gamutgurus:~$ htpasswd –c /var/www/html/htpasswd gamut1
> Usage:
> 000-default.conf htpasswd [-cimBdpsDv] [-C cost] passwordfile username
> 000-default.conf htpasswd -b[cmBdpsDv] [-C cost] passwordfile username password
> 
> 000-default.conf htpasswd -n[imBdps] [-C cost] username
> 000-default.conf htpasswd -nb[mBdps] [-C cost] username password
>  -c  Create a new file.
>  -n  Don't update file; display results on stdout.
>  -b  Use the password from the command line rather than prompting for it.
>  -i  Read password from stdin without verification (for script usage).
>  -m  Force MD5 encryption of the password (default).
>  -B  Force bcrypt encryption of the password (very secure).
>  -C  Set the computing time used for the bcrypt algorithm
>      (higher is more secure but slower, default: 5, valid: 4 to 31).
>  -d  Force CRYPT encryption of the password (8 chars max, insecure).
>  -s  Force SHA encryption of the password (insecure).
>  -p  Do not encrypt the password (plaintext, insecure).
>  -D  Delete the specified user.
>  -v  Verify password for the specified user.
> On other systems than Windows and NetWare the '-p' flag will probably not work.
> The SHA algorithm does not use a salt and is less secure than the MD5 algorithm.
> gamut@gamutgurus:~$ sudo htpasswd –c /var/www/html/htpasswd gamut1
> Usage:
> 000-default.conf htpasswd [-cimBdpsDv] [-C cost] passwordfile username
> 000-default.conf htpasswd -b[cmBdpsDv] [-C cost] passwordfile username password
> 
 > 000-default.conf htpasswd -n[imBdps] [-C cost] username
> 000-default.conf htpasswd -nb[mBdps] [-C cost] username password
>  -c  Create a new file.
>  -n  Don't update file; display results on stdout.
>  -b  Use the password from the command line rather than prompting for it.
>  -i  Read password from stdin without verification (for script usage).
->  -m  Force MD5 encryption of the password (default).
>  -B  Force bcrypt encryption of the password (very secure).
>  -C  Set the computing time used for the bcrypt algorithm
>      (higher is more secure but slower, default: 5, valid: 4 to 31).
>  -d  Force CRYPT encryption of the password (8 chars max, insecure).
>  -s  Force SHA encryption of the password (insecure).
>  -p  Do not encrypt the password (plaintext, insecure).
>  -D  Delete the specified user.
>  -v  Verify password for the specified user.
> On other systems than Windows and NetWare the '-p' flag will probably not work.
> The SHA algorithm does not use a salt and is less secure than the MD5 algorithm.
> gamut@gamutgurus:~$ htpasswd –c /var/www/html/htpasswd gamut1
> Usage:
> 000-default.conf htpasswd [-cimBdpsDv] [-C cost] passwordfile username
> 000-default.conf htpasswd -b[cmBdpsDv] [-C cost] passwordfile username password
> 
> 000-default.conf htpasswd -n[imBdps] [-C cost] username
> 000-default.conf htpasswd -nb[mBdps] [-C cost] username password
>  -c  Create a new file.
>  -n  Don't update file; display results on stdout.
>  -b  Use the password from the command line rather than prompting for it.
>  -i  Read password from stdin without verification (for script usage).
>  -m  Force MD5 encryption of the password (default).
>  -B  Force bcrypt encryption of the password (very secure).
>  -C  Set the computing time used for the bcrypt algorithm
>      (higher is more secure but slower, default: 5, valid: 4 to 31).
>  -d  Force CRYPT encryption of the password (8 chars max, insecure).
>  -s  Force SHA encryption of the password (insecure).
>  -p  Do not encrypt the password (plaintext, insecure).
>  -D  Delete the specified user.
>  -v  Verify password for the specified user.
> On other systems than Windows and NetWare the '-p' flag will probably not work.
> The SHA algorithm does not use a salt and is less secure than the MD5 algorithm.
> gamut@gamutgurus:~$ htpasswd -b[cmBdpsDv] [-C cost] passwordfile gamut gamut
> htpasswd: illegal option -- [
> Usage:
> 000-default.conf htpasswd [-cimBdpsDv] [-C cost] passwordfile username
> 000-default.conf htpasswd -b[cmBdpsDv] [-C cost] passwordfile username password
> 
> 000-default.conf htpasswd -n[imBdps] [-C cost] username
> 000-default.conf htpasswd -nb[mBdps] [-C cost] username password
>  -c  Create a new file.
>  -n  Don't update file; display results on stdout.
>  -b  Use the password from the command line rather than prompting for it.
>  -i  Read password from stdin without verification (for script usage).
>  -m  Force MD5 encryption of the password (default).
>  -B  Force bcrypt encryption of the password (very secure).
>  -C  Set the computing time used for the bcrypt algorithm
>      (higher is more secure but slower, default: 5, valid: 4 to 31).
>  -d  Force CRYPT encryption of the password (8 chars max, insecure).
>  -s  Force SHA encryption of the password (insecure).
>  -p  Do not encrypt the password (plaintext, insecure).
>  -D  Delete the specified user.
>  -v  Verify password for the specified user.
> On other systems than Windows and NetWare the '-p' flag will probably not work.
> The SHA algorithm does not use a salt and is less secure than the MD5 algorithm.
> gamut@gamutgurus:~$ htpasswd -b[gamut] [-C 5] passwordfile gamut gamut
> htpasswd: illegal option -- [
> Usage:
> 000-default.conf htpasswd [-cimBdpsDv] [-C cost] passwordfile username
> 000-default.conf htpasswd -b[cmBdpsDv] [-C cost] passwordfile username password
> 
> 000-default.conf htpasswd -n[imBdps] [-C cost] username
> 000-default.conf htpasswd -nb[mBdps] [-C cost] username password
>  -c  Create a new file.
>  -n  Don't update file; display results on stdout.
>  -b  Use the password from the command line rather than prompting for it.
>  -i  Read password from stdin without verification (for script usage).
>  -m  Force MD5 encryption of the password (default).
>  -B  Force bcrypt encryption of the password (very secure).
>  -C  Set the computing time used for the bcrypt algorithm
>      (higher is more secure but slower, default: 5, valid: 4 to 31).
>  -d  Force CRYPT encryption of the password (8 chars max, insecure).
>  -s  Force SHA encryption of the password (insecure).
>  -p  Do not encrypt the password (plaintext, insecure).
>  -D  Delete the specified user.
>  -v  Verify password for the specified user.
> On other systems than Windows and NetWare the '-p' flag will probably not work.
> The SHA algorithm does not use a salt and is less secure than the MD5 algorithm.
> gamut@gamutgurus:~$ htpasswd –c /var/www/html/htpasswd gamut1 gamut
> Usage:
> 000-default.conf htpasswd [-cimBdpsDv] [-C cost] passwordfile username
> 000-default.conf htpasswd -b[cmBdpsDv] [-C cost] passwordfile username password
> 
> 000-default.conf htpasswd -n[imBdps] [-C cost] username
> 000-default.conf htpasswd -nb[mBdps] [-C cost] username password
>  -c  Create a new file.
>  -n  Don't update file; display results on stdout.
>  -b  Use the password from the command line rather than prompting for it.
>  -i  Read password from stdin without verification (for script usage).
>  -m  Force MD5 encryption of the password (default).
>  -B  Force bcrypt encryption of the password (very secure).
>  -C  Set the computing time used for the bcrypt algorithm
>      (higher is more secure but slower, default: 5, valid: 4 to 31).
>  -d  Force CRYPT encryption of the password (8 chars max, insecure).
>  -s  Force SHA encryption of the password (insecure).
>  -p  Do not encrypt the password (plaintext, insecure).
>  -D  Delete the specified user.
>  -v  Verify password for the specified user.
> On other systems than Windows and NetWare the '-p' flag will probably not work.
> The SHA algorithm does not use a salt and is less secure than the MD5 algorithm.
> gamut@gamutgurus:~$ htpasswd –c /var/www/html/htpasswd gamut gamut
> Usage:
> 000-default.conf htpasswd [-cimBdpsDv] [-C cost] passwordfile username
> 000-default.conf htpasswd -b[cmBdpsDv] [-C cost] passwordfile username password
> 
> 000-default.conf htpasswd -n[imBdps] [-C cost] username
> 000-default.conf htpasswd -nb[mBdps] [-C cost] username password
>  -c  Create a new file.
>  -n  Don't update file; display results on stdout.
>  -b  Use the password from the command line rather than prompting for it.
>  -i  Read password from stdin without verification (for script usage).
>  -m  Force MD5 encryption of the password (default).
>  -B  Force bcrypt encryption of the password (very secure).
>  -C  Set the computing time used for the bcrypt algorithm
>      (higher is more secure but slower, default: 5, valid: 4 to 31).
>  -d  Force CRYPT encryption of the password (8 chars max, insecure).
>  -s  Force SHA encryption of the password (insecure).
>  -p  Do not encrypt the password (plaintext, insecure).
>  -D  Delete the specified user.
>  -v  Verify password for the specified user.
> On other systems than Windows and NetWare the '-p' flag will probably not work.
> The SHA algorithm does not use a salt and is less secure than the MD5 algorithm.
> gamut@gamutgurus:~$ htpasswd –nb /var/www/html/htpasswd gamut gamut
> Usage:
> 000-default.conf htpasswd [-cimBdpsDv] [-C cost] passwordfile username
> 000-default.conf htpasswd -b[cmBdpsDv] [-C cost] passwordfile username password
> 
> 000-default.conf htpasswd -n[imBdps] [-C cost] username
> 000-default.conf htpasswd -nb[mBdps] [-C cost] username password
>  -c  Create a new file.
>  -n  Don't update file; display results on stdout.
>  -b  Use the password from the command line rather than prompting for it.
>  -i  Read password from stdin without verification (for script usage).
>  -m  Force MD5 encryption of the password (default).
>  -B  Force bcrypt encryption of the password (very secure).
>  -C  Set the computing time used for the bcrypt algorithm
>      (higher is more secure but slower, default: 5, valid: 4 to 31).
>  -d  Force CRYPT encryption of the password (8 chars max, insecure).
>  -s  Force SHA encryption of the password (insecure).
>  -p  Do not encrypt the password (plaintext, insecure).
>  -D  Delete the specified user.
>  -v  Verify password for the specified user.
> On other systems than Windows and NetWare the '-p' flag will probably not work.
> The SHA algorithm does not use a salt and is less secure than the MD5 algorithm.
> gamut@gamutgurus:~$ sudo htpasswd  /var/www/html/htpasswd gamut1
> htpasswd: cannot modify file /var/www/html/htpasswd; use '-c' to create it
> gamut@gamutgurus:~$ sudo htpasswd –c /var/www/html/htpasswd gamut gamut
> Usage:
> 000-default.conf htpasswd [-cimBdpsDv] [-C cost] passwordfile username
> 000-default.conf htpasswd -b[cmBdpsDv] [-C cost] passwordfile username password
> 
> 000-default.conf htpasswd -n[imBdps] [-C cost] username
> 000-default.conf htpasswd -nb[mBdps] [-C cost] username password
>  -c  Create a new file.
>  -n  Don't update file; display results on stdout.
>  -b  Use the password from the command line rather than prompting for it.
>  -i  Read password from stdin without verification (for script usage).
>  -m  Force MD5 encryption of the password (default).
>  -B  Force bcrypt encryption of the password (very secure).
>  -C  Set the computing time used for the bcrypt algorithm
>      (higher is more secure but slower, default: 5, valid: 4 to 31).
>  -d  Force CRYPT encryption of the password (8 chars max, insecure).
>  -s  Force SHA encryption of the password (insecure).
>  -p  Do not encrypt the password (plaintext, insecure).
>  -D  Delete the specified user.
>  -v  Verify password for the specified user.
> On other systems than Windows and NetWare the '-p' flag will probably not work.
> The SHA algorithm does not use a salt and is less secure than the MD5 algorithm.
> gamut@gamutgurus:~$ sudo htpasswd –c /var/www/html/htpasswd gamut1
> Usage:
> 000-default.conf htpasswd [-cimBdpsDv] [-C cost] passwordfile username
> 000-default.conf htpasswd -b[cmBdpsDv] [-C cost] passwordfile username password
> 
> 000-default.conf htpasswd -n[imBdps] [-C cost] username
> 000-default.conf htpasswd -nb[mBdps] [-C cost] username password
>  -c  Create a new file.
>  -n  Don't update file; display results on stdout.
>  -b  Use the password from the command line rather than prompting for it.
>  -i  Read password from stdin without verification (for script usage).
>  -m  Force MD5 encryption of the password (default).
>  -B  Force bcrypt encryption of the password (very secure).
>  -C  Set the computing time used for the bcrypt algorithm
>      (higher is more secure but slower, default: 5, valid: 4 to 31).
>  -d  Force CRYPT encryption of the password (8 chars max, insecure).
>  -s  Force SHA encryption of the password (insecure).
>  -p  Do not encrypt the password (plaintext, insecure).
>  -D  Delete the specified user.
>  -v  Verify password for the specified user.
> On other systems than Windows and NetWare the '-p' flag will probably not work.
> The SHA algorithm does not use a salt and is less secure than the MD5 algorithm.
> gamut@gamutgurus:~$ sudo vim 000
> 
> [4]+  Stopped                 sudo vim 000
> gamut@gamutgurus:~$ cd /var/www/html/git
> gamut@gamutgurus:/var/www/html/git$ ls
> branches  config  description  HEAD  hooks  info  objects  refs  supriya.git
> gamut@gamutgurus:/var/www/html/git$ sudo vim config
> gamut@gamutgurus:/var/www/html/git$ cd 
> gamut@gamutgurus:~$ /etc/apache2
> bash: /etc/apache2: Is a directory
> gamut@gamutgurus:~$ cd /etc/apache2
> gamut@gamutgurus:/etc/apache2$ cd sites-enabled/
> gamut@gamutgurus:/etc/apache2/sites-enabled$ ls
> 000-default.conf
> gamut@gamutgurus:/etc/apache2/sites-enabled$ sudo vim 000-default.conf 
> gamut@gamutgurus:/etc/apache2/sites-enabled$ cd 
> gamut@gamutgurus:~$ htpasswd -c /var/www/html/htpasswd gamut1
> htpasswd: cannot create file /var/www/html/htpasswd
> gamut@gamutgurus:~$ sudo htpasswd -c /var/www/html/htpasswd gamut1
> New password: 
> Re-type new password: 
> Adding password for user gamut1
> gamut@gamutgurus:~$ sudo htpasswd /var/www/html/htpasswd gamut1
> New password: 
> Re-type new password: 
> Updating password for user gamut1
sito> gamut@gamutgurus:~$ service apache2 restart
> gamut@gamutgurus:~$ git clone http://192.168.31.68/supriya.git
> Cloning into 'supriya'...
> fatal: repository 'http://192.168.31.68/supriya.git/' not found
> gamut@gamutgurus:~$ git clone http://192.168.31.68/git/supriya.git
> Cloning into 'supriya'...
> Username for 'http://192.168.31.68': gamut1
> Password for 'http://gamut1@192.168.31.68': 
> warning: You appear to have cloned an empty repository.
> Checking connectivity... done.
> gamut@gamutgurus:~$ ls
> apt-transport-https  Documents         Music                       subversion
> ca-certificates      Downloads         practice                    supriya
> commercial           examples.desktop  project                     Templates
> curl                 first             project.git                 Videos
> Desktop              initial           software-properties-common
> gamut@gamutgurus:~$ cd supriya.git
> bash: cd: supriya.git: No such file or directory
> gamut@gamutgurus:~$ cd supriya
> gamut@gamutgurus:~/supriya$ ls
> gamut@gamutgurus:~/supriya$ cd ..
> gamut@gamutgurus:~$ ls
> apt-transport-https  Documents         Music                       subversion
> ca-certificates      Downloads         practice                    supriya
> commercial           examples.desktop  project                     Templates
> curl                 first             project.git                 Videos
> Desktop              initial           software-properties-common
> gamut@gamutgurus:~$ cd supriya/
> gamut@gamutgurus:~/supriya$ ls
> gamut@gamutgurus:~/supriya$ ^C
> gamut@gamutgurus:~/supriya$ ^C
> gamut@gamutgurus:~/supriya$ ^C
> gamut@gamutgurus:~/supriya$ ^C
> gamut@gamutgurus:~/supriya$ ^C
> gamut@gamutgurus:~/supriya$ ^C
> gamut@gamutgurus:~/supriya$ ^C
> gamut@gamutgurus:~/supriya$ ^C
> gamut@gamutgurus:~/supriya$ ^C
> gamut@gamutgurus:~/supriya$ ^C
> gamut@gamutgurus:~/supriya$ ^C
> gamut@gamutgurus:~/supriya$ 
> gamut@gamutgurus:~$ cd /var/www/html
> gamut@gamutgurus:/var/www/html$ mkdir git
> mkdir: cannot create directory ‘git’: Permission denied
> gamut@gamutgurus:/var/www/html$ sudo su
> [sudo] password for gamut: 
> root@gamutgurus:/var/www/html# mkdir git
> root@gamutgurus:/var/www/html# ls
> git  index.html
> root@gamutgurus:/var/www/html# sudo chgrp -R www-data /var/www/html/git
> root@gamutgurus:/var/www/html#  chgrp -R www-data /var/www/html/git
> root@gamutgurus:/var/www/html# sudo chgrp -R www-data /var/www/html/git
> root@gamutgurus:/var/www/html# ssh username
> ssh: Could not resolve hostname username: No address associated with hostname
> root@gamutgurus:/var/www/html# ssh username = "gamutgurus"
> ssh: Could not resolve hostname username: No address associated with hostname
> root@gamutgurus:/var/www/html# ls-ld webapps/
> ls-ld: command not found
> root@gamutgurus:/var/www/html# ls -ld webapps/
> ls: cannot access 'webapps/': No such file or directory
> root@gamutgurus:/var/www/html# chmod 777 -R apache2-tomcat-8.5.11
> chmod: cannot access 'apache2-tomcat-8.5.11': No such file or directory
> root@gamutgurus:/var/www/html# exit
> exit
> gamut@gamutgurus:/var/www/html$ ls
> git  index.html
> gamut@gamutgurus:/var/www/html$ cd gir
> bash: cd: gir: No such file or directory
> gamut@gamutgurus:/var/www/html$ cd git
> gamut@gamutgurus:/var/www/html/git$  chgrp -R www-data /var/www/html/gitchgrp: changing group of '/var/www/html/git': Operation not permitted
> gamut@gamutgurus:/var/www/html/git$ sudo chgrp -R www-data /var/www/html/git[sudo] password for gamut: 
> gamut@gamutgurus:/var/www/html/git$ cd git
> bash: cd: git: No such file or directory
> gamut@gamutgurus:/var/www/html/git$ cd .
> gamut@gamutgurus:/var/www/html/git$ mkdir git
> mkdir: cannot create directory ‘git’: Permission denied
> gamut@gamutgurus:/var/www/html/git$ git init --bared --shared supriya.git
> error: unknown option `bared'
> usage: git init [-q | --quiet] [--bare] [--template=<template-directory>] [--shared[=<permissions>]] [<directory>]
> 
r>     --template <template-directory>
>                           directory from which templates will be used
>     --bare                create a bare repository
>     --shared[=<permissions>]
>                           specify that the git repository is to be shared amongst several users
>     -q, --quiet           be quiet
>     --separate-git-dir <gitdir>
>                           separate git dir from working tree
> 
> gamut@gamutgurus:/var/www/html/git$ mkdir supriya.git
> mkdir: cannot create directory ‘supriya.git’: Permission denied
> gamut@gamutgurus:/var/www/html/git$ git init --bared --shared supriya.git
> error: unknown option `bared'
bash: bared
usage: git init [-q | --quiet] [--bare] [--template=<template-directory>] [--shared[=<permissions>]] [<directory>]

    --template <template-directory>
                          directory from which templates will be used
    --bare                create a bare repository
    --shared[=<permissions>]
                          specify that the git repository is to be shared amongst several users
    -q, --quiet           be quiet
    --separate-git-dir <gitdir>
                          separate git dir from working tree

gamut@gamutgurus:/var/www/html/git$ sudo git init --bare --shared
Initialized empty shared Git repository in /var/www/html/git/
gamut@gamutgurus:/var/www/html/git$ sudo git init --bare --shared supriya.git
[sudo] password for gamut: 
Initialized empty shared Git repository in /var/www/html/git/supriya.git/
gamut@gamutgurus:/var/www/html/git$ 
gamut@gamutgurus:/var/www/html/git$ 
gamut@gamutgurus:/var/www/html/git$ 
gamut@gamutgurus:/var/www/html/git$ 
gamut@gamutgurus:/var/www/html/git$ apache2.conf
apache2.conf: command not found
gamut@gamutgurus:/var/www/html/git$ cd ..
gamut@gamutgurus:/var/www/html$ apache2.conf
apache2.conf: command not found
gamut@gamutgurus:/var/www/html$ cd 
gamut@gamutgurus:~$ cd etc/apache2/sites-enabled/000-default.conf
bash: cd: etc/apache2/sites-enabled/000-default.conf: No such file or directory
gamut@gamutgurus:~$ sudo cd etc/apache2/sites-enabled/000-default.conf
sudo: cd: command not found
gamut@gamutgurus:~$ cd git
bash: cd: git: No such file or directory
gamut@gamutgurus:~$ cd var/www/html/git
bash: cd: var/www/html/git: No such file or directory
gamut@gamutgurus:~$ cd /var/www/html/git
gamut@gamutgurus:/var/www/html/git$ ls
branches  config  description  HEAD  hooks  info  objects  refs  supriya.git
gamut@gamutgurus:/var/www/html/git$ vim config
gamut@gamutgurus:/var/www/html/git$ cd supriya.git/
gamut@gamutgurus:/var/www/html/git/supriya.git$ ls
branches  config  description  HEAD  hooks  info  objects  refs
gamut@gamutgurus:/var/www/html/git/supriya.git$ vim config 
gamut@gamutgurus:/var/www/html/git/supriya.git$ cd 
gamut@gamutgurus:~$ /etc/
bash: /etc/: Is a directory
gamut@gamutgurus:~$ /etc/ap
apache2/    apparmor/   apport/     aptdaemon/  
apm/        apparmor.d/ apt/        
gamut@gamutgurus:~$ /etc/apache2
bash: /etc/apache2: Is a directory
gamut@gamutgurus:~$ cd /etc/ap
apache2/    apparmor/   apport/     aptdaemon/  
apm/        apparmor.d/ apt/        
gamut@gamutgurus:~$ cd /etc/apache2
gamut@gamutgurus:/etc/apache2$ ls
apache2.conf    conf-enabled  magic           mods-enabled  sites-available
conf-available  envvars       mods-available  ports.conf    sites-enabled
gamut@gamutgurus:/etc/apache2$ cd sites-enabled/
gamut@gamutgurus:/etc/apache2/sites-enabled$ ls
000-default.conf
gamut@gamutgurus:/etc/apache2/sites-enabled$ vim 000-default.conf 

[1]+  Stopped                 vim 000-default.conf
gamut@gamutgurus:/etc/apache2/sites-enabled$ chmod 777 000-default.conf 
chmod: changing permissions of 000-default.conf: Operation not permitted
gamut@gamutgurus:/etc/apache2/sites-enabled$ chmod 755 000-default.conf 
chmod: changing permissions of 000-default.conf: Operation not permitted
gamut@gamutgurus:/etc/apache2/sites-enabled$ chmod -x+o 000-default.conf 
chmod: changing permissions of 000-default.conf: Operation not permitted
gamut@gamutgurus:/etc/apache2/sites-enabled$ vim 000-default.conf 

[2]+  Stopped                 vim 000-default.conf
gamut@gamutgurus:/etc/apache2/sites-enabled$ sudo vim 000-default.conf 
[sudo] password for gamut: 
gamut@gamutgurus:/etc/apache2/sites-enabled$ sudo vim 000-default.conf 
gamut@gamutgurus:/etc/apache2/sites-enabled$ vim 000-default.conf 

[3]+  Stopped                 vim 000-default.conf
gamut@gamutgurus:/etc/apache2/sites-enabled$ sudo vim 000-default.conf 
gamut@gamutgurus:/etc/apache2/sites-enabled$ cd 
gamut@gamutgurus:~$ htpasswd –c /var/www/html/htpasswd gamut1
Usage:
000-default.conf htpasswd [-cimBdpsDv] [-C cost] passwordfile username
000-default.conf htpasswd -b[cmBdpsDv] [-C cost] passwordfile username password

000-default.conf htpasswd -n[imBdps] [-C cost] username
000-default.conf htpasswd -nb[mBdps] [-C cost] username password
 -c  Create a new file.
 -n  Dont: File name too long
display: unable to open image `results': No such file or directory @ error/blob.c/OpenBlob/2712.
display: no decode delegate for this image format `' @ error/constitute.c/ReadImage/501.
display: unable to open image `on': No such file or directory @ error/blob.c/OpenBlob/2712.
display: no decode delegate for this image format `' @ error/constitute.c/ReadImage/501.
display: unable to open image `stdout.': No such file or directory @ error/blob.c/OpenBlob/2712.
display: no decode delegate for this image format `' @ error/constitute.c/ReadImage/501.
-b: command not found
bash: command substitution: line 92: syntax error near unexpected token `('
bash: command substitution: line 92: ` -i  Read password from stdin without verification (for script usage).'
error:: command not found
gamut@gamutgurus:/etc/apache2/sites-enabled$ usage: git init [-q | --quiet] [--bare] [--template=<template-directory>] [--shared[=<permissions>]] [<directory>]
bash: template-directory: No such file or directory
usage:: command not found
gamut@gamutgurus:/etc/apache2/sites-enabled$ 
tgamut@gamutgurus:/etc/apache2/sites-enabled$     --template <template-directorybash: syntax error near unexpected token `newline'
gamut@gamutgurus:/etc/apache2/sites-enabled$                           directory from which templates will be used
directory: command not found
gamut@gamutgurus:/etc/apache2/sites-enabled$     --bare                create a bare repository
--bare: command not found
gamut@gamutgurus:/etc/apache2/sites-enabled$     --shared[=<permissions>]
bash: permissions: No such file or directory
gamut@gamutgurus:/etc/apache2/sites-enabled$                           specify that the git repository is to be shared amongst several users
The program 'specify' is currently not installed. You can install it by typing:
sudo apt install spectacle
gamut@gamutgurus:/etc/apache2/sites-enabled$     -q, --quiet           be quiet
-q,: command not found
gamut@gamutgurus:/etc/apache2/sites-enabled$     --separate-git-dir <gitdir>
bash: syntax error near unexpected token `newline'
gamut@gamutgurus:/etc/apache2/sites-enabled$                           separate git dir from working tree
separate: command not found
gamut@gamutgurus:/etc/apache2/sites-enabled$ 
0gamut@gamutgurus:/etc/apache2/sites-enabled$ gamut@gamutgurus:/var/www/html/git sudo mkdir supriya.git
bash: gamut@gamutgurus:/var/www/html/git$: No such file or directory
gamut@gamutgurus:/etc/apache2/sites-enabled$ gamut@gamutgurus:/var/www/html/git$ git init --bared --shared
bash: gamut@gamutgurus:/var/www/html/git$: No such file or directory
gamut@gamutgurus:/etc/apache2/sites-enabled$ error: unknown option `bared'
> usage: git init [-q | --quiet] [--bare] [--template=<template-directory>] [--shared[=<permissions>]] [<directory>]
> 
>     --template <template-directory>
>                           directory from which templates will be used
>     --bare                create a bare repository
>     --shared[=<permissions>]
>                           specify that the git repository is to be shared amongst several users
>     -q, --quiet           be quiet
>     --separate-git-dir <gitdir>
>                           separate git dir from working tree
> 
> gamut@gamutgurus:/var/www/html/git$ sudo git init --bared --shared
> error: unknown option `bared'
> usage: git init [-q | --quiet] [--bare] [--template=<template-directory>] [--shared[=<permissions>]] [<directory>]
> 
>     --template <template-directory>
>                           directory from which templates will be used
>     --bare                create a bare repository
>     --shared[=<permissions>]
>                           specify that the git repository is to be shared amongst several users
>     -q, --quiet           be quiet
>     --separate-git-dir <gitdir>
>                           separate git dir from working tree
> 
4> gamut@gamutgurus:/var/www/html/git$ sudo git init --bare --shared
> Initialized empty shared Git repository in /var/www/html/git/
> gamut@gamutgurus:/var/www/html/git$ sudo git init --bare --shared supriya.git
> [sudo] password for gamut: 
> Initialized empty shared Git repository in /var/www/html/git/supriya.git/
> gamut@gamutgurus:/var/www/html/git$ 
> gamut@gamutgurus:/var/www/html/git$ 
> gamut@gamutgurus:/var/www/html/git$ 
> gamut@gamutgurus:/var/www/html/git$ 
> gamut@gamutgurus:/var/www/html/git$ apache2.conf
> apache2.conf: command not found
> gamut@gamutgurus:/var/www/html/git$ cd ..
> gamut@gamutgurus:/var/www/html$ apache2.conf
> apache2.conf: command not found
> gamut@gamutgurus:/var/www/html$ cd 
> gamut@gamutgurus:~$ cd etc/apache2/sites-enabled/000-default.conf
> bash: cd: etc/apache2/sites-enabled/000-default.conf: No such file or directory
> gamut@gamutgurus:~$ sudo cd etc/apache2/sites-enabled/000-default.conf
> sudo: cd: command not found
> gamut@gamutgurus:~$ cd git
> bash: cd: git: No such file or directory
> gamut@gamutgurus:~$ cd var/www/html/git
> bash: cd: var/www/html/git: No such file or directory
> gamut@gamutgurus:~$ cd /var/www/html/git
> gamut@gamutgurus:/var/www/html/git$ ls
> branches  config  description  HEAD  hooks  info  objects  refs  supriya.git
> gamut@gamutgurus:/var/www/html/git$ vim config
> gamut@gamutgurus:/var/www/html/git$ cd supriya.git/
> gamut@gamutgurus:/var/www/html/git/supriya.git$ ls
> branches  config  description  HEAD  hooks  info  objects  refs
> gamut@gamutgurus:/var/www/html/git/supriya.git$ vim config 
> gamut@gamutgurus:/var/www/html/git/supriya.git$ cd 
> gamut@gamutgurus:~$ /etc/
> bash: /etc/: Is a directory
> gamut@gamutgurus:~$ /etc/ap
> apache2/    apparmor/   apport/     aptdaemon/  
> apm/        apparmor.d/ apt/        
> gamut@gamutgurus:~$ /etc/apache2
> bash: /etc/apache2: Is a directory
> gamut@gamutgurus:~$ cd /etc/ap
> apache2/    apparmor/   apport/     aptdaemon/  
> apm/        apparmor.d/ apt/        
> gamut@gamutgurus:~$ cd /etc/apache2
> gamut@gamutgurus:/etc/apache2$ ls
> apache2.conf    conf-enabled  magic           mods-enabled  sites-available
> conf-available  envvars       mods-available  ports.conf    sites-enabled
> gamut@gamutgurus:/etc/apache2$ cd sites-enabled/
> gamut@gamutgurus:/etc/apache2/sites-enabled$ ls
> 000-default.conf
> gamut@gamutgurus:/etc/apache2/sites-enabled$ vim 000-default.conf 
> 
c> [1]+  Stopped                 vim 000-default.conf
> gamut@gamutgurus:/etc/apache2/sites-enabled$ chmod 777 000-default.conf 
> chmod: changing permissions of '000-default.conf': Operation not permitted
> gamut@gamutgurus:/etc/apache2/sites-enabled$ chmod 755 000-default.conf 
> chmod: changing permissions of '000-default.conf': Operation not permitted
> gamut@gamutgurus:/etc/apache2/sites-enabled$ chmod -x+o 000-default.conf 
> chmod: changing permissions of '000-default.conf': Operation not permitted
> gamut@gamutgurus:/etc/apache2/sites-enabled$ vim 000-default.conf 
> 
> [2]+  Stopped                 vim 000-default.conf
> gamut@gamutgurus:/etc/apache2/sites-enabled$ sudo vim 000-default.conf 
> [sudo] password for gamut: 
> gamut@gamutgurus:/etc/apache2/sites-enabled$ sudo vim 000-default.conf 
> gamut@gamutgurus:/etc/apache2/sites-enabled$ vim 000-default.conf 
> 
> [3]+  Stopped                 vim 000-default.conf
> gamut@gamutgurus:/etc/apache2/sites-enabled$ sudo vim 000-default.conf 
> gamut@gamutgurus:/etc/apache2/sites-enabled$ cd 
> gamut@gamutgurus:~$ htpasswd –c /var/www/html/htpasswd gamut1
> Usage:
> 000-default.conf htpasswd [-cimBdpsDv] [-C cost] passwordfile username
> 000-default.conf htpasswd -b[cmBdpsDv] [-C cost] passwordfile username password
> 
> 000-default.conf htpasswd -n[imBdps] [-C cost] username
> 000-default.conf htpasswd -nb[mBdps] [-C cost] username password
>  -c  Create a new file.
>  -n  Don't update file; display results on stdout.
bash: command substitution: line 1: unexpected EOF while looking for matching `''
bash: command substitution: line 15: syntax error: unexpected end of file
error:: command not found
display: unable to open image `results': No such file or directory @ error/blob.c/OpenBlob/2712.
display: no decode delegate for this image format `' @ error/constitute.c/ReadImage/501.
display: unable to open image `on': No such file or directory @ error/blob.c/OpenBlob/2712.
display: no decode delegate for this image format `' @ error/constitute.c/ReadImage/501.
display: unable to open image `stdout.': No such file or directory @ error/blob.c/OpenBlob/2712.
display: no decode delegate for this image format `' @ error/constitute.c/ReadImage/501.
gamut@gamutgurus:/etc/apache2/sites-enabled$  -b  Use the password from the command line rather than prompting for it.
-b: command not found
gamut@gamutgurus:/etc/apache2/sites-enabled$  -i  Read password from stdin without verification (for script usage).
bash: syntax error near unexpected token `('
gamut@gamutgurus:/etc/apache2/sites-enabled$  -m  Force MD5 encryption of the password (default).
bash: syntax error near unexpected token `('
gamut@gamutgurus:/etc/apache2/sites-enabled$  -B  Force bcrypt encryption of the password (very secure).
bash: syntax error near unexpected token `('
gamut@gamutgurus:/etc/apache2/sites-enabled$  -C  Set the computing time used for the bcrypt algorithm
-C: command not found
gamut@gamutgurus:/etc/apache2/sites-enabled$      (higher is more secure but slower, default: 5, valid: 4 to 31).
bash: syntax error near unexpected token `.'
gamut@gamutgurus:/etc/apache2/sites-enabled$  -d  Force CRYPT encryption of the password (8 chars max, insecure).
bash: syntax error near unexpected token `('
gamut@gamutgurus:/etc/apache2/sites-enabled$  -s  Force SHA encryption of the password (insecure).
bash: syntax error near unexpected token `('
gamut@gamutgurus:/etc/apache2/sites-enabled$  -p  Do not encrypt the password (plaintext, insecure).
bash: syntax error near unexpected token `('
gamut@gamutgurus:/etc/apache2/sites-enabled$  -D  Delete the specified user.
-D: command not found
gamut@gamutgurus:/etc/apache2/sites-enabled$  -v  Verify password for the specified user.
-v: command not found
gamut@gamutgurus:/etc/apache2/sites-enabled$ On other systems than Windows and NetWare the '-p' flag will probably not work.
On: command not found
gamut@gamutgurus:/etc/apache2/sites-enabled$ The SHA algorithm does not use a salt and is less secure than the MD5 algorithm.
No command 'The' found, did you mean:
 Command 'the' from package 'the' (universe)
The: command not found
gamut@gamutgurus:/etc/apache2/sites-enabled$ gamut@gamutgurus:~$ sudo htpasswd –c /var/www/html/htpasswd gamut1
gamut@gamutgurus:~$: command not found
gamut@gamutgurus:/etc/apache2/sites-enabled$ Usage:
Usage:: command not found
gamut@gamutgurus:/etc/apache2/sites-enabled$ htpasswd [-cimBdpsDv] [-C cost] passwordfile username
Usage:
	htpasswd [-cimBdpsDv] [-C cost] passwordfile username
	htpasswd -b[cmBdpsDv] [-C cost] passwordfile username password

	htpasswd -n[imBdps] [-C cost] username
	htpasswd -nb[mBdps] [-C cost] username password
 -c  Create a new file.
 -n  Don't update file; display results on stdout.
 -b  Use the password from the command line rather than prompting for it.
 -i  Read password from stdin without verification (for script usage).
 -m  Force MD5 encryption of the password (default).
 -B  Force bcrypt encryption of the password (very secure).
 -C  Set the computing time used for the bcrypt algorithm
     (higher is more secure but slower, default: 5, valid: 4 to 31).
 -d  Force CRYPT encryption of the password (8 chars max, insecure).
 -s  Force SHA encryption of the password (insecure).
 -p  Do not encrypt the password (plaintext, insecure).
 -D  Delete the specified user.
 -v  Verify password for the specified user.
On other systems than Windows and NetWare the '-p' flag will probably not work.
The SHA algorithm does not use a salt and is less secure than the MD5 algorithm.
gamut@gamutgurus:/etc/apache2/sites-enabled$ htpasswd -b[cmBdpsDv] [-C cost] passwordfile username password
htpasswd: illegal option -- [
Usage:
	htpasswd [-cimBdpsDv] [-C cost] passwordfile username
	htpasswd -b[cmBdpsDv] [-C cost] passwordfile username password

	htpasswd -n[imBdps] [-C cost] username
	htpasswd -nb[mBdps] [-C cost] username password
 -c  Create a new file.
 -n  Don't update file; display results on stdout.
 -b  Use the password from the command line rather than prompting for it.
 -i  Read password from stdin without verification (for script usage).
 -m  Force MD5 encryption of the password (default).
 -B  Force bcrypt encryption of the password (very secure).
 -C  Set the computing time used for the bcrypt algorithm
     (higher is more secure but slower, default: 5, valid: 4 to 31).
 -d  Force CRYPT encryption of the password (8 chars max, insecure).
 -s  Force SHA encryption of the password (insecure).
 -p  Do not encrypt the password (plaintext, insecure).
 -D  Delete the specified user.
 -v  Verify password for the specified user.
On other systems than Windows and NetWare the '-p' flag will probably not work.
The SHA algorithm does not use a salt and is less secure than the MD5 algorithm.
gamut@gamutgurus:/etc/apache2/sites-enabled$ 
 gamut@gamutgurus:/etc/apache2/sites-enabled$ htpasswd -n[imBdps] [-C cost] userame
htpasswd: illegal option -- [
Usage:
	htpasswd [-cimBdpsDv] [-C cost] passwordfile username
	htpasswd -b[cmBdpsDv] [-C cost] passwordfile username password

	htpasswd -n[imBdps] [-C cost] username
	htpasswd -nb[mBdps] [-C cost] username password
 -c  Create a new file.
 -n  Don't update file; display results on stdout.
 -b  Use the password from the command line rather than prompting for it.
 -i  Read password from stdin without verification (for script usage).
 -m  Force MD5 encryption of the password (default).
 -B  Force bcrypt encryption of the password (very secure).
 -C  Set the computing time used for the bcrypt algorithm
     (higher is more secure but slower, default: 5, valid: 4 to 31).
 -d  Force CRYPT encryption of the password (8 chars max, insecure).
 -s  Force SHA encryption of the password (insecure).
 -p  Do not encrypt the password (plaintext, insecure).
 -D  Delete the specified user.
 -v  Verify password for the specified user.
On other systems than Windows and NetWare the '-p' flag will probably not work.
The SHA algorithm does not use a salt and is less secure than the MD5 algorithm.
gamut@gamutgurus:/etc/apache2/sites-enabled$ htpasswd -nb[mBdps] [-C cost] username password
htpasswd: illegal option -- [
Usage:
	htpasswd [-cimBdpsDv] [-C cost] passwordfile username
	htpasswd -b[cmBdpsDv] [-C cost] passwordfile username password

	htpasswd -n[imBdps] [-C cost] username
	htpasswd -nb[mBdps] [-C cost] username password
 -c  Create a new file.
 -n  Don't update file; display results on stdout.
 -b  Use the password from the command line rather than prompting for it.
 -i  Read password from stdin without verification (for script usage).
 -m  Force MD5 encryption of the password (default).
 -B  Force bcrypt encryption of the password (very secure).
 -C  Set the computing time used for the bcrypt algorithm
     (higher is more secure but slower, default: 5, valid: 4 to 31).
 -d  Force CRYPT encryption of the password (8 chars max, insecure).
 -s  Force SHA encryption of the password (insecure).
 -p  Do not encrypt the password (plaintext, insecure).
 -D  Delete the specified user.
 -v  Verify password for the specified user.
On other systems than Windows and NetWare the '-p' flag will probably not work.
The SHA algorithm does not use a salt and is less secure than the MD5 algorithm.
gamut@gamutgurus:/etc/apache2/sites-enabled$  -c  Create a new file.
-c: command not found
gamut@gamutgurus:/etc/apache2/sites-enabled$  -n  Don't update file; display results on stdout.
>  -b  Use the password from the command line rather than prompting for it.
>  -i  Read password from stdin without verification (for script usage).
>  -m  Force MD5 encryption of the password (default).
>  -B  Force bcrypt encryption of the password (very secure).
>  -C  Set the computing time used for the bcrypt algorithm
>      (higher is more secure but slower, default: 5, valid: 4 to 31).
>  -d  Force CRYPT encryption of the password (8 chars max, insecure).
>  -s  Force SHA encryption of the password (insecure).
>  -p  Do not encrypt the password (plaintext, insecure).
>  -D  Delete the specified user.
>  -v  Verify password for the specified user.
> On other systems than Windows and NetWare the '-p' flag will probably not work.
> The SHA algorithm does not use a salt and is less secure than the MD5 algorithm.
> gamut@gamutgurus:~$ htpasswd –c /var/www/html/htpasswd gamut1
> Usage:
> 000-default.conf htpasswd [-cimBdpsDv] [-C cost] passwordfile username
> 000-default.conf htpasswd -b[cmBdpsDv] [-C cost] passwordfile username password
> 
> 000-default.conf htpasswd -n[imBdps] [-C cost] username
> 000-default.conf htpasswd -nb[mBdps] [-C cost] username password
>  -c  Create a new file.
>  -n  Don't update file; display results on stdout.
-n: command not found
display: unable to open image `results': No such file or directory @ error/blob.c/OpenBlob/2712.
display: no decode delegate for this image format `' @ error/constitute.c/ReadImage/501.
display: unable to open image `on': No such file or directory @ error/blob.c/OpenBlob/2712.
display: no decode delegate for this image format `' @ error/constitute.c/ReadImage/501.
display: unable to open image `stdout.': No such file or directory @ error/blob.c/OpenBlob/2712.
display: no decode delegate for this image format `' @ error/constitute.c/ReadImage/501.
gamut@gamutgurus:/etc/apache2/sites-enabled$  -b  Use the password from the command line rather than prompting for it.
-b: command not found
gamut@gamutgurus:/etc/apache2/sites-enabled$  -i  Read password from stdin without verification (for script usage).
bash: syntax error near unexpected token `('
gamut@gamutgurus:/etc/apache2/sites-enabled$  -m  Force MD5 encryption of the password (default).
bash: syntax error near unexpected token `('
gamut@gamutgurus:/etc/apache2/sites-enabled$  -B  Force bcrypt encryption of the password (very secure).
bash: syntax error near unexpected token `('
gamut@gamutgurus:/etc/apache2/sites-enabled$  -C  Set the computing time used for the bcrypt algorithm
-C: command not found
gamut@gamutgurus:/etc/apache2/sites-enabled$      (higher is more secure but slower, default: 5, valid: 4 to 31).
bash: syntax error near unexpected token `.'
gamut@gamutgurus:/etc/apache2/sites-enabled$  -d  Force CRYPT encryption of the password (8 chars max, insecure).
bash: syntax error near unexpected token `('
gamut@gamutgurus:/etc/apache2/sites-enabled$  -s  Force SHA encryption of the password (insecure).
bash: syntax error near unexpected token `('
gamut@gamutgurus:/etc/apache2/sites-enabled$  -p  Do not encrypt the password (plaintext, insecure).
ssword
 -c  Create a nbash: syntax error near unexpected token `('
gamut@gamutgurus:/etc/apache2/sites-enabled$  -D  Delete the specified user.
-D: command not found
gamut@gamutgurus:/etc/apache2/sites-enabled$  -v  Verify password for the specified user.
-v: command not found
gamut@gamutgurus:/etc/apache2/sites-enabled$ On other systems than Windows and NetWare the '-p' flag will probably not work.
mOn: command not found
gamut@gamutgurus:/etc/apache2/sites-enabled$ The SHA algorithm does not use a salt and is less secure than the MD5 algorithm.
No command 'The' found, did you mean:
 Command 'the' from package 'the' (universe)
The: command not found
gamut@gamutgurus:/etc/apache2/sites-enabled$ gamut@gamutgurus:~$ htpasswd -b[cmBdpsDv] [-C cost] passwordfile gamut gamut
gamut@gamutgurus:~$: command not found
gamut@gamutgurus:/etc/apache2/sites-enabled$ htpasswd: illegal option -- [
No command 'htpasswd:' found, did you mean:
 Command 'htpasswd' from package 'apache2-utils' (main)
htpasswd:: command not found
gamut@gamutgurus:/etc/apache2/sites-enabled$ Usage:
Usage:: command not found
gamut@gamutgurus:/etc/apache2/sites-enabled$ htpasswd [-cimBdpsDv] [-C cost] passwordfile username
Usage:
	htpasswd [-cimBdpsDv] [-C cost] passwordfile username
	htpasswd -b[cmBdpsDv] [-C cost] passwordfile username password

	htpasswd -n[imBdps] [-C cost] username
	htpasswd -nb[mBdps] [-C cost] username password
 -c  Create a new file.
 -n  Don't update file; display results on stdout.
 -b  Use the password from the command line rather than prompting for it.
 -i  Read password from stdin without verification (for script usage).
 -m  Force MD5 encryption of the password (default).
 -B  Force bcrypt encryption of the password (very secure).
 -C  Set the computing time used for the bcrypt algorithm
     (higher is more secure but slower, default: 5, valid: 4 to 31).
 -d  Force CRYPT encryption of the password (8 chars max, insecure).
 -s  Force SHA encryption of the password (insecure).
 -p  Do not encrypt the password (plaintext, insecure).
 -D  Delete the specified user.
 -v  Verify password for the specified user.
On other systems than Windows and NetWare the '-p' flag will probably not work.
The SHA algorithm does not use a salt and is less secure than the MD5 algorithm.
gamut@gamutgurus:/etc/apache2/sites-enabled$ htpasswd -b[cmBdpsDv] [-C cost] passwordfile username password
htpasswd: illegal option -- [
Usage:
	htpasswd [-cimBdpsDv] [-C cost] passwordfile username
	htpasswd -b[cmBdpsDv] [-C cost] passwordfile username password

	htpasswd -n[imBdps] [-C cost] username
	htpasswd -nb[mBdps] [-C cost] username password
 -c  Create a new file.
 -n  Don't update file; display results on stdout.
 -b  Use the password from the command line rather than prompting for it.
 -i  Read password from stdin without verification (for script usage).
 -m  Force MD5 encryption of the password (default).
 -B  Force bcrypt encryption of the password (very secure).
 -C  Set the computing time used for the bcrypt algorithm
     (higher is more secure but slower, default: 5, valid: 4 to 31).
 -d  Force CRYPT encryption of the password (8 chars max, insecure).
 -s  Force SHA encryption of the password (insecure).
 -p  Do not encrypt the password (plaintext, insecure).
 -D  Delete the specified user.
 -v  Verify password for the specified user.
On other systems than Windows and NetWare the '-p' flag will probably not work.
The SHA algorithm does not use a salt and is less secure than the MD5 algorithm.
gamut@gamutgurus:/etc/apache2/sites-enabled$ 
gamut@gamutgurus:/etc/apache2/sites-enabled$ htpasswd -n[imBdps] [-C cost] username
htpasswd: illegal option -- [
Usage:
	htpasswd [-cimBdpsDv] [-C cost] passwordfile username
	htpasswd -b[cmBdpsDv] [-C cost] passwordfile username password

	htpasswd -n[imBdps] [-C cost] username
	htpasswd -nb[mBdps] [-C cost] username password
 -c  Create a new file.
 -n  Don't update file; display results on stdout.
 -b  Use the password from the command line rather than prompting for it.
 -i  Read password from stdin without verification (for script usage).
 -m  Force MD5 encryption of the password (default).
 -B  Force bcrypt encryption of the password (very secure).
 -C  Set the computing time used for the bcrypt algorithm
     (higher is more secure but slower, default: 5, valid: 4 to 31).
 -d  Force CRYPT encryption of the password (8 chars max, insecure).
 -s  Force SHA encryption of the password (insecure).
 -p  Do not encrypt the password (plaintext, insecure).
 -D  Delete the specified user.
 -v  Verify password for the specified user.
On other systems than Windows and NetWare the '-p' flag will probably not work.
The SHA algorithm does not use a salt and is less secure than the MD5 algorithm.
gamut@gamutgurus:/etc/apache2/sites-enabled$ htpasswd -nb[mBdps] [-C cost] username password
htpasswd: illegal option -- [
Usage:
	htpasswd [-cimBdpsDv] [-C cost] passwordfile username
	htpasswd -b[cmBdpsDv] [-C cost] passwordfile username password

	htpasswd -n[imBdps] [-C cost] username
	htpasswd -nb[mBdps] [-C cost] username password
 -c  Create a new file.
 -n  Don't update file; display results on stdout.
 -b  Use the password from the command line rather than prompting for it.
 -i  Read password from stdin without verification (for script usage).
 -m  Force MD5 encryption of the password (default).
 -B  Force bcrypt encryption of the password (very secure).
 -C  Set the computing time used for the bcrypt algorithm
     (higher is more secure but slower, default: 5, valid: 4 to 31).
 -d  Force CRYPT encryption of the password (8 chars max, insecure).
 -s  Force SHA encryption of the password (insecure).
 -p  Do not encrypt the password (plaintext, insecure).
 -D  Delete the specified user.
 -v  Verify password for the specified user.
On other systems than Windows and NetWare the '-p' flag will probably not work.
The SHA algorithm does not use a salt and is less secure than the MD5 algorithm.
gamut@gamutgurus:/etc/apache2/sites-enabled$  -c  Create a new file.
-c: command not found
gamut@gamutgurus:/etc/apache2/sites-enabled$  -n  Don't update file; display results on stdout.
>  -b  Use the password from the command line rather than prompting for it.
>  -i  Read password from stdin without verification (for script usage).
>  -m  Force MD5 encryption of the password (default).
>  -B  Force bcrypt encryption of the password (very secure).
>  -C  Set the computing time used for the bcrypt algorithm
>      (higher is more secure but slower, default: 5, valid: 4 to 31).
>  -d  Force CRYPT encryption of the password (8 chars max, insecure).
>  -s  Force SHA encryption of the password (insecure).
>  -p  Do not encrypt the password (plaintext, insecure).
>  -D  Delete the specified user.
>  -v  Verify password for the specified user.
> On other systems than Windows and NetWare the '-p' flag will probably not work.
> The SHA algorithm does not use a salt and is less secure than the MD5 algorithm.
> gamut@gamutgurus:~$ htpasswd -b[gamut] [-C 5] passwordfile gamut gamut
> htpasswd: illegal option -- [
> Usage:
> 000-default.conf htpasswd [-cimBdpsDv] [-C cost] passwordfile username
> 000-default.conf htpasswd -b[cmBdpsDv] [-C cost] passwordfile username password
> 
> 000-default.conf htpasswd -n[imBdps] [-C cost] username
> 000-default.conf htpasswd -nb[mBdps] [-C cost] username password
>  -c  Create a new file.
>  -n  Don't update file; display results on stdout.
-n: command not found
display: unable to open image `results': No such file or directory @ error/blob.c/OpenBlob/2712.
display: no decode delegate for this image format `' @ error/constitute.c/ReadImage/501.
display: unable to open image `on': No such file or directory @ error/blob.c/OpenBlob/2712.
display: no decode delegate for this image format `' @ error/constitute.c/ReadImage/501.
display: unable to open image `stdout.': No such file or directory @ error/blob.c/OpenBlob/2712.
display: no decode delegate for this image format `' @ error/constitute.c/ReadImage/501.`:q

